Archive member included to satisfy reference by file (symbol)

c:/altera/15.0/nios2eds/bin/gnu/h-x86_64-mingw32/bin/../lib/gcc/nios2-elf/4.9.1/mno-hw-mul\libgcc.a(lib2-divmod.o)
                              obj/default/main.o (__modsi3)
c:/altera/15.0/nios2eds/bin/gnu/h-x86_64-mingw32/bin/../lib/gcc/nios2-elf/4.9.1/../../../../../H-x86_64-mingw32/nios2-elf/lib/mno-hw-mul\libc.a(lib_a-malloc.o)
                              obj/default/main.o (malloc)
c:/altera/15.0/nios2eds/bin/gnu/h-x86_64-mingw32/bin/../lib/gcc/nios2-elf/4.9.1/../../../../../H-x86_64-mingw32/nios2-elf/lib/mno-hw-mul\libc.a(lib_a-mallocr.o)
                              c:/altera/15.0/nios2eds/bin/gnu/h-x86_64-mingw32/bin/../lib/gcc/nios2-elf/4.9.1/../../../../../H-x86_64-mingw32/nios2-elf/lib/mno-hw-mul\libc.a(lib_a-malloc.o) (_malloc_r)
c:/altera/15.0/nios2eds/bin/gnu/h-x86_64-mingw32/bin/../lib/gcc/nios2-elf/4.9.1/../../../../../H-x86_64-mingw32/nios2-elf/lib/mno-hw-mul\libc.a(lib_a-printf.o)
                              obj/default/keyboard_functions.o (printf)
c:/altera/15.0/nios2eds/bin/gnu/h-x86_64-mingw32/bin/../lib/gcc/nios2-elf/4.9.1/../../../../../H-x86_64-mingw32/nios2-elf/lib/mno-hw-mul\libc.a(lib_a-puts.o)
                              obj/default/keyboard_functions.o (puts)
c:/altera/15.0/nios2eds/bin/gnu/h-x86_64-mingw32/bin/../lib/gcc/nios2-elf/4.9.1/../../../../../H-x86_64-mingw32/nios2-elf/lib/mno-hw-mul\libc.a(lib_a-rand.o)
                              obj/default/main.o (rand)
c:/altera/15.0/nios2eds/bin/gnu/h-x86_64-mingw32/bin/../lib/gcc/nios2-elf/4.9.1/../../../../../H-x86_64-mingw32/nios2-elf/lib/mno-hw-mul\libc.a(lib_a-sbrkr.o)
                              c:/altera/15.0/nios2eds/bin/gnu/h-x86_64-mingw32/bin/../lib/gcc/nios2-elf/4.9.1/../../../../../H-x86_64-mingw32/nios2-elf/lib/mno-hw-mul\libc.a(lib_a-mallocr.o) (_sbrk_r)
c:/altera/15.0/nios2eds/bin/gnu/h-x86_64-mingw32/bin/../lib/gcc/nios2-elf/4.9.1/../../../../../H-x86_64-mingw32/nios2-elf/lib/mno-hw-mul\libc.a(lib_a-strlen.o)
                              c:/altera/15.0/nios2eds/bin/gnu/h-x86_64-mingw32/bin/../lib/gcc/nios2-elf/4.9.1/../../../../../H-x86_64-mingw32/nios2-elf/lib/mno-hw-mul\libc.a(lib_a-puts.o) (strlen)
c:/altera/15.0/nios2eds/bin/gnu/h-x86_64-mingw32/bin/../lib/gcc/nios2-elf/4.9.1/../../../../../H-x86_64-mingw32/nios2-elf/lib/mno-hw-mul\libc.a(lib_a-vfprintf.o)
                              c:/altera/15.0/nios2eds/bin/gnu/h-x86_64-mingw32/bin/../lib/gcc/nios2-elf/4.9.1/../../../../../H-x86_64-mingw32/nios2-elf/lib/mno-hw-mul\libc.a(lib_a-printf.o) (___vfprintf_internal_r)
c:/altera/15.0/nios2eds/bin/gnu/h-x86_64-mingw32/bin/../lib/gcc/nios2-elf/4.9.1/../../../../../H-x86_64-mingw32/nios2-elf/lib/mno-hw-mul\libc.a(lib_a-wsetup.o)
                              c:/altera/15.0/nios2eds/bin/gnu/h-x86_64-mingw32/bin/../lib/gcc/nios2-elf/4.9.1/../../../../../H-x86_64-mingw32/nios2-elf/lib/mno-hw-mul\libc.a(lib_a-vfprintf.o) (__swsetup_r)
c:/altera/15.0/nios2eds/bin/gnu/h-x86_64-mingw32/bin/../lib/gcc/nios2-elf/4.9.1/../../../../../H-x86_64-mingw32/nios2-elf/lib/mno-hw-mul\libc.a(lib_a-dtoa.o)
                              c:/altera/15.0/nios2eds/bin/gnu/h-x86_64-mingw32/bin/../lib/gcc/nios2-elf/4.9.1/../../../../../H-x86_64-mingw32/nios2-elf/lib/mno-hw-mul\libc.a(lib_a-vfprintf.o) (_dtoa_r)
c:/altera/15.0/nios2eds/bin/gnu/h-x86_64-mingw32/bin/../lib/gcc/nios2-elf/4.9.1/../../../../../H-x86_64-mingw32/nios2-elf/lib/mno-hw-mul\libc.a(lib_a-fflush.o)
                              c:/altera/15.0/nios2eds/bin/gnu/h-x86_64-mingw32/bin/../lib/gcc/nios2-elf/4.9.1/../../../../../H-x86_64-mingw32/nios2-elf/lib/mno-hw-mul\libc.a(lib_a-vfprintf.o) (_fflush_r)
c:/altera/15.0/nios2eds/bin/gnu/h-x86_64-mingw32/bin/../lib/gcc/nios2-elf/4.9.1/../../../../../H-x86_64-mingw32/nios2-elf/lib/mno-hw-mul\libc.a(lib_a-findfp.o)
                              c:/altera/15.0/nios2eds/bin/gnu/h-x86_64-mingw32/bin/../lib/gcc/nios2-elf/4.9.1/../../../../../H-x86_64-mingw32/nios2-elf/lib/mno-hw-mul\libc.a(lib_a-vfprintf.o) (__sinit)
c:/altera/15.0/nios2eds/bin/gnu/h-x86_64-mingw32/bin/../lib/gcc/nios2-elf/4.9.1/../../../../../H-x86_64-mingw32/nios2-elf/lib/mno-hw-mul\libc.a(lib_a-freer.o)
                              c:/altera/15.0/nios2eds/bin/gnu/h-x86_64-mingw32/bin/../lib/gcc/nios2-elf/4.9.1/../../../../../H-x86_64-mingw32/nios2-elf/lib/mno-hw-mul\libc.a(lib_a-malloc.o) (_free_r)
c:/altera/15.0/nios2eds/bin/gnu/h-x86_64-mingw32/bin/../lib/gcc/nios2-elf/4.9.1/../../../../../H-x86_64-mingw32/nios2-elf/lib/mno-hw-mul\libc.a(lib_a-fvwrite.o)
                              c:/altera/15.0/nios2eds/bin/gnu/h-x86_64-mingw32/bin/../lib/gcc/nios2-elf/4.9.1/../../../../../H-x86_64-mingw32/nios2-elf/lib/mno-hw-mul\libc.a(lib_a-puts.o) (__sfvwrite_r)
c:/altera/15.0/nios2eds/bin/gnu/h-x86_64-mingw32/bin/../lib/gcc/nios2-elf/4.9.1/../../../../../H-x86_64-mingw32/nios2-elf/lib/mno-hw-mul\libc.a(lib_a-fwalk.o)
[...]
Memory Configuration

Name             Origin             Length             Attributes
reset            0x0000000000000000 0x0000000000000020
onchip_memory2_0 0x0000000000000020 0x0000000000055710
*default*        0x0000000000000000 0xffffffffffffffff

Linker script and memory map

LOAD ../Final_Project_Code_bsp//obj/HAL/src/crt0.o
LOAD obj/default/io_handler.o
LOAD obj/default/keyboard_functions.o
LOAD obj/default/main.o
LOAD obj/default/play_game.o
LOAD obj/default/usb.o
LOAD c:/altera/15.0/nios2eds/bin/gnu/h-x86_64-mingw32/bin/../lib/gcc/nios2-elf/4.9.1/../../../../../H-x86_64-mingw32/nios2-elf/lib/mno-hw-mul\libstdc++.a
LOAD c:/altera/15.0/nios2eds/bin/gnu/h-x86_64-mingw32/bin/../lib/gcc/nios2-elf/4.9.1/../../../../../H-x86_64-mingw32/nios2-elf/lib/mno-hw-mul\libm.a
LOAD c:/altera/15.0/nios2eds/bin/gnu/h-x86_64-mingw32/bin/../lib/gcc/nios2-elf/4.9.1/mno-hw-mul\libgcc.a
START GROUP
LOAD c:/altera/15.0/nios2eds/bin/gnu/h-x86_64-mingw32/bin/../lib/gcc/nios2-elf/4.9.1/../../../../../H-x86_64-mingw32/nios2-elf/lib/mno-hw-mul\libc.a
LOAD c:/altera/15.0/nios2eds/bin/gnu/h-x86_64-mingw32/bin/../lib/gcc/nios2-elf/4.9.1/mno-hw-mul\libgcc.a
LOAD ../Final_Project_Code_bsp/\libhal_bsp.a
LOAD c:/altera/15.0/nios2eds/bin/gnu/h-x86_64-mingw32/bin/../lib/gcc/nios2-elf/4.9.1/../../../../../H-x86_64-mingw32/nios2-elf/lib/mno-hw-mul\libm.a
END GROUP
LOAD c:/altera/15.0/nios2eds/bin/gnu/h-x86_64-mingw32/bin/../lib/gcc/nios2-elf/4.9.1/mno-hw-mul\libgcc.a
                0x0000000000000000                __alt_mem_onchip_memory2_0 = 0x0

.entry          0x0000000000000000       0x20
 *(.entry)
 .entry         0x0000000000000000       0x20 ../Final_Project_Code_bsp//obj/HAL/src/crt0.o
                0x0000000000000000                __reset

.exceptions     0x0000000000000020      0x20c
                0x0000000000000020                PROVIDE (__ram_exceptions_start, ABSOLUTE (.))
                0x0000000000000020                . = ALIGN (0x20)
 *(.irq)
 *(.exceptions.entry.label)
 .exceptions.entry.label
                0x0000000000000020        0x0 ../Final_Project_Code_bsp/\libhal_bsp.a(alt_irq_entry.o)
                0x0000000000000020                alt_irq_entry
 .exceptions.entry.label
                0x0000000000000020        0x0 ../Final_Project_Code_bsp/\libhal_bsp.a(alt_exception_entry.o)
                0x0000000000000020                alt_exception
 *(.exceptions.entry.user)
 *(.exceptions.entry.ecc_fatal)
 *(.exceptions.entry)
 .exceptions.entry
                0x0000000000000020       0x54 ../Final_Project_Code_bsp/\libhal_bsp.a(alt_exception_entry.o)
 *(.exceptions.irqtest.user)
 *(.exceptions.irqtest)
 .exceptions.irqtest
                0x0000000000000074       0x10 ../Final_Project_Code_bsp/\libhal_bsp.a(alt_irq_entry.o)
 *(.exceptions.irqhandler.user)
 *(.exceptions.irqhandler)
 .exceptions.irqhandler
                0x0000000000000084        0x4 ../Final_Project_Code_bsp/\libhal_bsp.a(alt_irq_entry.o)
 *(.exceptions.irqreturn.user)
 *(.exceptions.irqreturn)
 .exceptions.irqreturn
                0x0000000000000088        0x4 ../Final_Project_Code_bsp/\libhal_bsp.a(alt_irq_entry.o)
 *(.exceptions.notirq.label)
 .exceptions.notirq.label
                0x000000000000008c        0x0 ../Final_Project_Code_bsp/\libhal_bsp.a(alt_irq_entry.o)
 *(.exceptions.notirq.user)
 *(.exceptions.notirq)
 .exceptions.notirq
                0x000000000000008c        0x8 ../Final_Project_Code_bsp/\libhal_bsp.a(alt_exception_entry.o)
 *(.exceptions.soft.user)
 *(.exceptions.soft)
 *(.exceptions.unknown.user)
 *(.exceptions.unknown)
 .exceptions.unknown
                0x0000000000000094       0x14 ../Final_Project_Code_bsp/\libhal_bsp.a(alt_exception_entry.o)
 *(.exceptions.exit.label)
 .exceptions.exit.label
                0x00000000000000a8        0x0 ../Final_Project_Code_bsp/\libhal_bsp.a(alt_irq_entry.o)
 .exceptions.exit.label
                0x00000000000000a8        0x0 ../Final_Project_Code_bsp/\libhal_bsp.a(alt_exception_entry.o)
 *(.exceptions.exit.user)
 *(.exceptions.exit)
 .exceptions.exit
                0x00000000000000a8       0x54 ../Final_Project_Code_bsp/\libhal_bsp.a(alt_exception_entry.o)
 *(.exceptions)
 .exceptions    0x00000000000000fc       0xd0 ../Final_Project_Code_bsp/\libhal_bsp.a(alt_irq_handler.o)
                0x00000000000000fc                alt_irq_handler
 .exceptions    0x00000000000001cc       0x60 ../Final_Project_Code_bsp/\libhal_bsp.a(alt_instruction_exception_entry.o)
                0x00000000000001cc                alt_instruction_exception_entry
                0x000000000000022c                PROVIDE (__ram_exceptions_end, ABSOLUTE (.))
                0x0000000000000020                PROVIDE (__flash_exceptions_start, LOADADDR (.exceptions))

.text           0x000000000000022c    0x11fec
                0x000000000000022c                PROVIDE (stext, ABSOLUTE (.))
 *(.interp)
 *(.hash)
 *(.dynsym)
 *(.dynstr)
 *(.gnu.version)
 *(.gnu.version_d)
 *(.gnu.version_r)
 *(.rel.init)
 *(.rela.init)
 *(.rel.text .rel.text.* .rel.gnu.linkonce.t.*)
 *(.rela.text .rela.text.* .rela.gnu.linkonce.t.*)
 *(.rel.fini)
 *(.rela.fini)
 *(.rel.rodata .rel.rodata.* .rel.gnu.linkonce.r.*)
 *(.rela.rodata .rela.rodata.* .rela.gnu.linkonce.r.*)
 *(.rel.data .rel.data.* .rel.gnu.linkonce.d.*)
 *(.rela.data .rela.data.* .rela.gnu.linkonce.d.*)
 *(.rel.tdata .rel.tdata.* .rel.gnu.linkonce.td.*)
 *(.rela.tdata .rela.tdata.* .rela.gnu.linkonce.td.*)
 *(.rel.tbss .rel.tbss.* .rel.gnu.linkonce.tb.*)
 *(.rela.tbss .rela.tbss.* .rela.gnu.linkonce.tb.*)
 *(.rel.ctors)
 *(.rela.ctors)
 *(.rel.dtors)
 *(.rela.dtors)
 *(.rel.got)
 *(.rela.got)
 *(.rel.sdata .rel.sdata.* .rel.gnu.linkonce.s.*)
 *(.rela.sdata .rela.sdata.* .rela.gnu.linkonce.s.*)
 *(.rel.sbss .rel.sbss.* .rel.gnu.linkonce.sb.*)
 *(.rela.sbss .rela.sbss.* .rela.gnu.linkonce.sb.*)
 *(.rel.sdata2 .rel.sdata2.* .rel.gnu.linkonce.s2.*)
 *(.rela.sdata2 .rela.sdata2.* .rela.gnu.linkonce.s2.*)
 *(.rel.sbss2 .rel.sbss2.* .rel.gnu.linkonce.sb2.*)
 *(.rela.sbss2 .rela.sbss2.* .rela.gnu.linkonce.sb2.*)
 *(.rel.bss .rel.bss.* .rel.gnu.linkonce.b.*)
 *(.rela.bss .rela.bss.* .rela.gnu.linkonce.b.*)
 *(.rel.plt)
 *(.rela.plt)
 *(.rel.dyn)
 *(.init)
 *(.plt)
 *(.text .stub .text.* .gnu.linkonce.t.*)
 .text          0x000000000000022c       0x3c ../Final_Project_Code_bsp//obj/HAL/src/crt0.o
                0x000000000000022c                _start
 .text          0x0000000000000268      0x12c obj/default/io_handler.o
                0x0000000000000268                IO_init
                0x00000000000002c8                IO_write
                0x0000000000000330                IO_read
 .text          0x0000000000000394      0xd18 obj/default/keyboard_functions.o
                0x0000000000000394                get_keycode
                0x00000000000006a0                setup_keyboard
 .text          0x00000000000010ac      0xc34 obj/default/main.o
                0x00000000000010ac                main
                0x00000000000011a4                init_players
                0x000000000000127c                make_enemy
                0x000000000000133c                move_enemies
                0x00000000000013c0                render_enemies
                0x0000000000001410                render_enemy
                0x00000000000014c0                renderer
                0x00000000000015dc                render_shadows
                0x000000000000167c                render_shadow
                0x0000000000001708                render_players
                0x00000000000017cc                render_player_check
                0x0000000000001824                keycode_effect
                0x0000000000001a18                parse_keycode
                0x0000000000001a8c                check_projectiles
                0x0000000000001aa8                move_player
                0x0000000000001bc4                move_enemy
 .text          0x0000000000001ce0        0x0 obj/default/play_game.o
 .text          0x0000000000001ce0     0x1144 obj/default/usb.o
                0x0000000000001ce0                UsbWrite
                0x0000000000001d34                UsbRead
                0x0000000000001d78                UsbSoftReset
                0x0000000000001e28                UsbSetAddress
                0x0000000000001f24                UsbGetDeviceDesc1
                0x0000000000002068                UsbGetDeviceDesc2
                0x000000000000223c                UsbGetConfigDesc1
                0x00000000000023c8                UsbGetConfigDesc2
                0x000000000000262c                UsbSetConfig
                0x0000000000002728                UsbClassRequest
                0x0000000000002824                UsbGetHidDesc
                0x0000000000002968                UsbGetReportDesc
                0x0000000000002ca4                UsbWaitTDListDone
                0x0000000000002d28                UsbGetRetryCnt
                0x0000000000002da8                UsbPrintMem
 .text          0x0000000000002e24      0x12c c:/altera/15.0/nios2eds/bin/gnu/h-x86_64-mingw32/bin/../lib/gcc/nios2-elf/4.9.1/mno-hw-mul\libgcc.a(lib2-divmod.o)
                0x0000000000002e90                __divsi3
                0x0000000000002ee4                __modsi3
                0x0000000000002f40                __udivsi3
                0x0000000000002f48                __umodsi3
 .text          0x0000000000002f50       0x28 c:/altera/15.0/nios2eds/bin/gnu/h-x86_64-mingw32/bin/../lib/gcc/nios2-elf/4.9.1/../../../../../H-x86_64-mingw32/nios2-elf/lib/mno-hw-mul\libc.a(lib_a-malloc.o)
                0x0000000000002f50                malloc
                0x0000000000002f64                free
 .text          0x0000000000002f78      0x7a8 c:/altera/15.0/nios2eds/bin/gnu/h-x86_64-mingw32/bin/../lib/gcc/nios2-elf/4.9.1/../../../../../H-x86_64-mingw32/nios2-elf/lib/mno-hw-mul\libc.a(lib_a-mallocr.o)
                0x0000000000002f78                _malloc_r
 .text          0x0000000000003720       0x68 c:/altera/15.0/nios2eds/bin/gnu/h-x86_64-mingw32/bin/../lib/gcc/nios2-elf/4.9.1/../../../../../H-x86_64-mingw32/nios2-elf/lib/mno-hw-mul\libc.a(lib_a-printf.o)
                0x0000000000003720                _printf_r
                0x000000000000374c                printf
 .text          0x0000000000003788       0xcc c:/altera/15.0/nios2eds/bin/gnu/h-x86_64-mingw32/bin/../lib/gcc/nios2-elf/4.9.1/../../../../../H-x86_64-mingw32/nios2-elf/lib/mno-hw-mul\libc.a(lib_a-puts.o)
                0x0000000000003788                _puts_r
                0x0000000000003840                puts
 .text          0x0000000000003854       0x7c c:/altera/15.0/nios2eds/bin/gnu/h-x86_64-mingw32/bin/../lib/gcc/nios2-elf/4.9.1/../../../../../H-x86_64-mingw32/nios2-elf/lib/mno-hw-mul\libc.a(lib_a-rand.o)
                0x0000000000003854                srand
                0x000000000000386c                rand
 .text          0x00000000000038d0       0x54 c:/altera/15.0/nios2eds/bin/gnu/h-x86_64-mingw32/bin/../lib/gcc/nios2-elf/4.9.1/../../../../../H-x86_64-mingw32/nios2-elf/lib/mno-hw-mul\libc.a(lib_a-sbrkr.o)
                0x00000000000038d0                _sbrk_r
 .text          0x0000000000003924       0x98 c:/altera/15.0/nios2eds/bin/gnu/h-x86_64-mingw32/bin/../lib/gcc/nios2-elf/4.9.1/../../../../../H-x86_64-mingw32/nios2-elf/lib/mno-hw-mul\libc.a(lib_a-strlen.o)
                0x0000000000003924                strlen
 .text          0x00000000000039bc     0x2120 c:/altera/15.0/nios2eds/bin/gnu/h-x86_64-mingw32/bin/../lib/gcc/nios2-elf/4.9.1/../../../../../H-x86_64-mingw32/nios2-elf/lib/mno-hw-mul\libc.a(lib_a-vfprintf.o)
                0x00000000000039bc                ___vfprintf_internal_r
                0x0000000000005ab8                __vfprintf_internal
 .text          0x0000000000005adc      0x130 c:/altera/15.0/nios2eds/bin/gnu/h-x86_64-mingw32/bin/../lib/gcc/nios2-elf/4.9.1/../../../../../H-x86_64-mingw32/nios2-elf/lib/mno-hw-mul\libc.a(lib_a-wsetup.o)
                0x0000000000005adc                __swsetup_r
 .text          0x0000000000005c0c     0x1950 c:/altera/15.0/nios2eds/bin/gnu/h-x86_64-mingw32/bin/../lib/gcc/nios2-elf/4.9.1/../../../../../H-x86_64-mingw32/nios2-elf/lib/mno-hw-mul\libc.a(lib_a-dtoa.o)
                0x0000000000005e34                _dtoa_r
 .text          0x000000000000755c      0x258 c:/altera/15.0/nios2eds/bin/gnu/h-x86_64-mingw32/bin/../lib/gcc/nios2-elf/4.9.1/../../../../../H-x86_64-mingw32/nios2-elf/lib/mno-hw-mul\libc.a(lib_a-fflush.o)
                0x000000000000755c                _fflush_r
                0x0000000000007784                fflush
 .text          0x00000000000077b4      0x3b4 c:/altera/15.0/nios2eds/bin/gnu/h-x86_64-mingw32/bin/../lib/gcc/nios2-elf/4.9.1/../../../../../H-x86_64-mingw32/nios2-elf/lib/mno-hw-mul\libc.a(lib_a-findfp.o)
                0x00000000000077c4                _cleanup_r
                0x0000000000007970                __sfmoreglue
                0x00000000000079e8                __sfp
                0x0000000000007b00                _cleanup
                0x0000000000007b18                __sinit
                0x0000000000007b28                __sfp_lock_acquire
                0x0000000000007b2c                __sfp_lock_release
                0x0000000000007b30                __sinit_lock_acquire
                0x0000000000007b34                __sinit_lock_release
                0x0000000000007b38                __fp_lock_all
                0x0000000000007b50                __fp_unlock_all
 .text          0x0000000000007b68      0x414 c:/altera/15.0/nios2eds/bin/gnu/h-x86_64-mingw32/bin/../lib/gcc/nios2-elf/4.9.1/../../../../../H-x86_64-mingw32/nios2-elf/lib/mno-hw-mul\libc.a(lib_a-freer.o)
                0x0000000000007b68                _malloc_trim_r
                0x0000000000007c8c                _free_r
 .text          0x0000000000007f7c      0x4a4 c:/altera/15.0/nios2eds/bin/gnu/h-x86_64-mingw32/bin/../lib/gcc/nios2-elf/4.9.1/../../../../../H-x86_64-mingw32/nios2-elf/lib/mno-hw-mul\libc.a(lib_a-fvwrite.o)
                0x0000000000007f7c                __sfvwrite_r
 .text          0x0000000000008420      0x170 c:/altera/15.0/nios2eds/bin/gnu/h-x86_64-mingw32/bin/../lib/gcc/nios2-elf/4.9.1/../../../../../H-x86_64-mingw32/nios2-elf/lib/mno-hw-mul\libc.a(lib_a-fwalk.o)
                0x0000000000008420                _fwalk
                0x00000000000084d8                _fwalk_reent
 .text          0x0000000000008590        0x0 c:/altera/15.0/nios2eds/bin/gnu/h-x86_64-mingw32/bin/../lib/gcc/nios2-elf/4.9.1/../../../../../H-x86_64-mingw32/nios2-elf/lib/mno-hw-mul\libc.a(lib_a-impure.o)
 .text          0x0000000000008590        0x0 c:/altera/15.0/nios2eds/bin/gnu/h-x86_64-mingw32/bin/../lib/gcc/nios2-elf/4.9.1/../../../../../H-x86_64-mingw32/nios2-elf/lib/mno-hw-mul\libc.a(lib_a-int_errno.o)
 .text          0x0000000000008590       0xe0 c:/altera/15.0/nios2eds/bin/gnu/h-x86_64-mingw32/bin/../lib/gcc/nios2-elf/4.9.1/../../../../../H-x86_64-mingw32/nios2-elf/lib/mno-hw-mul\libc.a(lib_a-locale.o)
                0x0000000000008590                _setlocale_r
                0x000000000000860c                __locale_charset
                0x0000000000008618                __locale_mb_cur_max
                0x0000000000008628                __locale_msgcharset
                0x0000000000008634                __locale_cjk_lang
                0x000000000000863c                _localeconv_r
                0x0000000000008648                setlocale
                0x0000000000008664                localeconv
 .text          0x0000000000008670      0x1b8 c:/altera/15.0/nios2eds/bin/gnu/h-x86_64-mingw32/bin/../lib/gcc/nios2-elf/4.9.1/../../../../../H-x86_64-mingw32/nios2-elf/lib/mno-hw-mul\libc.a(lib_a-makebuf.o)
                0x0000000000008670                __smakebuf_r
 .text          0x0000000000008828       0xe8 c:/altera/15.0/nios2eds/bin/gnu/h-x86_64-mingw32/bin/../lib/gcc/nios2-elf/4.9.1/../../../../../H-x86_64-mingw32/nios2-elf/lib/mno-hw-mul\libc.a(lib_a-memchr.o)
                0x0000000000008828                memchr
 .text          0x0000000000008910      0x138 c:/altera/15.0/nios2eds/bin/gnu/h-x86_64-mingw32/bin/../lib/gcc/nios2-elf/4.9.1/../../../../../H-x86_64-mingw32/nios2-elf/lib/mno-hw-mul\libc.a(lib_a-memcpy.o)
                0x0000000000008910                memcpy
 .text          0x0000000000008a48      0x15c c:/altera/15.0/nios2eds/bin/gnu/h-x86_64-mingw32/bin/../lib/gcc/nios2-elf/4.9.1/../../../../../H-x86_64-mingw32/nios2-elf/lib/mno-hw-mul\libc.a(lib_a-memmove.o)
                0x0000000000008a48                memmove
 .text          0x0000000000008ba4      0x124 c:/altera/15.0/nios2eds/bin/gnu/h-x86_64-mingw32/bin/../lib/gcc/nios2-elf/4.9.1/../../../../../H-x86_64-mingw32/nios2-elf/lib/mno-hw-mul\libc.a(lib_a-memset.o)
                0x0000000000008ba4                memset
 .text          0x0000000000008cc8     0x1048 c:/altera/15.0/nios2eds/bin/gnu/h-x86_64-mingw32/bin/../lib/gcc/nios2-elf/4.9.1/../../../../../H-x86_64-mingw32/nios2-elf/lib/mno-hw-mul\libc.a(lib_a-mprec.o)
                0x0000000000008cc8                _Balloc
                0x0000000000008d70                _Bfree
                0x0000000000008d98                __multadd
                0x0000000000008ed4                __s2b
                0x0000000000008fd8                __hi0bits
                0x0000000000009040                __lo0bits
                0x00000000000090f0                __i2b
                0x000000000000912c                __multiply
                0x00000000000093bc                __pow5mult
                0x00000000000094fc                __lshift
                0x0000000000009644                __mcmp
                0x00000000000096a4                __mdiff
                0x000000000000983c                __ulp
                0x000000000000989c                __b2d
                0x00000000000099b8                __d2b
                0x0000000000009af4                __ratio
                0x0000000000009b98                _mprec_log10
                0x0000000000009c0c                __copybits
                0x0000000000009c84                __any_on
 .text          0x0000000000009d10      0x5a0 c:/altera/15.0/nios2eds/bin/gnu/h-x86_64-mingw32/bin/../lib/gcc/nios2-elf/4.9.1/../../../../../H-x86_64-mingw32/nios2-elf/lib/mno-hw-mul\libc.a(lib_a-reallocr.o)
                0x0000000000009d10                _realloc_r
 .text          0x000000000000a2b0       0x74 c:/altera/15.0/nios2eds/bin/gnu/h-x86_64-mingw32/bin/../lib/gcc/nios2-elf/4.9.1/../../../../../H-x86_64-mingw32/nios2-elf/lib/mno-hw-mul\libc.a(lib_a-s_fpclassify.o)
                0x000000000000a2b0                __fpclassifyd
 .text          0x000000000000a324      0x13c c:/altera/15.0/nios2eds/bin/gnu/h-x86_64-mingw32/bin/../lib/gcc/nios2-elf/4.9.1/../../../../../H-x86_64-mingw32/nios2-elf/lib/mno-hw-mul\libc.a(lib_a-stdio.o)
                0x000000000000a324                __sread
                0x000000000000a378                __seofread
                0x000000000000a380                __swrite
                0x000000000000a3fc                __sseek
                0x000000000000a458                __sclose
 .text          0x000000000000a460       0xa4 c:/altera/15.0/nios2eds/bin/gnu/h-x86_64-mingw32/bin/../lib/gcc/nios2-elf/4.9.1/../../../../../H-x86_64-mingw32/nios2-elf/lib/mno-hw-mul\libc.a(lib_a-strcmp.o)
                0x000000000000a460                strcmp
 .text          0x000000000000a504     0x155c c:/altera/15.0/nios2eds/bin/gnu/h-x86_64-mingw32/bin/../lib/gcc/nios2-elf/4.9.1/../../../../../H-x86_64-mingw32/nios2-elf/lib/mno-hw-mul\libc.a(lib_a-vfiprintf.o)
                0x000000000000a600                __sprint_r
                0x000000000000a618                ___vfiprintf_internal_r
                0x000000000000ba3c                __vfiprintf_internal
 .text          0x000000000000ba60       0x5c c:/altera/15.0/nios2eds/bin/gnu/h-x86_64-mingw32/bin/../lib/gcc/nios2-elf/4.9.1/../../../../../H-x86_64-mingw32/nios2-elf/lib/mno-hw-mul\libc.a(lib_a-writer.o)
                0x000000000000ba60                _write_r
 .text          0x000000000000babc       0x54 c:/altera/15.0/nios2eds/bin/gnu/h-x86_64-mingw32/bin/../lib/gcc/nios2-elf/4.9.1/../../../../../H-x86_64-mingw32/nios2-elf/lib/mno-hw-mul\libc.a(closer.o)
                0x000000000000babc                _close_r
 .text          0x000000000000bb10       0xd8 c:/altera/15.0/nios2eds/bin/gnu/h-x86_64-mingw32/bin/../lib/gcc/nios2-elf/4.9.1/../../../../../H-x86_64-mingw32/nios2-elf/lib/mno-hw-mul\libc.a(lib_a-callocr.o)
                0x000000000000bb10                _calloc_r
 .text          0x000000000000bbe8      0x114 c:/altera/15.0/nios2eds/bin/gnu/h-x86_64-mingw32/bin/../lib/gcc/nios2-elf/4.9.1/../../../../../H-x86_64-mingw32/nios2-elf/lib/mno-hw-mul\libc.a(lib_a-fclose.o)
                0x000000000000bbe8                _fclose_r
                0x000000000000bce8                fclose
 .text          0x000000000000bcfc      0x1dc c:/altera/15.0/nios2eds/bin/gnu/h-x86_64-mingw32/bin/../lib/gcc/nios2-elf/4.9.1/../../../../../H-x86_64-mingw32/nios2-elf/lib/mno-hw-mul\libc.a(lib_a-fputwc.o)
                0x000000000000bcfc                _fputwc_r
                0x000000000000be80                fputwc
 .text          0x000000000000bed8       0x58 c:/altera/15.0/nios2eds/bin/gnu/h-x86_64-mingw32/bin/../lib/gcc/nios2-elf/4.9.1/../../../../../H-x86_64-mingw32/nios2-elf/lib/mno-hw-mul\libc.a(lib_a-fstatr.o)
                0x000000000000bed8                _fstat_r
 .text          0x000000000000bf30       0x54 c:/altera/15.0/nios2eds/bin/gnu/h-x86_64-mingw32/bin/../lib/gcc/nios2-elf/4.9.1/../../../../../H-x86_64-mingw32/nios2-elf/lib/mno-hw-mul\libc.a(lib_a-isattyr.o)
                0x000000000000bf30                _isatty_r
 .text          0x000000000000bf84       0x5c c:/altera/15.0/nios2eds/bin/gnu/h-x86_64-mingw32/bin/../lib/gcc/nios2-elf/4.9.1/../../../../../H-x86_64-mingw32/nios2-elf/lib/mno-hw-mul\libc.a(lib_a-lseekr.o)
                0x000000000000bf84                _lseek_r
 .text          0x000000000000bfe0       0x5c c:/altera/15.0/nios2eds/bin/gnu/h-x86_64-mingw32/bin/../lib/gcc/nios2-elf/4.9.1/../../../../../H-x86_64-mingw32/nios2-elf/lib/mno-hw-mul\libc.a(lib_a-readr.o)
                0x000000000000bfe0                _read_r
 .text          0x000000000000c03c      0x170 c:/altera/15.0/nios2eds/bin/gnu/h-x86_64-mingw32/bin/../lib/gcc/nios2-elf/4.9.1/../../../../../H-x86_64-mingw32/nios2-elf/lib/mno-hw-mul\libc.a(lib_a-wbuf.o)
                0x000000000000c03c                __swbuf_r
                0x000000000000c190                __swbuf
 .text          0x000000000000c1ac      0x174 c:/altera/15.0/nios2eds/bin/gnu/h-x86_64-mingw32/bin/../lib/gcc/nios2-elf/4.9.1/../../../../../H-x86_64-mingw32/nios2-elf/lib/mno-hw-mul\libc.a(lib_a-wcrtomb.o)
                0x000000000000c1ac                _wcrtomb_r
                0x000000000000c248                wcrtomb
 .text          0x000000000000c320       0x8c c:/altera/15.0/nios2eds/bin/gnu/h-x86_64-mingw32/bin/../lib/gcc/nios2-elf/4.9.1/../../../../../H-x86_64-mingw32/nios2-elf/lib/mno-hw-mul\libc.a(lib_a-wctomb_r.o)
                0x000000000000c320                __ascii_wctomb
                0x000000000000c350                _wctomb_r
 .text          0x000000000000c3ac      0x10c c:/altera/15.0/nios2eds/bin/gnu/h-x86_64-mingw32/bin/../lib/gcc/nios2-elf/4.9.1/mno-hw-mul\libgcc.a(_muldi3.o)
                0x000000000000c3ac                __muldi3
 .text          0x000000000000c4b8      0x640 c:/altera/15.0/nios2eds/bin/gnu/h-x86_64-mingw32/bin/../lib/gcc/nios2-elf/4.9.1/mno-hw-mul\libgcc.a(_udivdi3.o)
                0x000000000000c4b8                __udivdi3
 .text          0x000000000000caf8      0x61c c:/altera/15.0/nios2eds/bin/gnu/h-x86_64-mingw32/bin/../lib/gcc/nios2-elf/4.9.1/mno-hw-mul\libgcc.a(_umoddi3.o)
                0x000000000000caf8                __umoddi3
 .text          0x000000000000d114       0x28 c:/altera/15.0/nios2eds/bin/gnu/h-x86_64-mingw32/bin/../lib/gcc/nios2-elf/4.9.1/mno-hw-mul\libgcc.a(lib2-mul.o)
                0x000000000000d114                __mulsi3
 .text          0x000000000000d13c      0x89c c:/altera/15.0/nios2eds/bin/gnu/h-x86_64-mingw32/bin/../lib/gcc/nios2-elf/4.9.1/mno-hw-mul\libgcc.a(adddf3.o)
                0x000000000000d13c                __adddf3
 .text          0x000000000000d9d8      0x980 c:/altera/15.0/nios2eds/bin/gnu/h-x86_64-mingw32/bin/../lib/gcc/nios2-elf/4.9.1/mno-hw-mul\libgcc.a(divdf3.o)
                0x000000000000d9d8                __divdf3
 .text          0x000000000000e358       0x84 c:/altera/15.0/nios2eds/bin/gnu/h-x86_64-mingw32/bin/../lib/gcc/nios2-elf/4.9.1/mno-hw-mul\libgcc.a(eqdf2.o)
                0x000000000000e358                __nedf2
                0x000000000000e358                __eqdf2
 .text          0x000000000000e3dc       0xe0 c:/altera/15.0/nios2eds/bin/gnu/h-x86_64-mingw32/bin/../lib/gcc/nios2-elf/4.9.1/mno-hw-mul\libgcc.a(gedf2.o)
                0x000000000000e3dc                __gedf2
                0x000000000000e3dc                __gtdf2
 .text          0x000000000000e4bc       0xe0 c:/altera/15.0/nios2eds/bin/gnu/h-x86_64-mingw32/bin/../lib/gcc/nios2-elf/4.9.1/mno-hw-mul\libgcc.a(ledf2.o)
                0x000000000000e4bc                __ledf2
                0x000000000000e4bc                __ltdf2
 .text          0x000000000000e59c      0x86c c:/altera/15.0/nios2eds/bin/gnu/h-x86_64-mingw32/bin/../lib/gcc/nios2-elf/4.9.1/mno-hw-mul\libgcc.a(muldf3.o)
                0x000000000000e59c                __muldf3
 .text          0x000000000000ee08      0x8d0 c:/altera/15.0/nios2eds/bin/gnu/h-x86_64-mingw32/bin/../lib/gcc/nios2-elf/4.9.1/mno-hw-mul\libgcc.a(subdf3.o)
                0x000000000000ee08                __subdf3
 .text          0x000000000000f6d8       0x88 c:/altera/15.0/nios2eds/bin/gnu/h-x86_64-mingw32/bin/../lib/gcc/nios2-elf/4.9.1/mno-hw-mul\libgcc.a(fixdfsi.o)
                0x000000000000f6d8                __fixdfsi
 .text          0x000000000000f760       0xd0 c:/altera/15.0/nios2eds/bin/gnu/h-x86_64-mingw32/bin/../lib/gcc/nios2-elf/4.9.1/mno-hw-mul\libgcc.a(floatsidf.o)
                0x000000000000f760                __floatsidf
 .text          0x000000000000f830       0xa4 c:/altera/15.0/nios2eds/bin/gnu/h-x86_64-mingw32/bin/../lib/gcc/nios2-elf/4.9.1/mno-hw-mul\libgcc.a(floatunsidf.o)
                0x000000000000f830                __floatunsidf
 .text          0x000000000000f8d4        0x0 c:/altera/15.0/nios2eds/bin/gnu/h-x86_64-mingw32/bin/../lib/gcc/nios2-elf/4.9.1/mno-hw-mul\libgcc.a(_clz.o)
 .text          0x000000000000f8d4       0x64 c:/altera/15.0/nios2eds/bin/gnu/h-x86_64-mingw32/bin/../lib/gcc/nios2-elf/4.9.1/mno-hw-mul\libgcc.a(_clzsi2.o)
                0x000000000000f8d4                __clzsi2
 .text          0x000000000000f938      0x128 ../Final_Project_Code_bsp/\libhal_bsp.a(alt_close.o)
                0x000000000000f988                close
 .text          0x000000000000fa60       0x2c ../Final_Project_Code_bsp/\libhal_bsp.a(alt_dev.o)
 .text          0x000000000000fa8c        0x0 ../Final_Project_Code_bsp/\libhal_bsp.a(alt_errno.o)
 .text          0x000000000000fa8c      0x108 ../Final_Project_Code_bsp/\libhal_bsp.a(alt_fstat.o)
                0x000000000000fadc                fstat
 .text          0x000000000000fb94       0xfc ../Final_Project_Code_bsp/\libhal_bsp.a(alt_isatty.o)
                0x000000000000fbe4                isatty
 .text          0x000000000000fc90       0xe4 ../Final_Project_Code_bsp/\libhal_bsp.a(alt_load.o)
                0x000000000000fcf4                alt_load
 .text          0x000000000000fd74      0x12c ../Final_Project_Code_bsp/\libhal_bsp.a(alt_lseek.o)
                0x000000000000fdc4                lseek
 .text          0x000000000000fea0       0x78 ../Final_Project_Code_bsp/\libhal_bsp.a(alt_main.o)
                0x000000000000fea0                alt_main
 .text          0x000000000000ff18       0x40 ../Final_Project_Code_bsp/\libhal_bsp.a(alt_malloc_lock.o)
                0x000000000000ff18                __malloc_lock
                0x000000000000ff38                __malloc_unlock
 .text          0x000000000000ff58      0x154 ../Final_Project_Code_bsp/\libhal_bsp.a(alt_read.o)
                0x000000000000ffa8                read
 .text          0x00000000000100ac       0x80 ../Final_Project_Code_bsp/\libhal_bsp.a(alt_release_fd.o)
                0x00000000000100ac                alt_release_fd
 .text          0x000000000001012c       0xb0 ../Final_Project_Code_bsp/\libhal_bsp.a(alt_sbrk.o)
                0x000000000001012c                sbrk
 .text          0x00000000000101dc       0x30 ../Final_Project_Code_bsp/\libhal_bsp.a(alt_usleep.o)
                0x00000000000101dc                usleep
 .text          0x000000000001020c      0x150 ../Final_Project_Code_bsp/\libhal_bsp.a(alt_write.o)
                0x000000000001025c                write
 .text          0x000000000001035c       0xb4 ../Final_Project_Code_bsp/\libhal_bsp.a(alt_sys_init.o)
                0x0000000000010394                alt_irq_init
                0x00000000000103c8                alt_sys_init
 .text          0x0000000000010410      0x164 ../Final_Project_Code_bsp/\libhal_bsp.a(altera_avalon_jtag_uart_fd.o)
                0x0000000000010410                altera_avalon_jtag_uart_read_fd
                0x0000000000010470                altera_avalon_jtag_uart_write_fd
                0x00000000000104d0                altera_avalon_jtag_uart_close_fd
                0x0000000000010520                altera_avalon_jtag_uart_ioctl_fd
 .text          0x0000000000010574      0x3d8 ../Final_Project_Code_bsp/\libhal_bsp.a(altera_avalon_jtag_uart_init.o)
                0x0000000000010574                altera_avalon_jtag_uart_init
                0x00000000000108e4                altera_avalon_jtag_uart_close
 .text          0x000000000001094c       0xec ../Final_Project_Code_bsp/\libhal_bsp.a(altera_avalon_jtag_uart_ioctl.o)
                0x000000000001094c                altera_avalon_jtag_uart_ioctl
 .text          0x0000000000010a38      0x20c ../Final_Project_Code_bsp/\libhal_bsp.a(altera_avalon_jtag_uart_read.o)
                0x0000000000010a38                altera_avalon_jtag_uart_read
 .text          0x0000000000010c44      0x218 ../Final_Project_Code_bsp/\libhal_bsp.a(altera_avalon_jtag_uart_write.o)
                0x0000000000010c44                altera_avalon_jtag_uart_write
 .text          0x0000000000010e5c      0x140 ../Final_Project_Code_bsp/\libhal_bsp.a(alt_alarm_start.o)
                0x0000000000010e5c                alt_alarm_start
 .text          0x0000000000010f9c      0x158 ../Final_Project_Code_bsp/\libhal_bsp.a(alt_busy_sleep.o)
                0x0000000000010f9c                alt_busy_sleep
 .text          0x00000000000110f4       0x1c ../Final_Project_Code_bsp/\libhal_bsp.a(alt_dcache_flush_all.o)
                0x00000000000110f4                alt_dcache_flush_all
 .text          0x0000000000011110       0xf4 ../Final_Project_Code_bsp/\libhal_bsp.a(alt_dev_llist_insert.o)
                0x0000000000011160                alt_dev_llist_insert
 .text          0x0000000000011204       0x5c ../Final_Project_Code_bsp/\libhal_bsp.a(alt_do_ctors.o)
                0x0000000000011204                _do_ctors
 .text          0x0000000000011260       0x5c ../Final_Project_Code_bsp/\libhal_bsp.a(alt_do_dtors.o)
                0x0000000000011260                _do_dtors
 .text          0x00000000000112bc       0x1c ../Final_Project_Code_bsp/\libhal_bsp.a(alt_icache_flush_all.o)
                0x00000000000112bc                alt_icache_flush_all
 .text          0x00000000000112d8      0x1e0 ../Final_Project_Code_bsp/\libhal_bsp.a(alt_iic.o)
                0x00000000000112d8                alt_ic_isr_register
                0x0000000000011328                alt_ic_irq_enable
                0x00000000000113c8                alt_ic_irq_disable
                0x000000000001146c                alt_ic_irq_enabled
 .text          0x00000000000114b8       0xf0 ../Final_Project_Code_bsp/\libhal_bsp.a(alt_iic_isr_register.o)
                0x00000000000114b8                alt_iic_isr_register
 .text          0x00000000000115a8      0x158 ../Final_Project_Code_bsp/\libhal_bsp.a(alt_io_redirect.o)
                0x0000000000011688                alt_io_redirect
 .text          0x0000000000011700        0x0 ../Final_Project_Code_bsp/\libhal_bsp.a(alt_irq_entry.o)
 .text          0x0000000000011700        0x0 ../Final_Project_Code_bsp/\libhal_bsp.a(alt_irq_handler.o)
 .text          0x0000000000011700        0x0 ../Final_Project_Code_bsp/\libhal_bsp.a(alt_irq_vars.o)
 .text          0x0000000000011700      0x2a4 ../Final_Project_Code_bsp/\libhal_bsp.a(alt_open.o)
                0x0000000000011844                open
 .text          0x00000000000119a4      0x19c ../Final_Project_Code_bsp/\libhal_bsp.a(alt_tick.o)
                0x00000000000119a4                alt_alarm_stop
                0x0000000000011a3c                alt_tick
 .text          0x0000000000011b40       0x20 ../Final_Project_Code_bsp/\libhal_bsp.a(altera_nios2_gen2_irq.o)
                0x0000000000011b40                altera_nios2_gen2_irq_init
 .text          0x0000000000011b60        0x0 ../Final_Project_Code_bsp/\libhal_bsp.a(alt_exception_entry.o)
 .text          0x0000000000011b60       0x90 ../Final_Project_Code_bsp/\libhal_bsp.a(alt_find_dev.o)
                0x0000000000011b60                alt_find_dev
 .text          0x0000000000011bf0      0x114 ../Final_Project_Code_bsp/\libhal_bsp.a(alt_find_file.o)
                0x0000000000011bf0                alt_find_file
 .text          0x0000000000011d04       0xd4 ../Final_Project_Code_bsp/\libhal_bsp.a(alt_get_fd.o)
                0x0000000000011d04                alt_get_fd
 .text          0x0000000000011dd8       0x9c ../Final_Project_Code_bsp/\libhal_bsp.a(alt_instruction_exception_entry.o)
                0x0000000000011dd8                alt_exception_cause_generated_bad_addr
 .text          0x0000000000011e74       0x14 c:/altera/15.0/nios2eds/bin/gnu/h-x86_64-mingw32/bin/../lib/gcc/nios2-elf/4.9.1/../../../../../H-x86_64-mingw32/nios2-elf/lib/mno-hw-mul\libc.a(lib_a-atexit.o)
                0x0000000000011e74                atexit
 .text          0x0000000000011e88       0x38 c:/altera/15.0/nios2eds/bin/gnu/h-x86_64-mingw32/bin/../lib/gcc/nios2-elf/4.9.1/../../../../../H-x86_64-mingw32/nios2-elf/lib/mno-hw-mul\libc.a(lib_a-exit.o)
                0x0000000000011e88                exit
 .text          0x0000000000011ec0       0x7c c:/altera/15.0/nios2eds/bin/gnu/h-x86_64-mingw32/bin/../lib/gcc/nios2-elf/4.9.1/../../../../../H-x86_64-mingw32/nios2-elf/lib/mno-hw-mul\libc.a(lib_a-memcmp.o)
                0x0000000000011ec0                memcmp
 .text          0x0000000000011f3c      0x114 c:/altera/15.0/nios2eds/bin/gnu/h-x86_64-mingw32/bin/../lib/gcc/nios2-elf/4.9.1/../../../../../H-x86_64-mingw32/nios2-elf/lib/mno-hw-mul\libc.a(lib_a-__atexit.o)
                0x0000000000011f3c                __register_exitproc
 .text          0x0000000000012050      0x194 c:/altera/15.0/nios2eds/bin/gnu/h-x86_64-mingw32/bin/../lib/gcc/nios2-elf/4.9.1/../../../../../H-x86_64-mingw32/nios2-elf/lib/mno-hw-mul\libc.a(lib_a-__call_atexit.o)
                0x0000000000012050                __call_exitprocs
 .text          0x00000000000121e4       0x34 ../Final_Project_Code_bsp/\libhal_bsp.a(alt_exit.o)
                0x00000000000121e4                _exit
 *(.gnu.warning.*)
 *(.fini)
                0x0000000000012218                PROVIDE (__etext, ABSOLUTE (.))
                0x0000000000012218                PROVIDE (_etext, ABSOLUTE (.))
                0x0000000000012218                PROVIDE (etext, ABSOLUTE (.))
 *(.eh_frame_hdr)
                0x0000000000012218                . = ALIGN (0x4)
                0x0000000000012218                PROVIDE (__preinit_array_start, ABSOLUTE (.))
 *(.preinit_array)
                0x0000000000012218                PROVIDE (__preinit_array_end, ABSOLUTE (.))
                0x0000000000012218                PROVIDE (__init_array_start, ABSOLUTE (.))
 *(.init_array)
                0x0000000000012218                PROVIDE (__init_array_end, ABSOLUTE (.))
                0x0000000000012218                PROVIDE (__fini_array_start, ABSOLUTE (.))
 *(.fini_array)
                0x0000000000012218                PROVIDE (__fini_array_end, ABSOLUTE (.))
 *(.eh_frame)
 *(.gcc_except_table .gcc_except_table.*)
 *(.dynamic)
                0x0000000000012218                PROVIDE (__CTOR_LIST__, ABSOLUTE (.))
 *(.ctors)
 *(SORT(.ctors.*))
                0x0000000000012218                PROVIDE (__CTOR_END__, ABSOLUTE (.))
                0x0000000000012218                PROVIDE (__DTOR_LIST__, ABSOLUTE (.))
 *(.dtors)
 *(SORT(.dtors.*))
                0x0000000000012218                PROVIDE (__DTOR_END__, ABSOLUTE (.))
 *(.jcr)
                0x0000000000012218                . = ALIGN (0x4)

.rodata         0x0000000000012218      0xa44
                0x0000000000012218                PROVIDE (__ram_rodata_start, ABSOLUTE (.))
                0x0000000000012218                . = ALIGN (0x4)
 *(.rodata .rodata.* .gnu.linkonce.r.*)
 .rodata        0x0000000000012218      0x688 obj/default/keyboard_functions.o
 .rodata        0x00000000000128a0       0x48 obj/default/main.o
 .rodata        0x00000000000128e8       0x74 obj/default/usb.o
 .rodata.str1.4
                0x000000000001295c        0x2 c:/altera/15.0/nios2eds/bin/gnu/h-x86_64-mingw32/bin/../lib/gcc/nios2-elf/4.9.1/../../../../../H-x86_64-mingw32/nios2-elf/lib/mno-hw-mul\libc.a(lib_a-puts.o)
                                          0x4 (size before relaxing)
 *fill*         0x000000000001295e        0x2 
 .rodata.str1.4
                0x0000000000012960       0x42 c:/altera/15.0/nios2eds/bin/gnu/h-x86_64-mingw32/bin/../lib/gcc/nios2-elf/4.9.1/../../../../../H-x86_64-mingw32/nios2-elf/lib/mno-hw-mul\libc.a(lib_a-vfprintf.o)
                                         0x44 (size before relaxing)
 .rodata        0x00000000000129a2       0x20 c:/altera/15.0/nios2eds/bin/gnu/h-x86_64-mingw32/bin/../lib/gcc/nios2-elf/4.9.1/../../../../../H-x86_64-mingw32/nios2-elf/lib/mno-hw-mul\libc.a(lib_a-vfprintf.o)
 *fill*         0x00000000000129c2        0x2 
 .rodata.str1.4
                0x00000000000129c4       0x10 c:/altera/15.0/nios2eds/bin/gnu/h-x86_64-mingw32/bin/../lib/gcc/nios2-elf/4.9.1/../../../../../H-x86_64-mingw32/nios2-elf/lib/mno-hw-mul\libc.a(lib_a-dtoa.o)
                                         0x14 (size before relaxing)
 .rodata.str1.4
                0x00000000000129d4        0x2 c:/altera/15.0/nios2eds/bin/gnu/h-x86_64-mingw32/bin/../lib/gcc/nios2-elf/4.9.1/../../../../../H-x86_64-mingw32/nios2-elf/lib/mno-hw-mul\libc.a(lib_a-impure.o)
                                          0x4 (size before relaxing)
 *fill*         0x00000000000129d6        0x2 
 .rodata.str1.4
                0x00000000000129d8        0xc c:/altera/15.0/nios2eds/bin/gnu/h-x86_64-mingw32/bin/../lib/gcc/nios2-elf/4.9.1/../../../../../H-x86_64-mingw32/nios2-elf/lib/mno-hw-mul\libc.a(lib_a-locale.o)
                                         0x14 (size before relaxing)
 .rodata        0x00000000000129e4      0x124 c:/altera/15.0/nios2eds/bin/gnu/h-x86_64-mingw32/bin/../lib/gcc/nios2-elf/4.9.1/../../../../../H-x86_64-mingw32/nios2-elf/lib/mno-hw-mul\libc.a(lib_a-mprec.o)
                0x00000000000129f0                __mprec_tinytens
                0x0000000000012a18                __mprec_bigtens
                0x0000000000012a40                __mprec_tens
 .rodata.str1.4
                0x0000000000000000       0x30 c:/altera/15.0/nios2eds/bin/gnu/h-x86_64-mingw32/bin/../lib/gcc/nios2-elf/4.9.1/../../../../../H-x86_64-mingw32/nios2-elf/lib/mno-hw-mul\libc.a(lib_a-vfiprintf.o)
 .rodata        0x0000000000012b08       0x20 c:/altera/15.0/nios2eds/bin/gnu/h-x86_64-mingw32/bin/../lib/gcc/nios2-elf/4.9.1/../../../../../H-x86_64-mingw32/nios2-elf/lib/mno-hw-mul\libc.a(lib_a-vfiprintf.o)
 .rodata        0x0000000000012b28      0x100 c:/altera/15.0/nios2eds/bin/gnu/h-x86_64-mingw32/bin/../lib/gcc/nios2-elf/4.9.1/mno-hw-mul\libgcc.a(_clz.o)
                0x0000000000012b28                __clz_tab
 .rodata        0x0000000000012c28        0xc ../Final_Project_Code_bsp/\libhal_bsp.a(alt_dev.o)
 .rodata        0x0000000000012c34       0x14 ../Final_Project_Code_bsp/\libhal_bsp.a(alt_main.o)
 .rodata        0x0000000000012c48       0x14 ../Final_Project_Code_bsp/\libhal_bsp.a(alt_sys_init.o)
 *(.rodata1)
                0x0000000000012c5c                . = ALIGN (0x4)
                0x0000000000012c5c                PROVIDE (__ram_rodata_end, ABSOLUTE (.))
                0x0000000000012218                PROVIDE (__flash_rodata_start, LOADADDR (.rodata))

.rwdata         0x0000000000012c5c     0x1b54 load address 0x00000000000147b0
                0x0000000000012c5c                PROVIDE (__ram_rwdata_start, ABSOLUTE (.))
                0x0000000000012c5c                . = ALIGN (0x4)
 *(.got.plt)
 *(.got)
 *(.data1)
 *(.data .data.* .gnu.linkonce.d.*)
 .data          0x0000000000012c5c        0x0 ../Final_Project_Code_bsp//obj/HAL/src/crt0.o
 .data          0x0000000000012c5c        0x0 obj/default/io_handler.o
 .data          0x0000000000012c5c        0x0 obj/default/keyboard_functions.o
 .data          0x0000000000012c5c       0x68 obj/default/main.o
                0x0000000000012c5c                sizes
 .data          0x0000000000012cc4        0x0 obj/default/play_game.o
 .data          0x0000000000012cc4        0x0 obj/default/usb.o
 .data          0x0000000000012cc4        0x0 c:/altera/15.0/nios2eds/bin/gnu/h-x86_64-mingw32/bin/../lib/gcc/nios2-elf/4.9.1/mno-hw-mul\libgcc.a(lib2-divmod.o)
 .data          0x0000000000012cc4        0x0 c:/altera/15.0/nios2eds/bin/gnu/h-x86_64-mingw32/bin/../lib/gcc/nios2-elf/4.9.1/../../../../../H-x86_64-mingw32/nios2-elf/lib/mno-hw-mul\libc.a(lib_a-malloc.o)
 .data          0x0000000000012cc4      0x408 c:/altera/15.0/nios2eds/bin/gnu/h-x86_64-mingw32/bin/../lib/gcc/nios2-elf/4.9.1/../../../../../H-x86_64-mingw32/nios2-elf/lib/mno-hw-mul\libc.a(lib_a-mallocr.o)
                0x0000000000012cc4                __malloc_av_
 .data          0x00000000000130cc        0x0 c:/altera/15.0/nios2eds/bin/gnu/h-x86_64-mingw32/bin/../lib/gcc/nios2-elf/4.9.1/../../../../../H-x86_64-mingw32/nios2-elf/lib/mno-hw-mul\libc.a(lib_a-printf.o)
 .data          0x00000000000130cc        0x0 c:/altera/15.0/nios2eds/bin/gnu/h-x86_64-mingw32/bin/../lib/gcc/nios2-elf/4.9.1/../../../../../H-x86_64-mingw32/nios2-elf/lib/mno-hw-mul\libc.a(lib_a-puts.o)
 .data          0x00000000000130cc        0x0 c:/altera/15.0/nios2eds/bin/gnu/h-x86_64-mingw32/bin/../lib/gcc/nios2-elf/4.9.1/../../../../../H-x86_64-mingw32/nios2-elf/lib/mno-hw-mul\libc.a(lib_a-rand.o)
 .data          0x00000000000130cc        0x0 c:/altera/15.0/nios2eds/bin/gnu/h-x86_64-mingw32/bin/../lib/gcc/nios2-elf/4.9.1/../../../../../H-x86_64-mingw32/nios2-elf/lib/mno-hw-mul\libc.a(lib_a-sbrkr.o)
 .data          0x00000000000130cc        0x0 c:/altera/15.0/nios2eds/bin/gnu/h-x86_64-mingw32/bin/../lib/gcc/nios2-elf/4.9.1/../../../../../H-x86_64-mingw32/nios2-elf/lib/mno-hw-mul\libc.a(lib_a-strlen.o)
 .data          0x00000000000130cc        0x0 c:/altera/15.0/nios2eds/bin/gnu/h-x86_64-mingw32/bin/../lib/gcc/nios2-elf/4.9.1/../../../../../H-x86_64-mingw32/nios2-elf/lib/mno-hw-mul\libc.a(lib_a-vfprintf.o)
 .data          0x00000000000130cc        0x0 c:/altera/15.0/nios2eds/bin/gnu/h-x86_64-mingw32/bin/../lib/gcc/nios2-elf/4.9.1/../../../../../H-x86_64-mingw32/nios2-elf/lib/mno-hw-mul\libc.a(lib_a-wsetup.o)
 .data          0x00000000000130cc        0x0 c:/altera/15.0/nios2eds/bin/gnu/h-x86_64-mingw32/bin/../lib/gcc/nios2-elf/4.9.1/../../../../../H-x86_64-mingw32/nios2-elf/lib/mno-hw-mul\libc.a(lib_a-dtoa.o)
 .data          0x00000000000130cc        0x0 c:/altera/15.0/nios2eds/bin/gnu/h-x86_64-mingw32/bin/../lib/gcc/nios2-elf/4.9.1/../../../../../H-x86_64-mingw32/nios2-elf/lib/mno-hw-mul\libc.a(lib_a-fflush.o)
 .data          0x00000000000130cc        0x0 c:/altera/15.0/nios2eds/bin/gnu/h-x86_64-mingw32/bin/../lib/gcc/nios2-elf/4.9.1/../../../../../H-x86_64-mingw32/nios2-elf/lib/mno-hw-mul\libc.a(lib_a-findfp.o)
 .data          0x00000000000130cc        0x0 c:/altera/15.0/nios2eds/bin/gnu/h-x86_64-mingw32/bin/../lib/gcc/nios2-elf/4.9.1/../../../../../H-x86_64-mingw32/nios2-elf/lib/mno-hw-mul\libc.a(lib_a-freer.o)
 .data          0x00000000000130cc        0x0 c:/altera/15.0/nios2eds/bin/gnu/h-x86_64-mingw32/bin/../lib/gcc/nios2-elf/4.9.1/../../../../../H-x86_64-mingw32/nios2-elf/lib/mno-hw-mul\libc.a(lib_a-fvwrite.o)
 .data          0x00000000000130cc        0x0 c:/altera/15.0/nios2eds/bin/gnu/h-x86_64-mingw32/bin/../lib/gcc/nios2-elf/4.9.1/../../../../../H-x86_64-mingw32/nios2-elf/lib/mno-hw-mul\libc.a(lib_a-fwalk.o)
 .data          0x00000000000130cc      0x424 c:/altera/15.0/nios2eds/bin/gnu/h-x86_64-mingw32/bin/../lib/gcc/nios2-elf/4.9.1/../../../../../H-x86_64-mingw32/nios2-elf/lib/mno-hw-mul\libc.a(lib_a-impure.o)
 .data          0x00000000000134f0        0x0 c:/altera/15.0/nios2eds/bin/gnu/h-x86_64-mingw32/bin/../lib/gcc/nios2-elf/4.9.1/../../../../../H-x86_64-mingw32/nios2-elf/lib/mno-hw-mul\libc.a(lib_a-int_errno.o)
 .data          0x00000000000134f0       0x78 c:/altera/15.0/nios2eds/bin/gnu/h-x86_64-mingw32/bin/../lib/gcc/nios2-elf/4.9.1/../../../../../H-x86_64-mingw32/nios2-elf/lib/mno-hw-mul\libc.a(lib_a-locale.o)
 .data          0x0000000000013568        0x0 c:/altera/15.0/nios2eds/bin/gnu/h-x86_64-mingw32/bin/../lib/gcc/nios2-elf/4.9.1/../../../../../H-x86_64-mingw32/nios2-elf/lib/mno-hw-mul\libc.a(lib_a-makebuf.o)
 .data          0x0000000000013568        0x0 c:/altera/15.0/nios2eds/bin/gnu/h-x86_64-mingw32/bin/../lib/gcc/nios2-elf/4.9.1/../../../../../H-x86_64-mingw32/nios2-elf/lib/mno-hw-mul\libc.a(lib_a-memchr.o)
 .data          0x0000000000013568        0x0 c:/altera/15.0/nios2eds/bin/gnu/h-x86_64-mingw32/bin/../lib/gcc/nios2-elf/4.9.1/../../../../../H-x86_64-mingw32/nios2-elf/lib/mno-hw-mul\libc.a(lib_a-memcpy.o)
 .data          0x0000000000013568        0x0 c:/altera/15.0/nios2eds/bin/gnu/h-x86_64-mingw32/bin/../lib/gcc/nios2-elf/4.9.1/../../../../../H-x86_64-mingw32/nios2-elf/lib/mno-hw-mul\libc.a(lib_a-memmove.o)
 .data          0x0000000000013568        0x0 c:/altera/15.0/nios2eds/bin/gnu/h-x86_64-mingw32/bin/../lib/gcc/nios2-elf/4.9.1/../../../../../H-x86_64-mingw32/nios2-elf/lib/mno-hw-mul\libc.a(lib_a-memset.o)
 .data          0x0000000000013568        0x0 c:/altera/15.0/nios2eds/bin/gnu/h-x86_64-mingw32/bin/../lib/gcc/nios2-elf/4.9.1/../../../../../H-x86_64-mingw32/nios2-elf/lib/mno-hw-mul\libc.a(lib_a-mprec.o)
 .data          0x0000000000013568        0x0 c:/altera/15.0/nios2eds/bin/gnu/h-x86_64-mingw32/bin/../lib/gcc/nios2-elf/4.9.1/../../../../../H-x86_64-mingw32/nios2-elf/lib/mno-hw-mul\libc.a(lib_a-reallocr.o)
 .data          0x0000000000013568        0x0 c:/altera/15.0/nios2eds/bin/gnu/h-x86_64-mingw32/bin/../lib/gcc/nios2-elf/4.9.1/../../../../../H-x86_64-mingw32/nios2-elf/lib/mno-hw-mul\libc.a(lib_a-s_fpclassify.o)
 .data          0x0000000000013568        0x0 c:/altera/15.0/nios2eds/bin/gnu/h-x86_64-mingw32/bin/../lib/gcc/nios2-elf/4.9.1/../../../../../H-x86_64-mingw32/nios2-elf/lib/mno-hw-mul\libc.a(lib_a-stdio.o)
 .data          0x0000000000013568        0x0 c:/altera/15.0/nios2eds/bin/gnu/h-x86_64-mingw32/bin/../lib/gcc/nios2-elf/4.9.1/../../../../../H-x86_64-mingw32/nios2-elf/lib/mno-hw-mul\libc.a(lib_a-strcmp.o)
 .data          0x0000000000013568        0x0 c:/altera/15.0/nios2eds/bin/gnu/h-x86_64-mingw32/bin/../lib/gcc/nios2-elf/4.9.1/../../../../../H-x86_64-mingw32/nios2-elf/lib/mno-hw-mul\libc.a(lib_a-vfiprintf.o)
 .data          0x0000000000013568        0x0 c:/altera/15.0/nios2eds/bin/gnu/h-x86_64-mingw32/bin/../lib/gcc/nios2-elf/4.9.1/../../../../../H-x86_64-mingw32/nios2-elf/lib/mno-hw-mul\libc.a(lib_a-writer.o)
 .data          0x0000000000013568        0x0 c:/altera/15.0/nios2eds/bin/gnu/h-x86_64-mingw32/bin/../lib/gcc/nios2-elf/4.9.1/../../../../../H-x86_64-mingw32/nios2-elf/lib/mno-hw-mul\libc.a(closer.o)
 .data          0x0000000000013568        0x0 c:/altera/15.0/nios2eds/bin/gnu/h-x86_64-mingw32/bin/../lib/gcc/nios2-elf/4.9.1/../../../../../H-x86_64-mingw32/nios2-elf/lib/mno-hw-mul\libc.a(lib_a-callocr.o)
 .data          0x0000000000013568        0x0 c:/altera/15.0/nios2eds/bin/gnu/h-x86_64-mingw32/bin/../lib/gcc/nios2-elf/4.9.1/../../../../../H-x86_64-mingw32/nios2-elf/lib/mno-hw-mul\libc.a(lib_a-fclose.o)
 .data          0x0000000000013568        0x0 c:/altera/15.0/nios2eds/bin/gnu/h-x86_64-mingw32/bin/../lib/gcc/nios2-elf/4.9.1/../../../../../H-x86_64-mingw32/nios2-elf/lib/mno-hw-mul\libc.a(lib_a-fputwc.o)
 .data          0x0000000000013568        0x0 c:/altera/15.0/nios2eds/bin/gnu/h-x86_64-mingw32/bin/../lib/gcc/nios2-elf/4.9.1/../../../../../H-x86_64-mingw32/nios2-elf/lib/mno-hw-mul\libc.a(lib_a-fstatr.o)
 .data          0x0000000000013568        0x0 c:/altera/15.0/nios2eds/bin/gnu/h-x86_64-mingw32/bin/../lib/gcc/nios2-elf/4.9.1/../../../../../H-x86_64-mingw32/nios2-elf/lib/mno-hw-mul\libc.a(lib_a-isattyr.o)
 .data          0x0000000000013568        0x0 c:/altera/15.0/nios2eds/bin/gnu/h-x86_64-mingw32/bin/../lib/gcc/nios2-elf/4.9.1/../../../../../H-x86_64-mingw32/nios2-elf/lib/mno-hw-mul\libc.a(lib_a-lseekr.o)
 .data          0x0000000000013568        0x0 c:/altera/15.0/nios2eds/bin/gnu/h-x86_64-mingw32/bin/../lib/gcc/nios2-elf/4.9.1/../../../../../H-x86_64-mingw32/nios2-elf/lib/mno-hw-mul\libc.a(lib_a-readr.o)
 .data          0x0000000000013568        0x0 c:/altera/15.0/nios2eds/bin/gnu/h-x86_64-mingw32/bin/../lib/gcc/nios2-elf/4.9.1/../../../../../H-x86_64-mingw32/nios2-elf/lib/mno-hw-mul\libc.a(lib_a-wbuf.o)
 .data          0x0000000000013568        0x0 c:/altera/15.0/nios2eds/bin/gnu/h-x86_64-mingw32/bin/../lib/gcc/nios2-elf/4.9.1/../../../../../H-x86_64-mingw32/nios2-elf/lib/mno-hw-mul\libc.a(lib_a-wcrtomb.o)
 .data          0x0000000000013568        0x0 c:/altera/15.0/nios2eds/bin/gnu/h-x86_64-mingw32/bin/../lib/gcc/nios2-elf/4.9.1/../../../../../H-x86_64-mingw32/nios2-elf/lib/mno-hw-mul\libc.a(lib_a-wctomb_r.o)
 .data          0x0000000000013568        0x0 c:/altera/15.0/nios2eds/bin/gnu/h-x86_64-mingw32/bin/../lib/gcc/nios2-elf/4.9.1/mno-hw-mul\libgcc.a(_muldi3.o)
 .data          0x0000000000013568        0x0 c:/altera/15.0/nios2eds/bin/gnu/h-x86_64-mingw32/bin/../lib/gcc/nios2-elf/4.9.1/mno-hw-mul\libgcc.a(_udivdi3.o)
 .data          0x0000000000013568        0x0 c:/altera/15.0/nios2eds/bin/gnu/h-x86_64-mingw32/bin/../lib/gcc/nios2-elf/4.9.1/mno-hw-mul\libgcc.a(_umoddi3.o)
 .data          0x0000000000013568        0x0 c:/altera/15.0/nios2eds/bin/gnu/h-x86_64-mingw32/bin/../lib/gcc/nios2-elf/4.9.1/mno-hw-mul\libgcc.a(lib2-mul.o)
 .data          0x0000000000013568        0x0 c:/altera/15.0/nios2eds/bin/gnu/h-x86_64-mingw32/bin/../lib/gcc/nios2-elf/4.9.1/mno-hw-mul\libgcc.a(adddf3.o)
 .data          0x0000000000013568        0x0 c:/altera/15.0/nios2eds/bin/gnu/h-x86_64-mingw32/bin/../lib/gcc/nios2-elf/4.9.1/mno-hw-mul\libgcc.a(divdf3.o)
 .data          0x0000000000013568        0x0 c:/altera/15.0/nios2eds/bin/gnu/h-x86_64-mingw32/bin/../lib/gcc/nios2-elf/4.9.1/mno-hw-mul\libgcc.a(eqdf2.o)
 .data          0x0000000000013568        0x0 c:/altera/15.0/nios2eds/bin/gnu/h-x86_64-mingw32/bin/../lib/gcc/nios2-elf/4.9.1/mno-hw-mul\libgcc.a(gedf2.o)
 .data          0x0000000000013568        0x0 c:/altera/15.0/nios2eds/bin/gnu/h-x86_64-mingw32/bin/../lib/gcc/nios2-elf/4.9.1/mno-hw-mul\libgcc.a(ledf2.o)
 .data          0x0000000000013568        0x0 c:/altera/15.0/nios2eds/bin/gnu/h-x86_64-mingw32/bin/../lib/gcc/nios2-elf/4.9.1/mno-hw-mul\libgcc.a(muldf3.o)
 .data          0x0000000000013568        0x0 c:/altera/15.0/nios2eds/bin/gnu/h-x86_64-mingw32/bin/../lib/gcc/nios2-elf/4.9.1/mno-hw-mul\libgcc.a(subdf3.o)
 .data          0x0000000000013568        0x0 c:/altera/15.0/nios2eds/bin/gnu/h-x86_64-mingw32/bin/../lib/gcc/nios2-elf/4.9.1/mno-hw-mul\libgcc.a(fixdfsi.o)
 .data          0x0000000000013568        0x0 c:/altera/15.0/nios2eds/bin/gnu/h-x86_64-mingw32/bin/../lib/gcc/nios2-elf/4.9.1/mno-hw-mul\libgcc.a(floatsidf.o)
 .data          0x0000000000013568        0x0 c:/altera/15.0/nios2eds/bin/gnu/h-x86_64-mingw32/bin/../lib/gcc/nios2-elf/4.9.1/mno-hw-mul\libgcc.a(floatunsidf.o)
 .data          0x0000000000013568        0x0 c:/altera/15.0/nios2eds/bin/gnu/h-x86_64-mingw32/bin/../lib/gcc/nios2-elf/4.9.1/mno-hw-mul\libgcc.a(_clz.o)
 .data          0x0000000000013568        0x0 c:/altera/15.0/nios2eds/bin/gnu/h-x86_64-mingw32/bin/../lib/gcc/nios2-elf/4.9.1/mno-hw-mul\libgcc.a(_clzsi2.o)
 .data          0x0000000000013568        0x0 ../Final_Project_Code_bsp/\libhal_bsp.a(alt_close.o)
 .data          0x0000000000013568      0x1a8 ../Final_Project_Code_bsp/\libhal_bsp.a(alt_dev.o)
                0x0000000000013568                alt_dev_null
                0x0000000000013590                alt_fd_list
 .data          0x0000000000013710        0x0 ../Final_Project_Code_bsp/\libhal_bsp.a(alt_errno.o)
 .data          0x0000000000013710        0x0 ../Final_Project_Code_bsp/\libhal_bsp.a(alt_fstat.o)
 .data          0x0000000000013710        0x0 ../Final_Project_Code_bsp/\libhal_bsp.a(alt_isatty.o)
 .data          0x0000000000013710        0x0 ../Final_Project_Code_bsp/\libhal_bsp.a(alt_load.o)
 .data          0x0000000000013710        0x0 ../Final_Project_Code_bsp/\libhal_bsp.a(alt_lseek.o)
 .data          0x0000000000013710        0x0 ../Final_Project_Code_bsp/\libhal_bsp.a(alt_main.o)
 .data          0x0000000000013710        0x0 ../Final_Project_Code_bsp/\libhal_bsp.a(alt_malloc_lock.o)
 .data          0x0000000000013710        0x0 ../Final_Project_Code_bsp/\libhal_bsp.a(alt_read.o)
 .data          0x0000000000013710        0x0 ../Final_Project_Code_bsp/\libhal_bsp.a(alt_release_fd.o)
 .data          0x0000000000013710        0x0 ../Final_Project_Code_bsp/\libhal_bsp.a(alt_sbrk.o)
 .data          0x0000000000013710        0x0 ../Final_Project_Code_bsp/\libhal_bsp.a(alt_usleep.o)
 .data          0x0000000000013710        0x0 ../Final_Project_Code_bsp/\libhal_bsp.a(alt_write.o)
 .data          0x0000000000013710     0x1060 ../Final_Project_Code_bsp/\libhal_bsp.a(alt_sys_init.o)
 .data          0x0000000000014770        0x0 ../Final_Project_Code_bsp/\libhal_bsp.a(altera_avalon_jtag_uart_fd.o)
 .data          0x0000000000014770        0x0 ../Final_Project_Code_bsp/\libhal_bsp.a(altera_avalon_jtag_uart_init.o)
 .data          0x0000000000014770        0x0 ../Final_Project_Code_bsp/\libhal_bsp.a(altera_avalon_jtag_uart_ioctl.o)
 .data          0x0000000000014770        0x0 ../Final_Project_Code_bsp/\libhal_bsp.a(altera_avalon_jtag_uart_read.o)
 .data          0x0000000000014770        0x0 ../Final_Project_Code_bsp/\libhal_bsp.a(altera_avalon_jtag_uart_write.o)
 .data          0x0000000000014770        0x0 ../Final_Project_Code_bsp/\libhal_bsp.a(alt_alarm_start.o)
 .data          0x0000000000014770        0x0 ../Final_Project_Code_bsp/\libhal_bsp.a(alt_busy_sleep.o)
 .data          0x0000000000014770        0x0 ../Final_Project_Code_bsp/\libhal_bsp.a(alt_dcache_flush_all.o)
 .data          0x0000000000014770        0x0 ../Final_Project_Code_bsp/\libhal_bsp.a(alt_dev_llist_insert.o)
 .data          0x0000000000014770        0x0 ../Final_Project_Code_bsp/\libhal_bsp.a(alt_do_ctors.o)
 .data          0x0000000000014770        0x0 ../Final_Project_Code_bsp/\libhal_bsp.a(alt_do_dtors.o)
 .data          0x0000000000014770        0x0 ../Final_Project_Code_bsp/\libhal_bsp.a(alt_icache_flush_all.o)
 .data          0x0000000000014770        0x0 ../Final_Project_Code_bsp/\libhal_bsp.a(alt_iic.o)
 .data          0x0000000000014770        0x0 ../Final_Project_Code_bsp/\libhal_bsp.a(alt_iic_isr_register.o)
 .data          0x0000000000014770        0x0 ../Final_Project_Code_bsp/\libhal_bsp.a(alt_io_redirect.o)
 .data          0x0000000000014770        0x0 ../Final_Project_Code_bsp/\libhal_bsp.a(alt_irq_entry.o)
 .data          0x0000000000014770        0x0 ../Final_Project_Code_bsp/\libhal_bsp.a(alt_irq_handler.o)
 .data          0x0000000000014770        0x0 ../Final_Project_Code_bsp/\libhal_bsp.a(alt_irq_vars.o)
 .data          0x0000000000014770        0x0 ../Final_Project_Code_bsp/\libhal_bsp.a(alt_open.o)
 .data          0x0000000000014770        0x0 ../Final_Project_Code_bsp/\libhal_bsp.a(alt_tick.o)
 .data          0x0000000000014770        0x0 ../Final_Project_Code_bsp/\libhal_bsp.a(altera_nios2_gen2_irq.o)
 .data          0x0000000000014770        0x0 ../Final_Project_Code_bsp/\libhal_bsp.a(alt_exception_entry.o)
 .data          0x0000000000014770        0x0 ../Final_Project_Code_bsp/\libhal_bsp.a(alt_find_dev.o)
 .data          0x0000000000014770        0x0 ../Final_Project_Code_bsp/\libhal_bsp.a(alt_find_file.o)
 .data          0x0000000000014770        0x0 ../Final_Project_Code_bsp/\libhal_bsp.a(alt_get_fd.o)
 .data          0x0000000000014770        0x0 ../Final_Project_Code_bsp/\libhal_bsp.a(alt_instruction_exception_entry.o)
 .data          0x0000000000014770        0x0 c:/altera/15.0/nios2eds/bin/gnu/h-x86_64-mingw32/bin/../lib/gcc/nios2-elf/4.9.1/../../../../../H-x86_64-mingw32/nios2-elf/lib/mno-hw-mul\libc.a(lib_a-atexit.o)
 .data          0x0000000000014770        0x0 c:/altera/15.0/nios2eds/bin/gnu/h-x86_64-mingw32/bin/../lib/gcc/nios2-elf/4.9.1/../../../../../H-x86_64-mingw32/nios2-elf/lib/mno-hw-mul\libc.a(lib_a-exit.o)
 .data          0x0000000000014770        0x0 c:/altera/15.0/nios2eds/bin/gnu/h-x86_64-mingw32/bin/../lib/gcc/nios2-elf/4.9.1/../../../../../H-x86_64-mingw32/nios2-elf/lib/mno-hw-mul\libc.a(lib_a-memcmp.o)
 .data          0x0000000000014770        0x0 c:/altera/15.0/nios2eds/bin/gnu/h-x86_64-mingw32/bin/../lib/gcc/nios2-elf/4.9.1/../../../../../H-x86_64-mingw32/nios2-elf/lib/mno-hw-mul\libc.a(lib_a-__atexit.o)
 .data          0x0000000000014770        0x0 c:/altera/15.0/nios2eds/bin/gnu/h-x86_64-mingw32/bin/../lib/gcc/nios2-elf/4.9.1/../../../../../H-x86_64-mingw32/nios2-elf/lib/mno-hw-mul\libc.a(lib_a-__call_atexit.o)
 .data          0x0000000000014770        0x0 ../Final_Project_Code_bsp/\libhal_bsp.a(alt_exit.o)
                0x000000000001c770                _gp = ABSOLUTE ((. + 0x8000))
                0x000000000001c770                PROVIDE (gp, _gp)
 *(.rwdata .rwdata.*)
 *(.sdata .sdata.* .gnu.linkonce.s.*)
 .sdata         0x0000000000014770        0x8 c:/altera/15.0/nios2eds/bin/gnu/h-x86_64-mingw32/bin/../lib/gcc/nios2-elf/4.9.1/../../../../../H-x86_64-mingw32/nios2-elf/lib/mno-hw-mul\libc.a(lib_a-mallocr.o)
                0x0000000000014770                __malloc_sbrk_base
                0x0000000000014774                __malloc_trim_threshold
 .sdata         0x0000000000014778        0x8 c:/altera/15.0/nios2eds/bin/gnu/h-x86_64-mingw32/bin/../lib/gcc/nios2-elf/4.9.1/../../../../../H-x86_64-mingw32/nios2-elf/lib/mno-hw-mul\libc.a(lib_a-impure.o)
                0x0000000000014778                _global_impure_ptr
                0x000000000001477c                _impure_ptr
 .sdata         0x0000000000014780        0x4 c:/altera/15.0/nios2eds/bin/gnu/h-x86_64-mingw32/bin/../lib/gcc/nios2-elf/4.9.1/../../../../../H-x86_64-mingw32/nios2-elf/lib/mno-hw-mul\libc.a(lib_a-locale.o)
                0x0000000000014780                __mb_cur_max
 .sdata         0x0000000000014784        0x4 c:/altera/15.0/nios2eds/bin/gnu/h-x86_64-mingw32/bin/../lib/gcc/nios2-elf/4.9.1/../../../../../H-x86_64-mingw32/nios2-elf/lib/mno-hw-mul\libc.a(lib_a-wctomb_r.o)
                0x0000000000014784                __wctomb
 .sdata         0x0000000000014788       0x14 ../Final_Project_Code_bsp/\libhal_bsp.a(alt_dev.o)
                0x0000000000014788                alt_fs_list
                0x0000000000014790                alt_dev_list
                0x0000000000014798                alt_max_fd
 .sdata         0x000000000001479c        0x4 ../Final_Project_Code_bsp/\libhal_bsp.a(alt_errno.o)
                0x000000000001479c                alt_errno
 .sdata         0x00000000000147a0        0x4 ../Final_Project_Code_bsp/\libhal_bsp.a(alt_sbrk.o)
 .sdata         0x00000000000147a4        0x4 ../Final_Project_Code_bsp/\libhal_bsp.a(alt_irq_vars.o)
                0x00000000000147a4                alt_priority_mask
 .sdata         0x00000000000147a8        0x8 ../Final_Project_Code_bsp/\libhal_bsp.a(alt_tick.o)
                0x00000000000147a8                alt_alarm_list
 *(.sdata2 .sdata2.* .gnu.linkonce.s2.*)
                0x00000000000147b0                . = ALIGN (0x4)
                0x00000000000147b0                _edata = ABSOLUTE (.)
                0x00000000000147b0                PROVIDE (edata, ABSOLUTE (.))
                0x00000000000147b0                PROVIDE (__ram_rwdata_end, ABSOLUTE (.))
                0x00000000000147b0                PROVIDE (__flash_rwdata_start, LOADADDR (.rwdata))

.bss            0x0000000000016304      0x17c
                0x0000000000016304                __bss_start = ABSOLUTE (.)
                0x0000000000016304                PROVIDE (__sbss_start, ABSOLUTE (.))
                0x0000000000016304                PROVIDE (___sbss_start, ABSOLUTE (.))
 *(.dynsbss)
 *(.sbss .sbss.* .gnu.linkonce.sb.*)
 .sbss          0x0000000000016304       0x10 obj/default/keyboard_functions.o
                0x0000000000016308                fs_device
                0x000000000001630c                keycode
                0x0000000000016310                toggle
 .sbss          0x0000000000016314        0xa obj/default/keyboard_functions.o
                0x0000000000016314                usb_ctl_val
                0x0000000000016316                data_size
                0x0000000000016318                intStat
                0x000000000001631a                hot_plug_count
                0x000000000001631c                code
 *fill*         0x000000000001631e        0x2 
 .sbss          0x0000000000016320        0xc c:/altera/15.0/nios2eds/bin/gnu/h-x86_64-mingw32/bin/../lib/gcc/nios2-elf/4.9.1/../../../../../H-x86_64-mingw32/nios2-elf/lib/mno-hw-mul\libc.a(lib_a-mallocr.o)
                0x0000000000016320                __malloc_max_total_mem
                0x0000000000016324                __malloc_max_sbrked_mem
                0x0000000000016328                __malloc_top_pad
 .sbss          0x000000000001632c        0x4 c:/altera/15.0/nios2eds/bin/gnu/h-x86_64-mingw32/bin/../lib/gcc/nios2-elf/4.9.1/../../../../../H-x86_64-mingw32/nios2-elf/lib/mno-hw-mul\libc.a(lib_a-int_errno.o)
                0x000000000001632c                errno
 .sbss          0x0000000000016330        0xc c:/altera/15.0/nios2eds/bin/gnu/h-x86_64-mingw32/bin/../lib/gcc/nios2-elf/4.9.1/../../../../../H-x86_64-mingw32/nios2-elf/lib/mno-hw-mul\libc.a(lib_a-locale.o)
                0x0000000000016330                _PathLocale
                0x0000000000016334                __mlocale_changed
                0x0000000000016338                __nlocale_changed
 .sbss          0x000000000001633c        0xc ../Final_Project_Code_bsp/\libhal_bsp.a(alt_main.o)
                0x000000000001633c                alt_argc
                0x0000000000016340                alt_argv
                0x0000000000016344                alt_envp
 .sbss          0x0000000000016348        0x4 ../Final_Project_Code_bsp/\libhal_bsp.a(alt_irq_vars.o)
                0x0000000000016348                alt_irq_active
 .sbss          0x000000000001634c        0x8 ../Final_Project_Code_bsp/\libhal_bsp.a(alt_tick.o)
                0x000000000001634c                _alt_tick_rate
                0x0000000000016350                _alt_nticks
 .sbss          0x0000000000016354        0x4 ../Final_Project_Code_bsp/\libhal_bsp.a(alt_instruction_exception_entry.o)
                0x0000000000016354                alt_instruction_exception_handler
 *(.sbss2 .sbss2.* .gnu.linkonce.sb2.*)
 *(.scommon)
                0x0000000000016358                PROVIDE (__sbss_end, ABSOLUTE (.))
                0x0000000000016358                PROVIDE (___sbss_end, ABSOLUTE (.))
 *(.dynbss)
 *(.bss .bss.* .gnu.linkonce.b.*)
 .bss           0x0000000000016358        0x0 ../Final_Project_Code_bsp//obj/HAL/src/crt0.o
 .bss           0x0000000000016358        0x0 obj/default/io_handler.o
 .bss           0x0000000000016358        0x0 obj/default/keyboard_functions.o
 .bss           0x0000000000016358        0x0 obj/default/main.o
 .bss           0x0000000000016358        0x0 obj/default/play_game.o
 .bss           0x0000000000016358        0x0 obj/default/usb.o
 .bss           0x0000000000016358        0x0 c:/altera/15.0/nios2eds/bin/gnu/h-x86_64-mingw32/bin/../lib/gcc/nios2-elf/4.9.1/mno-hw-mul\libgcc.a(lib2-divmod.o)
 .bss           0x0000000000016358        0x0 c:/altera/15.0/nios2eds/bin/gnu/h-x86_64-mingw32/bin/../lib/gcc/nios2-elf/4.9.1/../../../../../H-x86_64-mingw32/nios2-elf/lib/mno-hw-mul\libc.a(lib_a-malloc.o)
 .bss           0x0000000000016358       0x28 c:/altera/15.0/nios2eds/bin/gnu/h-x86_64-mingw32/bin/../lib/gcc/nios2-elf/4.9.1/../../../../../H-x86_64-mingw32/nios2-elf/lib/mno-hw-mul\libc.a(lib_a-mallocr.o)
                0x0000000000016358                __malloc_current_mallinfo
 .bss           0x0000000000016380        0x0 c:/altera/15.0/nios2eds/bin/gnu/h-x86_64-mingw32/bin/../lib/gcc/nios2-elf/4.9.1/../../../../../H-x86_64-mingw32/nios2-elf/lib/mno-hw-mul\libc.a(lib_a-printf.o)
 .bss           0x0000000000016380        0x0 c:/altera/15.0/nios2eds/bin/gnu/h-x86_64-mingw32/bin/../lib/gcc/nios2-elf/4.9.1/../../../../../H-x86_64-mingw32/nios2-elf/lib/mno-hw-mul\libc.a(lib_a-puts.o)
 .bss           0x0000000000016380        0x0 c:/altera/15.0/nios2eds/bin/gnu/h-x86_64-mingw32/bin/../lib/gcc/nios2-elf/4.9.1/../../../../../H-x86_64-mingw32/nios2-elf/lib/mno-hw-mul\libc.a(lib_a-rand.o)
 .bss           0x0000000000016380        0x0 c:/altera/15.0/nios2eds/bin/gnu/h-x86_64-mingw32/bin/../lib/gcc/nios2-elf/4.9.1/../../../../../H-x86_64-mingw32/nios2-elf/lib/mno-hw-mul\libc.a(lib_a-sbrkr.o)
 .bss           0x0000000000016380        0x0 c:/altera/15.0/nios2eds/bin/gnu/h-x86_64-mingw32/bin/../lib/gcc/nios2-elf/4.9.1/../../../../../H-x86_64-mingw32/nios2-elf/lib/mno-hw-mul\libc.a(lib_a-strlen.o)
 .bss           0x0000000000016380        0x0 c:/altera/15.0/nios2eds/bin/gnu/h-x86_64-mingw32/bin/../lib/gcc/nios2-elf/4.9.1/../../../../../H-x86_64-mingw32/nios2-elf/lib/mno-hw-mul\libc.a(lib_a-vfprintf.o)
 .bss           0x0000000000016380        0x0 c:/altera/15.0/nios2eds/bin/gnu/h-x86_64-mingw32/bin/../lib/gcc/nios2-elf/4.9.1/../../../../../H-x86_64-mingw32/nios2-elf/lib/mno-hw-mul\libc.a(lib_a-wsetup.o)
 .bss           0x0000000000016380        0x0 c:/altera/15.0/nios2eds/bin/gnu/h-x86_64-mingw32/bin/../lib/gcc/nios2-elf/4.9.1/../../../../../H-x86_64-mingw32/nios2-elf/lib/mno-hw-mul\libc.a(lib_a-dtoa.o)
 .bss           0x0000000000016380        0x0 c:/altera/15.0/nios2eds/bin/gnu/h-x86_64-mingw32/bin/../lib/gcc/nios2-elf/4.9.1/../../../../../H-x86_64-mingw32/nios2-elf/lib/mno-hw-mul\libc.a(lib_a-fflush.o)
 .bss           0x0000000000016380        0x0 c:/altera/15.0/nios2eds/bin/gnu/h-x86_64-mingw32/bin/../lib/gcc/nios2-elf/4.9.1/../../../../../H-x86_64-mingw32/nios2-elf/lib/mno-hw-mul\libc.a(lib_a-findfp.o)
 .bss           0x0000000000016380        0x0 c:/altera/15.0/nios2eds/bin/gnu/h-x86_64-mingw32/bin/../lib/gcc/nios2-elf/4.9.1/../../../../../H-x86_64-mingw32/nios2-elf/lib/mno-hw-mul\libc.a(lib_a-freer.o)
 .bss           0x0000000000016380        0x0 c:/altera/15.0/nios2eds/bin/gnu/h-x86_64-mingw32/bin/../lib/gcc/nios2-elf/4.9.1/../../../../../H-x86_64-mingw32/nios2-elf/lib/mno-hw-mul\libc.a(lib_a-fvwrite.o)
 .bss           0x0000000000016380        0x0 c:/altera/15.0/nios2eds/bin/gnu/h-x86_64-mingw32/bin/../lib/gcc/nios2-elf/4.9.1/../../../../../H-x86_64-mingw32/nios2-elf/lib/mno-hw-mul\libc.a(lib_a-fwalk.o)
 .bss           0x0000000000016380        0x0 c:/altera/15.0/nios2eds/bin/gnu/h-x86_64-mingw32/bin/../lib/gcc/nios2-elf/4.9.1/../../../../../H-x86_64-mingw32/nios2-elf/lib/mno-hw-mul\libc.a(lib_a-impure.o)
 .bss           0x0000000000016380        0x0 c:/altera/15.0/nios2eds/bin/gnu/h-x86_64-mingw32/bin/../lib/gcc/nios2-elf/4.9.1/../../../../../H-x86_64-mingw32/nios2-elf/lib/mno-hw-mul\libc.a(lib_a-int_errno.o)
 .bss           0x0000000000016380        0x0 c:/altera/15.0/nios2eds/bin/gnu/h-x86_64-mingw32/bin/../lib/gcc/nios2-elf/4.9.1/../../../../../H-x86_64-mingw32/nios2-elf/lib/mno-hw-mul\libc.a(lib_a-locale.o)
 .bss           0x0000000000016380        0x0 c:/altera/15.0/nios2eds/bin/gnu/h-x86_64-mingw32/bin/../lib/gcc/nios2-elf/4.9.1/../../../../../H-x86_64-mingw32/nios2-elf/lib/mno-hw-mul\libc.a(lib_a-makebuf.o)
 .bss           0x0000000000016380        0x0 c:/altera/15.0/nios2eds/bin/gnu/h-x86_64-mingw32/bin/../lib/gcc/nios2-elf/4.9.1/../../../../../H-x86_64-mingw32/nios2-elf/lib/mno-hw-mul\libc.a(lib_a-memchr.o)
 .bss           0x0000000000016380        0x0 c:/altera/15.0/nios2eds/bin/gnu/h-x86_64-mingw32/bin/../lib/gcc/nios2-elf/4.9.1/../../../../../H-x86_64-mingw32/nios2-elf/lib/mno-hw-mul\libc.a(lib_a-memcpy.o)
 .bss           0x0000000000016380        0x0 c:/altera/15.0/nios2eds/bin/gnu/h-x86_64-mingw32/bin/../lib/gcc/nios2-elf/4.9.1/../../../../../H-x86_64-mingw32/nios2-elf/lib/mno-hw-mul\libc.a(lib_a-memmove.o)
 .bss           0x0000000000016380        0x0 c:/altera/15.0/nios2eds/bin/gnu/h-x86_64-mingw32/bin/../lib/gcc/nios2-elf/4.9.1/../../../../../H-x86_64-mingw32/nios2-elf/lib/mno-hw-mul\libc.a(lib_a-memset.o)
 .bss           0x0000000000016380        0x0 c:/altera/15.0/nios2eds/bin/gnu/h-x86_64-mingw32/bin/../lib/gcc/nios2-elf/4.9.1/../../../../../H-x86_64-mingw32/nios2-elf/lib/mno-hw-mul\libc.a(lib_a-mprec.o)
 .bss           0x0000000000016380        0x0 c:/altera/15.0/nios2eds/bin/gnu/h-x86_64-mingw32/bin/../lib/gcc/nios2-elf/4.9.1/../../../../../H-x86_64-mingw32/nios2-elf/lib/mno-hw-mul\libc.a(lib_a-reallocr.o)
 .bss           0x0000000000016380        0x0 c:/altera/15.0/nios2eds/bin/gnu/h-x86_64-mingw32/bin/../lib/gcc/nios2-elf/4.9.1/../../../../../H-x86_64-mingw32/nios2-elf/lib/mno-hw-mul\libc.a(lib_a-s_fpclassify.o)
 .bss           0x0000000000016380        0x0 c:/altera/15.0/nios2eds/bin/gnu/h-x86_64-mingw32/bin/../lib/gcc/nios2-elf/4.9.1/../../../../../H-x86_64-mingw32/nios2-elf/lib/mno-hw-mul\libc.a(lib_a-stdio.o)
 .bss           0x0000000000016380        0x0 c:/altera/15.0/nios2eds/bin/gnu/h-x86_64-mingw32/bin/../lib/gcc/nios2-elf/4.9.1/../../../../../H-x86_64-mingw32/nios2-elf/lib/mno-hw-mul\libc.a(lib_a-strcmp.o)
 .bss           0x0000000000016380        0x0 c:/altera/15.0/nios2eds/bin/gnu/h-x86_64-mingw32/bin/../lib/gcc/nios2-elf/4.9.1/../../../../../H-x86_64-mingw32/nios2-elf/lib/mno-hw-mul\libc.a(lib_a-vfiprintf.o)
 .bss           0x0000000000016380        0x0 c:/altera/15.0/nios2eds/bin/gnu/h-x86_64-mingw32/bin/../lib/gcc/nios2-elf/4.9.1/../../../../../H-x86_64-mingw32/nios2-elf/lib/mno-hw-mul\libc.a(lib_a-writer.o)
 .bss           0x0000000000016380        0x0 c:/altera/15.0/nios2eds/bin/gnu/h-x86_64-mingw32/bin/../lib/gcc/nios2-elf/4.9.1/../../../../../H-x86_64-mingw32/nios2-elf/lib/mno-hw-mul\libc.a(closer.o)
 .bss           0x0000000000016380        0x0 c:/altera/15.0/nios2eds/bin/gnu/h-x86_64-mingw32/bin/../lib/gcc/nios2-elf/4.9.1/../../../../../H-x86_64-mingw32/nios2-elf/lib/mno-hw-mul\libc.a(lib_a-callocr.o)
 .bss           0x0000000000016380        0x0 c:/altera/15.0/nios2eds/bin/gnu/h-x86_64-mingw32/bin/../lib/gcc/nios2-elf/4.9.1/../../../../../H-x86_64-mingw32/nios2-elf/lib/mno-hw-mul\libc.a(lib_a-fclose.o)
 .bss           0x0000000000016380        0x0 c:/altera/15.0/nios2eds/bin/gnu/h-x86_64-mingw32/bin/../lib/gcc/nios2-elf/4.9.1/../../../../../H-x86_64-mingw32/nios2-elf/lib/mno-hw-mul\libc.a(lib_a-fputwc.o)
 .bss           0x0000000000016380        0x0 c:/altera/15.0/nios2eds/bin/gnu/h-x86_64-mingw32/bin/../lib/gcc/nios2-elf/4.9.1/../../../../../H-x86_64-mingw32/nios2-elf/lib/mno-hw-mul\libc.a(lib_a-fstatr.o)
 .bss           0x0000000000016380        0x0 c:/altera/15.0/nios2eds/bin/gnu/h-x86_64-mingw32/bin/../lib/gcc/nios2-elf/4.9.1/../../../../../H-x86_64-mingw32/nios2-elf/lib/mno-hw-mul\libc.a(lib_a-isattyr.o)
 .bss           0x0000000000016380        0x0 c:/altera/15.0/nios2eds/bin/gnu/h-x86_64-mingw32/bin/../lib/gcc/nios2-elf/4.9.1/../../../../../H-x86_64-mingw32/nios2-elf/lib/mno-hw-mul\libc.a(lib_a-lseekr.o)
 .bss           0x0000000000016380        0x0 c:/altera/15.0/nios2eds/bin/gnu/h-x86_64-mingw32/bin/../lib/gcc/nios2-elf/4.9.1/../../../../../H-x86_64-mingw32/nios2-elf/lib/mno-hw-mul\libc.a(lib_a-readr.o)
 .bss           0x0000000000016380        0x0 c:/altera/15.0/nios2eds/bin/gnu/h-x86_64-mingw32/bin/../lib/gcc/nios2-elf/4.9.1/../../../../../H-x86_64-mingw32/nios2-elf/lib/mno-hw-mul\libc.a(lib_a-wbuf.o)
 .bss           0x0000000000016380        0x0 c:/altera/15.0/nios2eds/bin/gnu/h-x86_64-mingw32/bin/../lib/gcc/nios2-elf/4.9.1/../../../../../H-x86_64-mingw32/nios2-elf/lib/mno-hw-mul\libc.a(lib_a-wcrtomb.o)
 .bss           0x0000000000016380        0x0 c:/altera/15.0/nios2eds/bin/gnu/h-x86_64-mingw32/bin/../lib/gcc/nios2-elf/4.9.1/../../../../../H-x86_64-mingw32/nios2-elf/lib/mno-hw-mul\libc.a(lib_a-wctomb_r.o)
 .bss           0x0000000000016380        0x0 c:/altera/15.0/nios2eds/bin/gnu/h-x86_64-mingw32/bin/../lib/gcc/nios2-elf/4.9.1/mno-hw-mul\libgcc.a(_muldi3.o)
 .bss           0x0000000000016380        0x0 c:/altera/15.0/nios2eds/bin/gnu/h-x86_64-mingw32/bin/../lib/gcc/nios2-elf/4.9.1/mno-hw-mul\libgcc.a(_udivdi3.o)
 .bss           0x0000000000016380        0x0 c:/altera/15.0/nios2eds/bin/gnu/h-x86_64-mingw32/bin/../lib/gcc/nios2-elf/4.9.1/mno-hw-mul\libgcc.a(_umoddi3.o)
 .bss           0x0000000000016380        0x0 c:/altera/15.0/nios2eds/bin/gnu/h-x86_64-mingw32/bin/../lib/gcc/nios2-elf/4.9.1/mno-hw-mul\libgcc.a(lib2-mul.o)
 .bss           0x0000000000016380        0x0 c:/altera/15.0/nios2eds/bin/gnu/h-x86_64-mingw32/bin/../lib/gcc/nios2-elf/4.9.1/mno-hw-mul\libgcc.a(adddf3.o)
 .bss           0x0000000000016380        0x0 c:/altera/15.0/nios2eds/bin/gnu/h-x86_64-mingw32/bin/../lib/gcc/nios2-elf/4.9.1/mno-hw-mul\libgcc.a(divdf3.o)
 .bss           0x0000000000016380        0x0 c:/altera/15.0/nios2eds/bin/gnu/h-x86_64-mingw32/bin/../lib/gcc/nios2-elf/4.9.1/mno-hw-mul\libgcc.a(eqdf2.o)
 .bss           0x0000000000016380        0x0 c:/altera/15.0/nios2eds/bin/gnu/h-x86_64-mingw32/bin/../lib/gcc/nios2-elf/4.9.1/mno-hw-mul\libgcc.a(gedf2.o)
 .bss           0x0000000000016380        0x0 c:/altera/15.0/nios2eds/bin/gnu/h-x86_64-mingw32/bin/../lib/gcc/nios2-elf/4.9.1/mno-hw-mul\libgcc.a(ledf2.o)
 .bss           0x0000000000016380        0x0 c:/altera/15.0/nios2eds/bin/gnu/h-x86_64-mingw32/bin/../lib/gcc/nios2-elf/4.9.1/mno-hw-mul\libgcc.a(muldf3.o)
 .bss           0x0000000000016380        0x0 c:/altera/15.0/nios2eds/bin/gnu/h-x86_64-mingw32/bin/../lib/gcc/nios2-elf/4.9.1/mno-hw-mul\libgcc.a(subdf3.o)
 .bss           0x0000000000016380        0x0 c:/altera/15.0/nios2eds/bin/gnu/h-x86_64-mingw32/bin/../lib/gcc/nios2-elf/4.9.1/mno-hw-mul\libgcc.a(fixdfsi.o)
 .bss           0x0000000000016380        0x0 c:/altera/15.0/nios2eds/bin/gnu/h-x86_64-mingw32/bin/../lib/gcc/nios2-elf/4.9.1/mno-hw-mul\libgcc.a(floatsidf.o)
 .bss           0x0000000000016380        0x0 c:/altera/15.0/nios2eds/bin/gnu/h-x86_64-mingw32/bin/../lib/gcc/nios2-elf/4.9.1/mno-hw-mul\libgcc.a(floatunsidf.o)
 .bss           0x0000000000016380        0x0 c:/altera/15.0/nios2eds/bin/gnu/h-x86_64-mingw32/bin/../lib/gcc/nios2-elf/4.9.1/mno-hw-mul\libgcc.a(_clz.o)
 .bss           0x0000000000016380        0x0 c:/altera/15.0/nios2eds/bin/gnu/h-x86_64-mingw32/bin/../lib/gcc/nios2-elf/4.9.1/mno-hw-mul\libgcc.a(_clzsi2.o)
 .bss           0x0000000000016380        0x0 ../Final_Project_Code_bsp/\libhal_bsp.a(alt_close.o)
 .bss           0x0000000000016380        0x0 ../Final_Project_Code_bsp/\libhal_bsp.a(alt_dev.o)
 .bss           0x0000000000016380        0x0 ../Final_Project_Code_bsp/\libhal_bsp.a(alt_errno.o)
 .bss           0x0000000000016380        0x0 ../Final_Project_Code_bsp/\libhal_bsp.a(alt_fstat.o)
 .bss           0x0000000000016380        0x0 ../Final_Project_Code_bsp/\libhal_bsp.a(alt_isatty.o)
 .bss           0x0000000000016380        0x0 ../Final_Project_Code_bsp/\libhal_bsp.a(alt_load.o)
 .bss           0x0000000000016380        0x0 ../Final_Project_Code_bsp/\libhal_bsp.a(alt_lseek.o)
 .bss           0x0000000000016380        0x0 ../Final_Project_Code_bsp/\libhal_bsp.a(alt_main.o)
 .bss           0x0000000000016380        0x0 ../Final_Project_Code_bsp/\libhal_bsp.a(alt_malloc_lock.o)
 .bss           0x0000000000016380        0x0 ../Final_Project_Code_bsp/\libhal_bsp.a(alt_read.o)
 .bss           0x0000000000016380        0x0 ../Final_Project_Code_bsp/\libhal_bsp.a(alt_release_fd.o)
 .bss           0x0000000000016380        0x0 ../Final_Project_Code_bsp/\libhal_bsp.a(alt_sbrk.o)
 .bss           0x0000000000016380        0x0 ../Final_Project_Code_bsp/\libhal_bsp.a(alt_usleep.o)
 .bss           0x0000000000016380        0x0 ../Final_Project_Code_bsp/\libhal_bsp.a(alt_write.o)
 .bss           0x0000000000016380        0x0 ../Final_Project_Code_bsp/\libhal_bsp.a(alt_sys_init.o)
 .bss           0x0000000000016380        0x0 ../Final_Project_Code_bsp/\libhal_bsp.a(altera_avalon_jtag_uart_fd.o)
 .bss           0x0000000000016380        0x0 ../Final_Project_Code_bsp/\libhal_bsp.a(altera_avalon_jtag_uart_init.o)
 .bss           0x0000000000016380        0x0 ../Final_Project_Code_bsp/\libhal_bsp.a(altera_avalon_jtag_uart_ioctl.o)
 .bss           0x0000000000016380        0x0 ../Final_Project_Code_bsp/\libhal_bsp.a(altera_avalon_jtag_uart_read.o)
 .bss           0x0000000000016380        0x0 ../Final_Project_Code_bsp/\libhal_bsp.a(altera_avalon_jtag_uart_write.o)
 .bss           0x0000000000016380        0x0 ../Final_Project_Code_bsp/\libhal_bsp.a(alt_alarm_start.o)
 .bss           0x0000000000016380        0x0 ../Final_Project_Code_bsp/\libhal_bsp.a(alt_busy_sleep.o)
 .bss           0x0000000000016380        0x0 ../Final_Project_Code_bsp/\libhal_bsp.a(alt_dcache_flush_all.o)
 .bss           0x0000000000016380        0x0 ../Final_Project_Code_bsp/\libhal_bsp.a(alt_dev_llist_insert.o)
 .bss           0x0000000000016380        0x0 ../Final_Project_Code_bsp/\libhal_bsp.a(alt_do_ctors.o)
 .bss           0x0000000000016380        0x0 ../Final_Project_Code_bsp/\libhal_bsp.a(alt_do_dtors.o)
 .bss           0x0000000000016380        0x0 ../Final_Project_Code_bsp/\libhal_bsp.a(alt_icache_flush_all.o)
 .bss           0x0000000000016380        0x0 ../Final_Project_Code_bsp/\libhal_bsp.a(alt_iic.o)
 .bss           0x0000000000016380        0x0 ../Final_Project_Code_bsp/\libhal_bsp.a(alt_iic_isr_register.o)
 .bss           0x0000000000016380        0x0 ../Final_Project_Code_bsp/\libhal_bsp.a(alt_io_redirect.o)
 .bss           0x0000000000016380        0x0 ../Final_Project_Code_bsp/\libhal_bsp.a(alt_irq_entry.o)
 .bss           0x0000000000016380        0x0 ../Final_Project_Code_bsp/\libhal_bsp.a(alt_irq_handler.o)
 .bss           0x0000000000016380        0x0 ../Final_Project_Code_bsp/\libhal_bsp.a(alt_irq_vars.o)
 .bss           0x0000000000016380        0x0 ../Final_Project_Code_bsp/\libhal_bsp.a(alt_open.o)
 .bss           0x0000000000016380        0x0 ../Final_Project_Code_bsp/\libhal_bsp.a(alt_tick.o)
 .bss           0x0000000000016380        0x0 ../Final_Project_Code_bsp/\libhal_bsp.a(altera_nios2_gen2_irq.o)
 .bss           0x0000000000016380        0x0 ../Final_Project_Code_bsp/\libhal_bsp.a(alt_exception_entry.o)
 .bss           0x0000000000016380        0x0 ../Final_Project_Code_bsp/\libhal_bsp.a(alt_find_dev.o)
 .bss           0x0000000000016380        0x0 ../Final_Project_Code_bsp/\libhal_bsp.a(alt_find_file.o)
 .bss           0x0000000000016380        0x0 ../Final_Project_Code_bsp/\libhal_bsp.a(alt_get_fd.o)
 .bss           0x0000000000016380        0x0 ../Final_Project_Code_bsp/\libhal_bsp.a(alt_instruction_exception_entry.o)
 .bss           0x0000000000016380        0x0 c:/altera/15.0/nios2eds/bin/gnu/h-x86_64-mingw32/bin/../lib/gcc/nios2-elf/4.9.1/../../../../../H-x86_64-mingw32/nios2-elf/lib/mno-hw-mul\libc.a(lib_a-atexit.o)
 .bss           0x0000000000016380        0x0 c:/altera/15.0/nios2eds/bin/gnu/h-x86_64-mingw32/bin/../lib/gcc/nios2-elf/4.9.1/../../../../../H-x86_64-mingw32/nios2-elf/lib/mno-hw-mul\libc.a(lib_a-exit.o)
 .bss           0x0000000000016380        0x0 c:/altera/15.0/nios2eds/bin/gnu/h-x86_64-mingw32/bin/../lib/gcc/nios2-elf/4.9.1/../../../../../H-x86_64-mingw32/nios2-elf/lib/mno-hw-mul\libc.a(lib_a-memcmp.o)
 .bss           0x0000000000016380        0x0 c:/altera/15.0/nios2eds/bin/gnu/h-x86_64-mingw32/bin/../lib/gcc/nios2-elf/4.9.1/../../../../../H-x86_64-mingw32/nios2-elf/lib/mno-hw-mul\libc.a(lib_a-__atexit.o)
 .bss           0x0000000000016380        0x0 c:/altera/15.0/nios2eds/bin/gnu/h-x86_64-mingw32/bin/../lib/gcc/nios2-elf/4.9.1/../../../../../H-x86_64-mingw32/nios2-elf/lib/mno-hw-mul\libc.a(lib_a-__call_atexit.o)
 .bss           0x0000000000016380        0x0 ../Final_Project_Code_bsp/\libhal_bsp.a(alt_exit.o)
 *(COMMON)
 COMMON         0x0000000000016380      0x100 ../Final_Project_Code_bsp/\libhal_bsp.a(alt_irq_handler.o)
                0x0000000000016380                alt_irq
                0x0000000000016480                . = ALIGN (0x4)
                0x0000000000016480                __bss_end = ABSOLUTE (.)

.onchip_memory2_0
                0x0000000000016480        0x0
                0x0000000000016480                PROVIDE (_alt_partition_onchip_memory2_0_start, ABSOLUTE (.))
 *(.onchip_memory2_0 .onchip_memory2_0. onchip_memory2_0.*)
                0x0000000000016480                . = ALIGN (0x4)
                0x0000000000016480                PROVIDE (_alt_partition_onchip_memory2_0_end, ABSOLUTE (.))
                0x0000000000016480                _end = ABSOLUTE (.)
                0x0000000000016480                end = ABSOLUTE (.)
                0x0000000000016480                __alt_stack_base = ABSOLUTE (.)
                0x0000000000016480                PROVIDE (_alt_partition_onchip_memory2_0_load_addr, LOADADDR (.onchip_memory2_0))

.stab
 *(.stab)

.stabstr
 *(.stabstr)

.stab.excl
 *(.stab.excl)

.stab.exclstr
 *(.stab.exclstr)

.stab.index
 *(.stab.index)

.stab.indexstr
 *(.stab.indexstr)

.comment        0x0000000000000000       0x23
 *(.comment)
 .comment       0x0000000000000000       0x23 obj/default/io_handler.o
                                         0x24 (size before relaxing)
 .comment       0x0000000000000000       0x24 obj/default/keyboard_functions.o
 .comment       0x0000000000000000       0x24 obj/default/main.o
 .comment       0x0000000000000000       0x24 obj/default/play_game.o
 .comment       0x0000000000000000       0x24 obj/default/usb.o
 .comment       0x0000000000000000       0x24 c:/altera/15.0/nios2eds/bin/gnu/h-x86_64-mingw32/bin/../lib/gcc/nios2-elf/4.9.1/mno-hw-mul\libgcc.a(lib2-divmod.o)
 .comment       0x0000000000000000       0x24 c:/altera/15.0/nios2eds/bin/gnu/h-x86_64-mingw32/bin/../lib/gcc/nios2-elf/4.9.1/../../../../../H-x86_64-mingw32/nios2-elf/lib/mno-hw-mul\libc.a(lib_a-malloc.o)
 .comment       0x0000000000000000       0x24 c:/altera/15.0/nios2eds/bin/gnu/h-x86_64-mingw32/bin/../lib/gcc/nios2-elf/4.9.1/../../../../../H-x86_64-mingw32/nios2-elf/lib/mno-hw-mul\libc.a(lib_a-mallocr.o)
 .comment       0x0000000000000000       0x24 c:/altera/15.0/nios2eds/bin/gnu/h-x86_64-mingw32/bin/../lib/gcc/nios2-elf/4.9.1/../../../../../H-x86_64-mingw32/nios2-elf/lib/mno-hw-mul\libc.a(lib_a-printf.o)
 .comment       0x0000000000000000       0x24 c:/altera/15.0/nios2eds/bin/gnu/h-x86_64-mingw32/bin/../lib/gcc/nios2-elf/4.9.1/../../../../../H-x86_64-mingw32/nios2-elf/lib/mno-hw-mul\libc.a(lib_a-puts.o)
 .comment       0x0000000000000000       0x24 c:/altera/15.0/nios2eds/bin/gnu/h-x86_64-mingw32/bin/../lib/gcc/nios2-elf/4.9.1/../../../../../H-x86_64-mingw32/nios2-elf/lib/mno-hw-mul\libc.a(lib_a-rand.o)
 .comment       0x0000000000000000       0x24 c:/altera/15.0/nios2eds/bin/gnu/h-x86_64-mingw32/bin/../lib/gcc/nios2-elf/4.9.1/../../../../../H-x86_64-mingw32/nios2-elf/lib/mno-hw-mul\libc.a(lib_a-sbrkr.o)
 .comment       0x0000000000000000       0x24 c:/altera/15.0/nios2eds/bin/gnu/h-x86_64-mingw32/bin/../lib/gcc/nios2-elf/4.9.1/../../../../../H-x86_64-mingw32/nios2-elf/lib/mno-hw-mul\libc.a(lib_a-strlen.o)
 .comment       0x0000000000000000       0x24 c:/altera/15.0/nios2eds/bin/gnu/h-x86_64-mingw32/bin/../lib/gcc/nios2-elf/4.9.1/../../../../../H-x86_64-mingw32/nios2-elf/lib/mno-hw-mul\libc.a(lib_a-vfprintf.o)
 .comment       0x0000000000000000       0x24 c:/altera/15.0/nios2eds/bin/gnu/h-x86_64-mingw32/bin/../lib/gcc/nios2-elf/4.9.1/../../../../../H-x86_64-mingw32/nios2-elf/lib/mno-hw-mul\libc.a(lib_a-wsetup.o)
 .comment       0x0000000000000000       0x24 c:/altera/15.0/nios2eds/bin/gnu/h-x86_64-mingw32/bin/../lib/gcc/nios2-elf/4.9.1/../../../../../H-x86_64-mingw32/nios2-elf/lib/mno-hw-mul\libc.a(lib_a-dtoa.o)
 .comment       0x0000000000000000       0x24 c:/altera/15.0/nios2eds/bin/gnu/h-x86_64-mingw32/bin/../lib/gcc/nios2-elf/4.9.1/../../../../../H-x86_64-mingw32/nios2-elf/lib/mno-hw-mul\libc.a(lib_a-fflush.o)
 .comment       0x0000000000000000       0x24 c:/altera/15.0/nios2eds/bin/gnu/h-x86_64-mingw32/bin/../lib/gcc/nios2-elf/4.9.1/../../../../../H-x86_64-mingw32/nios2-elf/lib/mno-hw-mul\libc.a(lib_a-findfp.o)
 .comment       0x0000000000000000       0x24 c:/altera/15.0/nios2eds/bin/gnu/h-x86_64-mingw32/bin/../lib/gcc/nios2-elf/4.9.1/../../../../../H-x86_64-mingw32/nios2-elf/lib/mno-hw-mul\libc.a(lib_a-freer.o)
 .comment       0x0000000000000000       0x24 c:/altera/15.0/nios2eds/bin/gnu/h-x86_64-mingw32/bin/../lib/gcc/nios2-elf/4.9.1/../../../../../H-x86_64-mingw32/nios2-elf/lib/mno-hw-mul\libc.a(lib_a-fvwrite.o)
 .comment       0x0000000000000000       0x24 c:/altera/15.0/nios2eds/bin/gnu/h-x86_64-mingw32/bin/../lib/gcc/nios2-elf/4.9.1/../../../../../H-x86_64-mingw32/nios2-elf/lib/mno-hw-mul\libc.a(lib_a-fwalk.o)
 .comment       0x0000000000000000       0x24 c:/altera/15.0/nios2eds/bin/gnu/h-x86_64-mingw32/bin/../lib/gcc/nios2-elf/4.9.1/../../../../../H-x86_64-mingw32/nios2-elf/lib/mno-hw-mul\libc.a(lib_a-impure.o)
 .comment       0x0000000000000000       0x24 c:/altera/15.0/nios2eds/bin/gnu/h-x86_64-mingw32/bin/../lib/gcc/nios2-elf/4.9.1/../../../../../H-x86_64-mingw32/nios2-elf/lib/mno-hw-mul\libc.a(lib_a-int_errno.o)
 .comment       0x0000000000000000       0x24 c:/altera/15.0/nios2eds/bin/gnu/h-x86_64-mingw32/bin/../lib/gcc/nios2-elf/4.9.1/../../../../../H-x86_64-mingw32/nios2-elf/lib/mno-hw-mul\libc.a(lib_a-locale.o)
 .comment       0x0000000000000000       0x24 c:/altera/15.0/nios2eds/bin/gnu/h-x86_64-mingw32/bin/../lib/gcc/nios2-elf/4.9.1/../../../../../H-x86_64-mingw32/nios2-elf/lib/mno-hw-mul\libc.a(lib_a-makebuf.o)
 .comment       0x0000000000000000       0x24 c:/altera/15.0/nios2eds/bin/gnu/h-x86_64-mingw32/bin/../lib/gcc/nios2-elf/4.9.1/../../../../../H-x86_64-mingw32/nios2-elf/lib/mno-hw-mul\libc.a(lib_a-memchr.o)
 .comment       0x0000000000000000       0x24 c:/altera/15.0/nios2eds/bin/gnu/h-x86_64-mingw32/bin/../lib/gcc/nios2-elf/4.9.1/../../../../../H-x86_64-mingw32/nios2-elf/lib/mno-hw-mul\libc.a(lib_a-memcpy.o)
 .comment       0x0000000000000000       0x24 c:/altera/15.0/nios2eds/bin/gnu/h-x86_64-mingw32/bin/../lib/gcc/nios2-elf/4.9.1/../../../../../H-x86_64-mingw32/nios2-elf/lib/mno-hw-mul\libc.a(lib_a-memmove.o)
 .comment       0x0000000000000000       0x24 c:/altera/15.0/nios2eds/bin/gnu/h-x86_64-mingw32/bin/../lib/gcc/nios2-elf/4.9.1/../../../../../H-x86_64-mingw32/nios2-elf/lib/mno-hw-mul\libc.a(lib_a-memset.o)
 .comment       0x0000000000000000       0x24 c:/altera/15.0/nios2eds/bin/gnu/h-x86_64-mingw32/bin/../lib/gcc/nios2-elf/4.9.1/../../../../../H-x86_64-mingw32/nios2-elf/lib/mno-hw-mul\libc.a(lib_a-mprec.o)
 .comment       0x0000000000000000       0x24 c:/altera/15.0/nios2eds/bin/gnu/h-x86_64-mingw32/bin/../lib/gcc/nios2-elf/4.9.1/../../../../../H-x86_64-mingw32/nios2-elf/lib/mno-hw-mul\libc.a(lib_a-reallocr.o)
 .comment       0x0000000000000000       0x24 c:/altera/15.0/nios2eds/bin/gnu/h-x86_64-mingw32/bin/../lib/gcc/nios2-elf/4.9.1/../../../../../H-x86_64-mingw32/nios2-elf/lib/mno-hw-mul\libc.a(lib_a-s_fpclassify.o)
 .comment       0x0000000000000000       0x24 c:/altera/15.0/nios2eds/bin/gnu/h-x86_64-mingw32/bin/../lib/gcc/nios2-elf/4.9.1/../../../../../H-x86_64-mingw32/nios2-elf/lib/mno-hw-mul\libc.a(lib_a-stdio.o)
 .comment       0x0000000000000000       0x24 c:/altera/15.0/nios2eds/bin/gnu/h-x86_64-mingw32/bin/../lib/gcc/nios2-elf/4.9.1/../../../../../H-x86_64-mingw32/nios2-elf/lib/mno-hw-mul\libc.a(lib_a-strcmp.o)
 .comment       0x0000000000000000       0x24 c:/altera/15.0/nios2eds/bin/gnu/h-x86_64-mingw32/bin/../lib/gcc/nios2-elf/4.9.1/../../../../../H-x86_64-mingw32/nios2-elf/lib/mno-hw-mul\libc.a(lib_a-vfiprintf.o)
 .comment       0x0000000000000000       0x24 c:/altera/15.0/nios2eds/bin/gnu/h-x86_64-mingw32/bin/../lib/gcc/nios2-elf/4.9.1/../../../../../H-x86_64-mingw32/nios2-elf/lib/mno-hw-mul\libc.a(lib_a-writer.o)
 .comment       0x0000000000000000       0x24 c:/altera/15.0/nios2eds/bin/gnu/h-x86_64-mingw32/bin/../lib/gcc/nios2-elf/4.9.1/../../../../../H-x86_64-mingw32/nios2-elf/lib/mno-hw-mul\libc.a(closer.o)
 .comment       0x0000000000000000       0x24 c:/altera/15.0/nios2eds/bin/gnu/h-x86_64-mingw32/bin/../lib/gcc/nios2-elf/4.9.1/../../../../../H-x86_64-mingw32/nios2-elf/lib/mno-hw-mul\libc.a(lib_a-callocr.o)
 .comment       0x0000000000000000       0x24 c:/altera/15.0/nios2eds/bin/gnu/h-x86_64-mingw32/bin/../lib/gcc/nios2-elf/4.9.1/../../../../../H-x86_64-mingw32/nios2-elf/lib/mno-hw-mul\libc.a(lib_a-fclose.o)
 .comment       0x0000000000000000       0x24 c:/altera/15.0/nios2eds/bin/gnu/h-x86_64-mingw32/bin/../lib/gcc/nios2-elf/4.9.1/../../../../../H-x86_64-mingw32/nios2-elf/lib/mno-hw-mul\libc.a(lib_a-fputwc.o)
 .comment       0x0000000000000000       0x24 c:/altera/15.0/nios2eds/bin/gnu/h-x86_64-mingw32/bin/../lib/gcc/nios2-elf/4.9.1/../../../../../H-x86_64-mingw32/nios2-elf/lib/mno-hw-mul\libc.a(lib_a-fstatr.o)
 .comment       0x0000000000000000       0x24 c:/altera/15.0/nios2eds/bin/gnu/h-x86_64-mingw32/bin/../lib/gcc/nios2-elf/4.9.1/../../../../../H-x86_64-mingw32/nios2-elf/lib/mno-hw-mul\libc.a(lib_a-isattyr.o)
 .comment       0x0000000000000000       0x24 c:/altera/15.0/nios2eds/bin/gnu/h-x86_64-mingw32/bin/../lib/gcc/nios2-elf/4.9.1/../../../../../H-x86_64-mingw32/nios2-elf/lib/mno-hw-mul\libc.a(lib_a-lseekr.o)
 .comment       0x0000000000000000       0x24 c:/altera/15.0/nios2eds/bin/gnu/h-x86_64-mingw32/bin/../lib/gcc/nios2-elf/4.9.1/../../../../../H-x86_64-mingw32/nios2-elf/lib/mno-hw-mul\libc.a(lib_a-readr.o)
 .comment       0x0000000000000000       0x24 c:/altera/15.0/nios2eds/bin/gnu/h-x86_64-mingw32/bin/../lib/gcc/nios2-elf/4.9.1/../../../../../H-x86_64-mingw32/nios2-elf/lib/mno-hw-mul\libc.a(lib_a-wbuf.o)
 .comment       0x0000000000000000       0x24 c:/altera/15.0/nios2eds/bin/gnu/h-x86_64-mingw32/bin/../lib/gcc/nios2-elf/4.9.1/../../../../../H-x86_64-mingw32/nios2-elf/lib/mno-hw-mul\libc.a(lib_a-wcrtomb.o)
 .comment       0x0000000000000000       0x24 c:/altera/15.0/nios2eds/bin/gnu/h-x86_64-mingw32/bin/../lib/gcc/nios2-elf/4.9.1/../../../../../H-x86_64-mingw32/nios2-elf/lib/mno-hw-mul\libc.a(lib_a-wctomb_r.o)
 .comment       0x0000000000000000       0x24 c:/altera/15.0/nios2eds/bin/gnu/h-x86_64-mingw32/bin/../lib/gcc/nios2-elf/4.9.1/mno-hw-mul\libgcc.a(_muldi3.o)
 .comment       0x0000000000000000       0x24 c:/altera/15.0/nios2eds/bin/gnu/h-x86_64-mingw32/bin/../lib/gcc/nios2-elf/4.9.1/mno-hw-mul\libgcc.a(_udivdi3.o)
 .comment       0x0000000000000000       0x24 c:/altera/15.0/nios2eds/bin/gnu/h-x86_64-mingw32/bin/../lib/gcc/nios2-elf/4.9.1/mno-hw-mul\libgcc.a(_umoddi3.o)
 .comment       0x0000000000000000       0x24 c:/altera/15.0/nios2eds/bin/gnu/h-x86_64-mingw32/bin/../lib/gcc/nios2-elf/4.9.1/mno-hw-mul\libgcc.a(lib2-mul.o)
 .comment       0x0000000000000000       0x24 c:/altera/15.0/nios2eds/bin/gnu/h-x86_64-mingw32/bin/../lib/gcc/nios2-elf/4.9.1/mno-hw-mul\libgcc.a(adddf3.o)
 .comment       0x0000000000000000       0x24 c:/altera/15.0/nios2eds/bin/gnu/h-x86_64-mingw32/bin/../lib/gcc/nios2-elf/4.9.1/mno-hw-mul\libgcc.a(divdf3.o)
 .comment       0x0000000000000000       0x24 c:/altera/15.0/nios2eds/bin/gnu/h-x86_64-mingw32/bin/../lib/gcc/nios2-elf/4.9.1/mno-hw-mul\libgcc.a(eqdf2.o)
 .comment       0x0000000000000000       0x24 c:/altera/15.0/nios2eds/bin/gnu/h-x86_64-mingw32/bin/../lib/gcc/nios2-elf/4.9.1/mno-hw-mul\libgcc.a(gedf2.o)
 .comment       0x0000000000000000       0x24 c:/altera/15.0/nios2eds/bin/gnu/h-x86_64-mingw32/bin/../lib/gcc/nios2-elf/4.9.1/mno-hw-mul\libgcc.a(ledf2.o)
 .comment       0x0000000000000000       0x24 c:/altera/15.0/nios2eds/bin/gnu/h-x86_64-mingw32/bin/../lib/gcc/nios2-elf/4.9.1/mno-hw-mul\libgcc.a(muldf3.o)
 .comment       0x0000000000000000       0x24 c:/altera/15.0/nios2eds/bin/gnu/h-x86_64-mingw32/bin/../lib/gcc/nios2-elf/4.9.1/mno-hw-mul\libgcc.a(subdf3.o)
 .comment       0x0000000000000000       0x24 c:/altera/15.0/nios2eds/bin/gnu/h-x86_64-mingw32/bin/../lib/gcc/nios2-elf/4.9.1/mno-hw-mul\libgcc.a(fixdfsi.o)
 .comment       0x0000000000000000       0x24 c:/altera/15.0/nios2eds/bin/gnu/h-x86_64-mingw32/bin/../lib/gcc/nios2-elf/4.9.1/mno-hw-mul\libgcc.a(floatsidf.o)
 .comment       0x0000000000000000       0x24 c:/altera/15.0/nios2eds/bin/gnu/h-x86_64-mingw32/bin/../lib/gcc/nios2-elf/4.9.1/mno-hw-mul\libgcc.a(floatunsidf.o)
 .comment       0x0000000000000000       0x24 c:/altera/15.0/nios2eds/bin/gnu/h-x86_64-mingw32/bin/../lib/gcc/nios2-elf/4.9.1/mno-hw-mul\libgcc.a(_clz.o)
 .comment       0x0000000000000000       0x24 c:/altera/15.0/nios2eds/bin/gnu/h-x86_64-mingw32/bin/../lib/gcc/nios2-elf/4.9.1/mno-hw-mul\libgcc.a(_clzsi2.o)
 .comment       0x0000000000000000       0x24 ../Final_Project_Code_bsp/\libhal_bsp.a(alt_close.o)
 .comment       0x0000000000000000       0x24 ../Final_Project_Code_bsp/\libhal_bsp.a(alt_dev.o)