Archive member included to satisfy reference by file (symbol)

../Final_Project_Code_bsp/\libhal_bsp.a(alt_load.o)
                              ../Final_Project_Code_bsp//obj/HAL/src/crt0.o (alt_load)
../Final_Project_Code_bsp/\libhal_bsp.a(alt_main.o)
                              ../Final_Project_Code_bsp//obj/HAL/src/crt0.o (alt_main)
../Final_Project_Code_bsp/\libhal_bsp.a(alt_sys_init.o)
                              ../Final_Project_Code_bsp/\libhal_bsp.a(alt_main.o) (alt_irq_init)
../Final_Project_Code_bsp/\libhal_bsp.a(altera_avalon_jtag_uart_fd.o)
                              ../Final_Project_Code_bsp/\libhal_bsp.a(alt_sys_init.o) (altera_avalon_jtag_uart_read_fd)
../Final_Project_Code_bsp/\libhal_bsp.a(altera_avalon_jtag_uart_init.o)
                              ../Final_Project_Code_bsp/\libhal_bsp.a(alt_sys_init.o) (altera_avalon_jtag_uart_init)
../Final_Project_Code_bsp/\libhal_bsp.a(altera_avalon_jtag_uart_ioctl.o)
                              ../Final_Project_Code_bsp/\libhal_bsp.a(altera_avalon_jtag_uart_fd.o) (altera_avalon_jtag_uart_ioctl)
../Final_Project_Code_bsp/\libhal_bsp.a(altera_avalon_jtag_uart_read.o)
                              ../Final_Project_Code_bsp/\libhal_bsp.a(altera_avalon_jtag_uart_fd.o) (altera_avalon_jtag_uart_read)
../Final_Project_Code_bsp/\libhal_bsp.a(altera_avalon_jtag_uart_write.o)
                              ../Final_Project_Code_bsp/\libhal_bsp.a(altera_avalon_jtag_uart_fd.o) (altera_avalon_jtag_uart_write)
../Final_Project_Code_bsp/\libhal_bsp.a(alt_alarm_start.o)
                              ../Final_Project_Code_bsp/\libhal_bsp.a(altera_avalon_jtag_uart_init.o) (alt_alarm_start)
../Final_Project_Code_bsp/\libhal_bsp.a(alt_close.o)
                              ../Final_Project_Code_bsp/\libhal_bsp.a(alt_main.o) (close)
../Final_Project_Code_bsp/\libhal_bsp.a(alt_dcache_flush_all.o)
                              ../Final_Project_Code_bsp/\libhal_bsp.a(alt_load.o) (alt_dcache_flush_all)
../Final_Project_Code_bsp/\libhal_bsp.a(alt_dev.o)
                              ../Final_Project_Code_bsp/\libhal_bsp.a(alt_sys_init.o) (alt_dev_list)
../Final_Project_Code_bsp/\libhal_bsp.a(alt_dev_llist_insert.o)
                              ../Final_Project_Code_bsp/\libhal_bsp.a(alt_sys_init.o) (alt_dev_llist_insert)
../Final_Project_Code_bsp/\libhal_bsp.a(alt_do_ctors.o)
                              ../Final_Project_Code_bsp/\libhal_bsp.a(alt_main.o) (_do_ctors)
../Final_Project_Code_bsp/\libhal_bsp.a(alt_do_dtors.o)
                              ../Final_Project_Code_bsp/\libhal_bsp.a(alt_main.o) (_do_dtors)
../Final_Project_Code_bsp/\libhal_bsp.a(alt_errno.o)
                              ../Final_Project_Code_bsp/\libhal_bsp.a(alt_close.o) (alt_errno)
../Final_Project_Code_bsp/\libhal_bsp.a(alt_icache_flush_all.o)
                              ../Final_Project_Code_bsp/\libhal_bsp.a(alt_load.o) (alt_icache_flush_all)
../Final_Project_Code_bsp/\libhal_bsp.a(alt_iic.o)
                              ../Final_Project_Code_bsp/\libhal_bsp.a(altera_avalon_jtag_uart_init.o) (alt_ic_isr_register)
../Final_Project_Code_bsp/\libhal_bsp.a(alt_iic_isr_register.o)
                              ../Final_Project_Code_bsp/\libhal_bsp.a(alt_iic.o) (alt_iic_isr_register)
../Final_Project_Code_bsp/\libhal_bsp.a(alt_io_redirect.o)
                              ../Final_Project_Code_bsp/\libhal_bsp.a(alt_main.o) (alt_io_redirect)
../Final_Project_Code_bsp/\libhal_bsp.a(alt_irq_entry.o)
                              ../Final_Project_Code_bsp/\libhal_bsp.a(alt_iic_isr_register.o) (alt_irq_entry)
../Final_Project_Code_bsp/\libhal_bsp.a(alt_irq_handler.o)
                              ../Final_Project_Code_bsp/\libhal_bsp.a(alt_iic_isr_register.o) (alt_irq)
../Final_Project_Code_bsp/\libhal_bsp.a(alt_irq_vars.o)
                              ../Final_Project_Code_bsp/\libhal_bsp.a(alt_iic.o) (alt_irq_active)
../Final_Project_Code_bsp/\libhal_bsp.a(alt_open.o)
                              ../Final_Project_Code_bsp/\libhal_bsp.a(alt_io_redirect.o) (open)
../Final_Project_Code_bsp/\libhal_bsp.a(alt_release_fd.o)
                              ../Final_Project_Code_bsp/\libhal_bsp.a(alt_close.o) (alt_release_fd)
../Final_Project_Code_bsp/\libhal_bsp.a(alt_tick.o)
                              ../Final_Project_Code_bsp/\libhal_bsp.a(altera_avalon_jtag_uart_init.o) (_alt_tick_rate)
../Final_Project_Code_bsp/\libhal_bsp.a(altera_nios2_gen2_irq.o)
                              ../Final_Project_Code_bsp/\libhal_bsp.a(alt_sys_init.o) (altera_nios2_gen2_irq_init)
../Final_Project_Code_bsp/\libhal_bsp.a(alt_exception_entry.o)
                              ../Final_Project_Code_bsp/\libhal_bsp.a(alt_irq_entry.o) (alt_exception)
../Final_Project_Code_bsp/\libhal_bsp.a(alt_find_dev.o)
                              ../Final_Project_Code_bsp/\libhal_bsp.a(alt_open.o) (alt_find_dev)
../Final_Project_Code_bsp/\libhal_bsp.a(alt_find_file.o)
                              ../Final_Project_Code_bsp/\libhal_bsp.a(alt_open.o) (alt_find_file)
../Final_Project_Code_bsp/\libhal_bsp.a(alt_get_fd.o)
                              ../Final_Project_Code_bsp/\libhal_bsp.a(alt_open.o) (alt_get_fd)
../Final_Project_Code_bsp/\libhal_bsp.a(alt_instruction_exception_entry.o)
                              ../Final_Project_Code_bsp/\libhal_bsp.a(alt_exception_entry.o) (alt_instruction_exception_entry)
c:/altera/15.0/nios2eds/bin/gnu/h-x86_64-mingw32/bin/../lib/gcc/nios2-elf/4.9.1/../../../../../H-x86_64-mingw32/nios2-elf/lib/mno-hw-mul\libc.a(lib_a-atexit.o)
                              ../Final_Project_Code_bsp/\libhal_bsp.a(alt_main.o) (atexit)
c:/altera/15.0/nios2eds/bin/gnu/h-x86_64-mingw32/bin/../lib/gcc/nios2-elf/4.9.1/../../../../../H-x86_64-mingw32/nios2-elf/lib/mno-hw-mul\libc.a(lib_a-exit.o)
                              ../Final_Project_Code_bsp/\libhal_bsp.a(alt_main.o) (exit)
c:/altera/15.0/nios2eds/bin/gnu/h-x86_64-mingw32/bin/../lib/gcc/nios2-elf/4.9.1/../../../../../H-x86_64-mingw32/nios2-elf/lib/mno-hw-mul\libc.a(lib_a-impure.o)
                              c:/altera/15.0/nios2eds/bin/gnu/h-x86_64-mingw32/bin/../lib/gcc/nios2-elf/4.9.1/../../../../../H-x86_64-mingw32/nios2-elf/lib/mno-hw-mul\libc.a(lib_a-exit.o) (_global_impure_ptr)
c:/altera/15.0/nios2eds/bin/gnu/h-x86_64-mingw32/bin/../lib/gcc/nios2-elf/4.9.1/../../../../../H-x86_64-mingw32/nios2-elf/lib/mno-hw-mul\libc.a(lib_a-int_errno.o)
                              ../Final_Project_Code_bsp/\libhal_bsp.a(alt_close.o) (errno)
c:/altera/15.0/nios2eds/bin/gnu/h-x86_64-mingw32/bin/../lib/gcc/nios2-elf/4.9.1/../../../../../H-x86_64-mingw32/nios2-elf/lib/mno-hw-mul\libc.a(lib_a-memcmp.o)
                              ../Final_Project_Code_bsp/\libhal_bsp.a(alt_find_dev.o) (memcmp)
c:/altera/15.0/nios2eds/bin/gnu/h-x86_64-mingw32/bin/../lib/gcc/nios2-elf/4.9.1/../../../../../H-x86_64-mingw32/nios2-elf/lib/mno-hw-mul\libc.a(lib_a-memcpy.o)
                              ../Final_Project_Code_bsp/\libhal_bsp.a(altera_avalon_jtag_uart_read.o) (memcpy)
c:/altera/15.0/nios2eds/bin/gnu/h-x86_64-mingw32/bin/../lib/gcc/nios2-elf/4.9.1/../../../../../H-x86_64-mingw32/nios2-elf/lib/mno-hw-mul\libc.a(lib_a-strlen.o)
                              ../Final_Project_Code_bsp/\libhal_bsp.a(alt_find_dev.o) (strlen)
c:/altera/15.0/nios2eds/bin/gnu/h-x86_64-mingw32/bin/../lib/gcc/nios2-elf/4.9.1/../../../../../H-x86_64-mingw32/nios2-elf/lib/mno-hw-mul\libc.a(lib_a-__atexit.o)
                              c:/altera/15.0/nios2eds/bin/gnu/h-x86_64-mingw32/bin/../lib/gcc/nios2-elf/4.9.1/../../../../../H-x86_64-mingw32/nios2-elf/lib/mno-hw-mul\libc.a(lib_a-atexit.o) (__register_exitproc)
c:/altera/15.0/nios2eds/bin/gnu/h-x86_64-mingw32/bin/../lib/gcc/nios2-elf/4.9.1/../../../../../H-x86_64-mingw32/nios2-elf/lib/mno-hw-mul\libc.a(lib_a-__call_atexit.o)
                              c:/altera/15.0/nios2eds/bin/gnu/h-x86_64-mingw32/bin/../lib/gcc/nios2-elf/4.9.1/../../../../../H-x86_64-mingw32/nios2-elf/lib/mno-hw-mul\libc.a(lib_a-exit.o) (__call_exitprocs)
c:/altera/15.0/nios2eds/bin/gnu/h-x86_64-mingw32/bin/../lib/gcc/nios2-elf/4.9.1/mno-hw-mul\libgcc.a(lib2-mul.o)
                              ../Final_Project_Code_bsp/\libhal_bsp.a(alt_close.o) (__mulsi3)
../Final_Project_Code_bsp/\libhal_bsp.a(alt_exit.o)
                              c:/altera/15.0/nios2eds/bin/gnu/h-x86_64-mingw32/bin/../lib/gcc/nios2-elf/4.9.1/../../../../../H-x86_64-mingw32/nios2-elf/lib/mno-hw-mul\libc.a(lib_a-exit.o) (_exit)

Allocating common symbols
Common symbol       size              file

alt_irq             0x100             ../Final_Project_Code_bsp/\libhal_bsp.a(alt_irq_handler.o)
errno               0x4               c:/altera/15.0/nios2eds/bin/gnu/h-x86_64-mingw32/bin/../lib/gcc/nios2-elf/4.9.1/../../../../../H-x86_64-mingw32/nios2-elf/lib/mno-hw-mul\libc.a(lib_a-int_errno.o)

Memory Configuration

Name             Origin             Length             Attributes
reset            0x0000000000000000 0x0000000000000020
onchip_memory2_0 0x0000000000000020 0x000000000000f9e0
*default*        0x0000000000000000 0xffffffffffffffff

Linker script and memory map

LOAD ../Final_Project_Code_bsp//obj/HAL/src/crt0.o
LOAD obj/default/main.o
LOAD c:/altera/15.0/nios2eds/bin/gnu/h-x86_64-mingw32/bin/../lib/gcc/nios2-elf/4.9.1/../../../../../H-x86_64-mingw32/nios2-elf/lib/mno-hw-mul\libstdc++.a
LOAD c:/altera/15.0/nios2eds/bin/gnu/h-x86_64-mingw32/bin/../lib/gcc/nios2-elf/4.9.1/../../../../../H-x86_64-mingw32/nios2-elf/lib/mno-hw-mul\libm.a
LOAD c:/altera/15.0/nios2eds/bin/gnu/h-x86_64-mingw32/bin/../lib/gcc/nios2-elf/4.9.1/mno-hw-mul\libgcc.a
START GROUP
LOAD c:/altera/15.0/nios2eds/bin/gnu/h-x86_64-mingw32/bin/../lib/gcc/nios2-elf/4.9.1/../../../../../H-x86_64-mingw32/nios2-elf/lib/mno-hw-mul\libc.a
LOAD c:/altera/15.0/nios2eds/bin/gnu/h-x86_64-mingw32/bin/../lib/gcc/nios2-elf/4.9.1/mno-hw-mul\libgcc.a
LOAD ../Final_Project_Code_bsp/\libhal_bsp.a
LOAD c:/altera/15.0/nios2eds/bin/gnu/h-x86_64-mingw32/bin/../lib/gcc/nios2-elf/4.9.1/../../../../../H-x86_64-mingw32/nios2-elf/lib/mno-hw-mul\libm.a
END GROUP
LOAD c:/altera/15.0/nios2eds/bin/gnu/h-x86_64-mingw32/bin/../lib/gcc/nios2-elf/4.9.1/mno-hw-mul\libgcc.a
                0x0000000000000000                __alt_mem_onchip_memory2_0 = 0x0

.entry          0x0000000000000000       0x20
 *(.entry)
 .entry         0x0000000000000000       0x20 ../Final_Project_Code_bsp//obj/HAL/src/crt0.o
                0x0000000000000000                __reset

.exceptions     0x0000000000000020      0x20c
                0x0000000000000020                PROVIDE (__ram_exceptions_start, ABSOLUTE (.))
                0x0000000000000020                . = ALIGN (0x20)
 *(.irq)
 *(.exceptions.entry.label)
 .exceptions.entry.label
                0x0000000000000020        0x0 ../Final_Project_Code_bsp/\libhal_bsp.a(alt_irq_entry.o)
                0x0000000000000020                alt_irq_entry
 .exceptions.entry.label
                0x0000000000000020        0x0 ../Final_Project_Code_bsp/\libhal_bsp.a(alt_exception_entry.o)
                0x0000000000000020                alt_exception
 *(.exceptions.entry.user)
 *(.exceptions.entry.ecc_fatal)
 *(.exceptions.entry)
 .exceptions.entry
                0x0000000000000020       0x54 ../Final_Project_Code_bsp/\libhal_bsp.a(alt_exception_entry.o)
 *(.exceptions.irqtest.user)
 *(.exceptions.irqtest)
 .exceptions.irqtest
                0x0000000000000074       0x10 ../Final_Project_Code_bsp/\libhal_bsp.a(alt_irq_entry.o)
 *(.exceptions.irqhandler.user)
 *(.exceptions.irqhandler)
 .exceptions.irqhandler
                0x0000000000000084        0x4 ../Final_Project_Code_bsp/\libhal_bsp.a(alt_irq_entry.o)
 *(.exceptions.irqreturn.user)
 *(.exceptions.irqreturn)
 .exceptions.irqreturn
                0x0000000000000088        0x4 ../Final_Project_Code_bsp/\libhal_bsp.a(alt_irq_entry.o)
 *(.exceptions.notirq.label)
 .exceptions.notirq.label
                0x000000000000008c        0x0 ../Final_Project_Code_bsp/\libhal_bsp.a(alt_irq_entry.o)
 *(.exceptions.notirq.user)
 *(.exceptions.notirq)
 .exceptions.notirq
                0x000000000000008c        0x8 ../Final_Project_Code_bsp/\libhal_bsp.a(alt_exception_entry.o)
 *(.exceptions.soft.user)
 *(.exceptions.soft)
 *(.exceptions.unknown.user)
 *(.exceptions.unknown)
 .exceptions.unknown
                0x0000000000000094       0x14 ../Final_Project_Code_bsp/\libhal_bsp.a(alt_exception_entry.o)
 *(.exceptions.exit.label)
 .exceptions.exit.label
                0x00000000000000a8        0x0 ../Final_Project_Code_bsp/\libhal_bsp.a(alt_irq_entry.o)
 .exceptions.exit.label
                0x00000000000000a8        0x0 ../Final_Project_Code_bsp/\libhal_bsp.a(alt_exception_entry.o)
 *(.exceptions.exit.user)
 *(.exceptions.exit)
 .exceptions.exit
                0x00000000000000a8       0x54 ../Final_Project_Code_bsp/\libhal_bsp.a(alt_exception_entry.o)
 *(.exceptions)
 .exceptions    0x00000000000000fc       0xd0 ../Final_Project_Code_bsp/\libhal_bsp.a(alt_irq_handler.o)
                0x00000000000000fc                alt_irq_handler
 .exceptions    0x00000000000001cc       0x60 ../Final_Project_Code_bsp/\libhal_bsp.a(alt_instruction_exception_entry.o)
                0x00000000000001cc                alt_instruction_exception_entry
                0x000000000000022c                PROVIDE (__ram_exceptions_end, ABSOLUTE (.))
                0x0000000000000020                PROVIDE (__flash_exceptions_start, LOADADDR (.exceptions))

.text           0x000000000000022c     0x238c
                0x000000000000022c                PROVIDE (stext, ABSOLUTE (.))
 *(.interp)
 *(.hash)
 *(.dynsym)
 *(.dynstr)
 *(.gnu.version)
 *(.gnu.version_d)
 *(.gnu.version_r)
 *(.rel.init)
 *(.rela.init)
 *(.rel.text .rel.text.* .rel.gnu.linkonce.t.*)
 *(.rela.text .rela.text.* .rela.gnu.linkonce.t.*)
 *(.rel.fini)
 *(.rela.fini)
 *(.rel.rodata .rel.rodata.* .rel.gnu.linkonce.r.*)
 *(.rela.rodata .rela.rodata.* .rela.gnu.linkonce.r.*)
 *(.rel.data .rel.data.* .rel.gnu.linkonce.d.*)
 *(.rela.data .rela.data.* .rela.gnu.linkonce.d.*)
 *(.rel.tdata .rel.tdata.* .rel.gnu.linkonce.td.*)
 *(.rela.tdata .rela.tdata.* .rela.gnu.linkonce.td.*)
 *(.rel.tbss .rel.tbss.* .rel.gnu.linkonce.tb.*)
 *(.rela.tbss .rela.tbss.* .rela.gnu.linkonce.tb.*)
 *(.rel.ctors)
 *(.rela.ctors)
 *(.rel.dtors)
 *(.rela.dtors)
 *(.rel.got)
 *(.rela.got)
 *(.rel.sdata .rel.sdata.* .rel.gnu.linkonce.s.*)
 *(.rela.sdata .rela.sdata.* .rela.gnu.linkonce.s.*)
 *(.rel.sbss .rel.sbss.* .rel.gnu.linkonce.sb.*)
 *(.rela.sbss .rela.sbss.* .rela.gnu.linkonce.sb.*)
 *(.rel.sdata2 .rel.sdata2.* .rel.gnu.linkonce.s2.*)
 *(.rela.sdata2 .rela.sdata2.* .rela.gnu.linkonce.s2.*)
 *(.rel.sbss2 .rel.sbss2.* .rel.gnu.linkonce.sb2.*)
 *(.rela.sbss2 .rela.sbss2.* .rela.gnu.linkonce.sb2.*)
 *(.rel.bss .rel.bss.* .rel.gnu.linkonce.b.*)
 *(.rela.bss .rela.bss.* .rela.gnu.linkonce.b.*)
 *(.rel.plt)
 *(.rela.plt)
 *(.rel.dyn)
 *(.init)
 *(.plt)
 *(.text .stub .text.* .gnu.linkonce.t.*)
 .text          0x000000000000022c       0x3c ../Final_Project_Code_bsp//obj/HAL/src/crt0.o
                0x000000000000022c                _start
 .text          0x0000000000000268       0xc4 obj/default/main.o
                0x0000000000000268                main
 .text          0x000000000000032c       0xe4 ../Final_Project_Code_bsp/\libhal_bsp.a(alt_load.o)
                0x0000000000000390                alt_load
 .text          0x0000000000000410       0x78 ../Final_Project_Code_bsp/\libhal_bsp.a(alt_main.o)
                0x0000000000000410                alt_main
 .text          0x0000000000000488       0xb4 ../Final_Project_Code_bsp/\libhal_bsp.a(alt_sys_init.o)
                0x00000000000004c0                alt_irq_init
                0x00000000000004f4                alt_sys_init
 .text          0x000000000000053c      0x164 ../Final_Project_Code_bsp/\libhal_bsp.a(altera_avalon_jtag_uart_fd.o)
                0x000000000000053c                altera_avalon_jtag_uart_read_fd
                0x000000000000059c                altera_avalon_jtag_uart_write_fd
                0x00000000000005fc                altera_avalon_jtag_uart_close_fd
                0x000000000000064c                altera_avalon_jtag_uart_ioctl_fd
 .text          0x00000000000006a0      0x3d8 ../Final_Project_Code_bsp/\libhal_bsp.a(altera_avalon_jtag_uart_init.o)
                0x00000000000006a0                altera_avalon_jtag_uart_init
                0x0000000000000a10                altera_avalon_jtag_uart_close
 .text          0x0000000000000a78       0xec ../Final_Project_Code_bsp/\libhal_bsp.a(altera_avalon_jtag_uart_ioctl.o)
                0x0000000000000a78                altera_avalon_jtag_uart_ioctl
 .text          0x0000000000000b64      0x20c ../Final_Project_Code_bsp/\libhal_bsp.a(altera_avalon_jtag_uart_read.o)
                0x0000000000000b64                altera_avalon_jtag_uart_read
 .text          0x0000000000000d70      0x218 ../Final_Project_Code_bsp/\libhal_bsp.a(altera_avalon_jtag_uart_write.o)
                0x0000000000000d70                altera_avalon_jtag_uart_write
 .text          0x0000000000000f88      0x140 ../Final_Project_Code_bsp/\libhal_bsp.a(alt_alarm_start.o)
                0x0000000000000f88                alt_alarm_start
 .text          0x00000000000010c8      0x128 ../Final_Project_Code_bsp/\libhal_bsp.a(alt_close.o)
                0x0000000000001118                close
 .text          0x00000000000011f0       0x1c ../Final_Project_Code_bsp/\libhal_bsp.a(alt_dcache_flush_all.o)
                0x00000000000011f0                alt_dcache_flush_all
 .text          0x000000000000120c       0x2c ../Final_Project_Code_bsp/\libhal_bsp.a(alt_dev.o)
 .text          0x0000000000001238       0xf4 ../Final_Project_Code_bsp/\libhal_bsp.a(alt_dev_llist_insert.o)
                0x0000000000001288                alt_dev_llist_insert
 .text          0x000000000000132c       0x5c ../Final_Project_Code_bsp/\libhal_bsp.a(alt_do_ctors.o)
                0x000000000000132c                _do_ctors
 .text          0x0000000000001388       0x5c ../Final_Project_Code_bsp/\libhal_bsp.a(alt_do_dtors.o)
                0x0000000000001388                _do_dtors
 .text          0x00000000000013e4        0x0 ../Final_Project_Code_bsp/\libhal_bsp.a(alt_errno.o)
 .text          0x00000000000013e4       0x1c ../Final_Project_Code_bsp/\libhal_bsp.a(alt_icache_flush_all.o)
                0x00000000000013e4                alt_icache_flush_all
 .text          0x0000000000001400      0x1e0 ../Final_Project_Code_bsp/\libhal_bsp.a(alt_iic.o)
                0x0000000000001400                alt_ic_isr_register
                0x0000000000001450                alt_ic_irq_enable
                0x00000000000014f0                alt_ic_irq_disable
                0x0000000000001594                alt_ic_irq_enabled
 .text          0x00000000000015e0       0xf0 ../Final_Project_Code_bsp/\libhal_bsp.a(alt_iic_isr_register.o)
                0x00000000000015e0                alt_iic_isr_register
 .text          0x00000000000016d0      0x158 ../Final_Project_Code_bsp/\libhal_bsp.a(alt_io_redirect.o)
                0x00000000000017b0                alt_io_redirect
 .text          0x0000000000001828        0x0 ../Final_Project_Code_bsp/\libhal_bsp.a(alt_irq_entry.o)
 .text          0x0000000000001828        0x0 ../Final_Project_Code_bsp/\libhal_bsp.a(alt_irq_handler.o)
 .text          0x0000000000001828        0x0 ../Final_Project_Code_bsp/\libhal_bsp.a(alt_irq_vars.o)
 .text          0x0000000000001828      0x2a4 ../Final_Project_Code_bsp/\libhal_bsp.a(alt_open.o)
                0x000000000000196c                open
 .text          0x0000000000001acc       0x80 ../Final_Project_Code_bsp/\libhal_bsp.a(alt_release_fd.o)
                0x0000000000001acc                alt_release_fd
 .text          0x0000000000001b4c      0x19c ../Final_Project_Code_bsp/\libhal_bsp.a(alt_tick.o)
                0x0000000000001b4c                alt_alarm_stop
                0x0000000000001be4                alt_tick
 .text          0x0000000000001ce8       0x20 ../Final_Project_Code_bsp/\libhal_bsp.a(altera_nios2_gen2_irq.o)
                0x0000000000001ce8                altera_nios2_gen2_irq_init
 .text          0x0000000000001d08        0x0 ../Final_Project_Code_bsp/\libhal_bsp.a(alt_exception_entry.o)
 .text          0x0000000000001d08       0x90 ../Final_Project_Code_bsp/\libhal_bsp.a(alt_find_dev.o)
                0x0000000000001d08                alt_find_dev
 .text          0x0000000000001d98      0x114 ../Final_Project_Code_bsp/\libhal_bsp.a(alt_find_file.o)
                0x0000000000001d98                alt_find_file
 .text          0x0000000000001eac       0xd4 ../Final_Project_Code_bsp/\libhal_bsp.a(alt_get_fd.o)
                0x0000000000001eac                alt_get_fd
 .text          0x0000000000001f80       0x9c ../Final_Project_Code_bsp/\libhal_bsp.a(alt_instruction_exception_entry.o)
                0x0000000000001f80                alt_exception_cause_generated_bad_addr
 .text          0x000000000000201c       0x14 c:/altera/15.0/nios2eds/bin/gnu/h-x86_64-mingw32/bin/../lib/gcc/nios2-elf/4.9.1/../../../../../H-x86_64-mingw32/nios2-elf/lib/mno-hw-mul\libc.a(lib_a-atexit.o)
                0x000000000000201c                atexit
 .text          0x0000000000002030       0x38 c:/altera/15.0/nios2eds/bin/gnu/h-x86_64-mingw32/bin/../lib/gcc/nios2-elf/4.9.1/../../../../../H-x86_64-mingw32/nios2-elf/lib/mno-hw-mul\libc.a(lib_a-exit.o)
                0x0000000000002030                exit
 .text          0x0000000000002068        0x0 c:/altera/15.0/nios2eds/bin/gnu/h-x86_64-mingw32/bin/../lib/gcc/nios2-elf/4.9.1/../../../../../H-x86_64-mingw32/nios2-elf/lib/mno-hw-mul\libc.a(lib_a-impure.o)
 .text          0x0000000000002068        0x0 c:/altera/15.0/nios2eds/bin/gnu/h-x86_64-mingw32/bin/../lib/gcc/nios2-elf/4.9.1/../../../../../H-x86_64-mingw32/nios2-elf/lib/mno-hw-mul\libc.a(lib_a-int_errno.o)
 .text          0x0000000000002068       0x7c c:/altera/15.0/nios2eds/bin/gnu/h-x86_64-mingw32/bin/../lib/gcc/nios2-elf/4.9.1/../../../../../H-x86_64-mingw32/nios2-elf/lib/mno-hw-mul\libc.a(lib_a-memcmp.o)
                0x0000000000002068                memcmp
 .text          0x00000000000020e4      0x138 c:/altera/15.0/nios2eds/bin/gnu/h-x86_64-mingw32/bin/../lib/gcc/nios2-elf/4.9.1/../../../../../H-x86_64-mingw32/nios2-elf/lib/mno-hw-mul\libc.a(lib_a-memcpy.o)
                0x00000000000020e4                memcpy
 .text          0x000000000000221c       0x98 c:/altera/15.0/nios2eds/bin/gnu/h-x86_64-mingw32/bin/../lib/gcc/nios2-elf/4.9.1/../../../../../H-x86_64-mingw32/nios2-elf/lib/mno-hw-mul\libc.a(lib_a-strlen.o)
                0x000000000000221c                strlen
 .text          0x00000000000022b4      0x114 c:/altera/15.0/nios2eds/bin/gnu/h-x86_64-mingw32/bin/../lib/gcc/nios2-elf/4.9.1/../../../../../H-x86_64-mingw32/nios2-elf/lib/mno-hw-mul\libc.a(lib_a-__atexit.o)
                0x00000000000022b4                __register_exitproc
 .text          0x00000000000023c8      0x194 c:/altera/15.0/nios2eds/bin/gnu/h-x86_64-mingw32/bin/../lib/gcc/nios2-elf/4.9.1/../../../../../H-x86_64-mingw32/nios2-elf/lib/mno-hw-mul\libc.a(lib_a-__call_atexit.o)
                0x00000000000023c8                __call_exitprocs
 .text          0x000000000000255c       0x28 c:/altera/15.0/nios2eds/bin/gnu/h-x86_64-mingw32/bin/../lib/gcc/nios2-elf/4.9.1/mno-hw-mul\libgcc.a(lib2-mul.o)
                0x000000000000255c                __mulsi3
 .text          0x0000000000002584       0x34 ../Final_Project_Code_bsp/\libhal_bsp.a(alt_exit.o)
                0x0000000000002584                _exit
 *(.gnu.warning.*)
 *(.fini)
                0x00000000000025b8                PROVIDE (__etext, ABSOLUTE (.))
                0x00000000000025b8                PROVIDE (_etext, ABSOLUTE (.))
                0x00000000000025b8                PROVIDE (etext, ABSOLUTE (.))
 *(.eh_frame_hdr)
                0x00000000000025b8                . = ALIGN (0x4)
                0x00000000000025b8                PROVIDE (__preinit_array_start, ABSOLUTE (.))
 *(.preinit_array)
                0x00000000000025b8                PROVIDE (__preinit_array_end, ABSOLUTE (.))
                0x00000000000025b8                PROVIDE (__init_array_start, ABSOLUTE (.))
 *(.init_array)
                0x00000000000025b8                PROVIDE (__init_array_end, ABSOLUTE (.))
                0x00000000000025b8                PROVIDE (__fini_array_start, ABSOLUTE (.))
 *(.fini_array)
                0x00000000000025b8                PROVIDE (__fini_array_end, ABSOLUTE (.))
 *(.eh_frame)
 *(.gcc_except_table .gcc_except_table.*)
 *(.dynamic)
                0x00000000000025b8                PROVIDE (__CTOR_LIST__, ABSOLUTE (.))
 *(.ctors)
 *(SORT(.ctors.*))
                0x00000000000025b8                PROVIDE (__CTOR_END__, ABSOLUTE (.))
                0x00000000000025b8                PROVIDE (__DTOR_LIST__, ABSOLUTE (.))
 *(.dtors)
 *(SORT(.dtors.*))
                0x00000000000025b8                PROVIDE (__DTOR_END__, ABSOLUTE (.))
 *(.jcr)
                0x00000000000025b8                . = ALIGN (0x4)

.rodata         0x00000000000025b8       0x38
                0x00000000000025b8                PROVIDE (__ram_rodata_start, ABSOLUTE (.))
                0x00000000000025b8                . = ALIGN (0x4)
 *(.rodata .rodata.* .gnu.linkonce.r.*)
 .rodata        0x00000000000025b8       0x14 ../Final_Project_Code_bsp/\libhal_bsp.a(alt_main.o)
 .rodata        0x00000000000025cc       0x14 ../Final_Project_Code_bsp/\libhal_bsp.a(alt_sys_init.o)
 .rodata        0x00000000000025e0        0xc ../Final_Project_Code_bsp/\libhal_bsp.a(alt_dev.o)
 .rodata.str1.4
                0x00000000000025ec        0x4 c:/altera/15.0/nios2eds/bin/gnu/h-x86_64-mingw32/bin/../lib/gcc/nios2-elf/4.9.1/../../../../../H-x86_64-mingw32/nios2-elf/lib/mno-hw-mul\libc.a(lib_a-impure.o)
 *(.rodata1)
                0x00000000000025f0                . = ALIGN (0x4)
                0x00000000000025f0                PROVIDE (__ram_rodata_end, ABSOLUTE (.))
                0x00000000000025b8                PROVIDE (__flash_rodata_start, LOADADDR (.rodata))

.rwdata         0x00000000000025f0     0x1668 load address 0x0000000000003c58
                0x00000000000025f0                PROVIDE (__ram_rwdata_start, ABSOLUTE (.))
                0x00000000000025f0                . = ALIGN (0x4)
 *(.got.plt)
 *(.got)
 *(.data1)
 *(.data .data.* .gnu.linkonce.d.*)
 .data          0x00000000000025f0        0x0 ../Final_Project_Code_bsp//obj/HAL/src/crt0.o
 .data          0x00000000000025f0        0x0 obj/default/main.o
 .data          0x00000000000025f0        0x0 ../Final_Project_Code_bsp/\libhal_bsp.a(alt_load.o)
 .data          0x00000000000025f0        0x0 ../Final_Project_Code_bsp/\libhal_bsp.a(alt_main.o)
 .data          0x00000000000025f0     0x1060 ../Final_Project_Code_bsp/\libhal_bsp.a(alt_sys_init.o)
 .data          0x0000000000003650        0x0 ../Final_Project_Code_bsp/\libhal_bsp.a(altera_avalon_jtag_uart_fd.o)
 .data          0x0000000000003650        0x0 ../Final_Project_Code_bsp/\libhal_bsp.a(altera_avalon_jtag_uart_init.o)
 .data          0x0000000000003650        0x0 ../Final_Project_Code_bsp/\libhal_bsp.a(altera_avalon_jtag_uart_ioctl.o)
 .data          0x0000000000003650        0x0 ../Final_Project_Code_bsp/\libhal_bsp.a(altera_avalon_jtag_uart_read.o)
 .data          0x0000000000003650        0x0 ../Final_Project_Code_bsp/\libhal_bsp.a(altera_avalon_jtag_uart_write.o)
 .data          0x0000000000003650        0x0 ../Final_Project_Code_bsp/\libhal_bsp.a(alt_alarm_start.o)
 .data          0x0000000000003650        0x0 ../Final_Project_Code_bsp/\libhal_bsp.a(alt_close.o)
 .data          0x0000000000003650        0x0 ../Final_Project_Code_bsp/\libhal_bsp.a(alt_dcache_flush_all.o)
 .data          0x0000000000003650      0x1a8 ../Final_Project_Code_bsp/\libhal_bsp.a(alt_dev.o)
                0x0000000000003650                alt_dev_null
                0x0000000000003678                alt_fd_list
 .data          0x00000000000037f8        0x0 ../Final_Project_Code_bsp/\libhal_bsp.a(alt_dev_llist_insert.o)
 .data          0x00000000000037f8        0x0 ../Final_Project_Code_bsp/\libhal_bsp.a(alt_do_ctors.o)
 .data          0x00000000000037f8        0x0 ../Final_Project_Code_bsp/\libhal_bsp.a(alt_do_dtors.o)
 .data          0x00000000000037f8        0x0 ../Final_Project_Code_bsp/\libhal_bsp.a(alt_errno.o)
 .data          0x00000000000037f8        0x0 ../Final_Project_Code_bsp/\libhal_bsp.a(alt_icache_flush_all.o)
 .data          0x00000000000037f8        0x0 ../Final_Project_Code_bsp/\libhal_bsp.a(alt_iic.o)
 .data          0x00000000000037f8        0x0 ../Final_Project_Code_bsp/\libhal_bsp.a(alt_iic_isr_register.o)
 .data          0x00000000000037f8        0x0 ../Final_Project_Code_bsp/\libhal_bsp.a(alt_io_redirect.o)
 .data          0x00000000000037f8        0x0 ../Final_Project_Code_bsp/\libhal_bsp.a(alt_irq_entry.o)
 .data          0x00000000000037f8        0x0 ../Final_Project_Code_bsp/\libhal_bsp.a(alt_irq_handler.o)
 .data          0x00000000000037f8        0x0 ../Final_Project_Code_bsp/\libhal_bsp.a(alt_irq_vars.o)
 .data          0x00000000000037f8        0x0 ../Final_Project_Code_bsp/\libhal_bsp.a(alt_open.o)
 .data          0x00000000000037f8        0x0 ../Final_Project_Code_bsp/\libhal_bsp.a(alt_release_fd.o)
 .data          0x00000000000037f8        0x0 ../Final_Project_Code_bsp/\libhal_bsp.a(alt_tick.o)
 .data          0x00000000000037f8        0x0 ../Final_Project_Code_bsp/\libhal_bsp.a(altera_nios2_gen2_irq.o)
 .data          0x00000000000037f8        0x0 ../Final_Project_Code_bsp/\libhal_bsp.a(alt_exception_entry.o)
 .data          0x00000000000037f8        0x0 ../Final_Project_Code_bsp/\libhal_bsp.a(alt_find_dev.o)
 .data          0x00000000000037f8        0x0 ../Final_Project_Code_bsp/\libhal_bsp.a(alt_find_file.o)
 .data          0x00000000000037f8        0x0 ../Final_Project_Code_bsp/\libhal_bsp.a(alt_get_fd.o)
 .data          0x00000000000037f8        0x0 ../Final_Project_Code_bsp/\libhal_bsp.a(alt_instruction_exception_entry.o)
 .data          0x00000000000037f8        0x0 c:/altera/15.0/nios2eds/bin/gnu/h-x86_64-mingw32/bin/../lib/gcc/nios2-elf/4.9.1/../../../../../H-x86_64-mingw32/nios2-elf/lib/mno-hw-mul\libc.a(lib_a-atexit.o)
 .data          0x00000000000037f8        0x0 c:/altera/15.0/nios2eds/bin/gnu/h-x86_64-mingw32/bin/../lib/gcc/nios2-elf/4.9.1/../../../../../H-x86_64-mingw32/nios2-elf/lib/mno-hw-mul\libc.a(lib_a-exit.o)
 .data          0x00000000000037f8      0x424 c:/altera/15.0/nios2eds/bin/gnu/h-x86_64-mingw32/bin/../lib/gcc/nios2-elf/4.9.1/../../../../../H-x86_64-mingw32/nios2-elf/lib/mno-hw-mul\libc.a(lib_a-impure.o)
 .data          0x0000000000003c1c        0x0 c:/altera/15.0/nios2eds/bin/gnu/h-x86_64-mingw32/bin/../lib/gcc/nios2-elf/4.9.1/../../../../../H-x86_64-mingw32/nios2-elf/lib/mno-hw-mul\libc.a(lib_a-int_errno.o)
 .data          0x0000000000003c1c        0x0 c:/altera/15.0/nios2eds/bin/gnu/h-x86_64-mingw32/bin/../lib/gcc/nios2-elf/4.9.1/../../../../../H-x86_64-mingw32/nios2-elf/lib/mno-hw-mul\libc.a(lib_a-memcmp.o)
 .data          0x0000000000003c1c        0x0 c:/altera/15.0/nios2eds/bin/gnu/h-x86_64-mingw32/bin/../lib/gcc/nios2-elf/4.9.1/../../../../../H-x86_64-mingw32/nios2-elf/lib/mno-hw-mul\libc.a(lib_a-memcpy.o)
 .data          0x0000000000003c1c        0x0 c:/altera/15.0/nios2eds/bin/gnu/h-x86_64-mingw32/bin/../lib/gcc/nios2-elf/4.9.1/../../../../../H-x86_64-mingw32/nios2-elf/lib/mno-hw-mul\libc.a(lib_a-strlen.o)
 .data          0x0000000000003c1c        0x0 c:/altera/15.0/nios2eds/bin/gnu/h-x86_64-mingw32/bin/../lib/gcc/nios2-elf/4.9.1/../../../../../H-x86_64-mingw32/nios2-elf/lib/mno-hw-mul\libc.a(lib_a-__atexit.o)
 .data          0x0000000000003c1c        0x0 c:/altera/15.0/nios2eds/bin/gnu/h-x86_64-mingw32/bin/../lib/gcc/nios2-elf/4.9.1/../../../../../H-x86_64-mingw32/nios2-elf/lib/mno-hw-mul\libc.a(lib_a-__call_atexit.o)
 .data          0x0000000000003c1c        0x0 c:/altera/15.0/nios2eds/bin/gnu/h-x86_64-mingw32/bin/../lib/gcc/nios2-elf/4.9.1/mno-hw-mul\libgcc.a(lib2-mul.o)
 .data          0x0000000000003c1c        0x0 ../Final_Project_Code_bsp/\libhal_bsp.a(alt_exit.o)
                0x000000000000bc1c                _gp = ABSOLUTE ((. + 0x8000))
                0x000000000000bc1c                PROVIDE (gp, _gp)
 *(.rwdata .rwdata.*)
 *(.sdata .sdata.* .gnu.linkonce.s.*)
 .sdata         0x0000000000003c1c       0x10 obj/default/main.o
 .sdata         0x0000000000003c2c       0x14 ../Final_Project_Code_bsp/\libhal_bsp.a(alt_dev.o)
                0x0000000000003c2c                alt_fs_list
                0x0000000000003c34                alt_dev_list
                0x0000000000003c3c                alt_max_fd
 .sdata         0x0000000000003c40        0x4 ../Final_Project_Code_bsp/\libhal_bsp.a(alt_errno.o)
                0x0000000000003c40                alt_errno
 .sdata         0x0000000000003c44        0x4 ../Final_Project_Code_bsp/\libhal_bsp.a(alt_irq_vars.o)
                0x0000000000003c44                alt_priority_mask
 .sdata         0x0000000000003c48        0x8 ../Final_Project_Code_bsp/\libhal_bsp.a(alt_tick.o)
                0x0000000000003c48                alt_alarm_list
 .sdata         0x0000000000003c50        0x8 c:/altera/15.0/nios2eds/bin/gnu/h-x86_64-mingw32/bin/../lib/gcc/nios2-elf/4.9.1/../../../../../H-x86_64-mingw32/nios2-elf/lib/mno-hw-mul\libc.a(lib_a-impure.o)
                0x0000000000003c50                _global_impure_ptr
                0x0000000000003c54                _impure_ptr
 *(.sdata2 .sdata2.* .gnu.linkonce.s2.*)
                0x0000000000003c58                . = ALIGN (0x4)
                0x0000000000003c58                _edata = ABSOLUTE (.)
                0x0000000000003c58                PROVIDE (edata, ABSOLUTE (.))
                0x0000000000003c58                PROVIDE (__ram_rwdata_end, ABSOLUTE (.))
                0x0000000000003c58                PROVIDE (__flash_rwdata_start, LOADADDR (.rwdata))

.bss            0x00000000000052c0      0x120
                0x00000000000052c0                __bss_start = ABSOLUTE (.)
                0x00000000000052c0                PROVIDE (__sbss_start, ABSOLUTE (.))
                0x00000000000052c0                PROVIDE (___sbss_start, ABSOLUTE (.))
 *(.dynsbss)
 *(.sbss .sbss.* .gnu.linkonce.sb.*)
 .sbss          0x00000000000052c0        0xc ../Final_Project_Code_bsp/\libhal_bsp.a(alt_main.o)
                0x00000000000052c0                alt_argc
                0x00000000000052c4                alt_argv
                0x00000000000052c8                alt_envp
 .sbss          0x00000000000052cc        0x4 ../Final_Project_Code_bsp/\libhal_bsp.a(alt_irq_vars.o)
                0x00000000000052cc                alt_irq_active
 .sbss          0x00000000000052d0        0x8 ../Final_Project_Code_bsp/\libhal_bsp.a(alt_tick.o)
                0x00000000000052d0                _alt_tick_rate
                0x00000000000052d4                _alt_nticks
 .sbss          0x00000000000052d8        0x4 ../Final_Project_Code_bsp/\libhal_bsp.a(alt_instruction_exception_entry.o)
                0x00000000000052d8                alt_instruction_exception_handler
 .sbss          0x00000000000052dc        0x4 c:/altera/15.0/nios2eds/bin/gnu/h-x86_64-mingw32/bin/../lib/gcc/nios2-elf/4.9.1/../../../../../H-x86_64-mingw32/nios2-elf/lib/mno-hw-mul\libc.a(lib_a-int_errno.o)
                0x00000000000052dc                errno
 *(.sbss2 .sbss2.* .gnu.linkonce.sb2.*)
 *(.scommon)
                0x00000000000052e0                PROVIDE (__sbss_end, ABSOLUTE (.))
                0x00000000000052e0                PROVIDE (___sbss_end, ABSOLUTE (.))
 *(.dynbss)
 *(.bss .bss.* .gnu.linkonce.b.*)
 .bss           0x00000000000052e0        0x0 ../Final_Project_Code_bsp//obj/HAL/src/crt0.o
 .bss           0x00000000000052e0        0x0 obj/default/main.o
 .bss           0x00000000000052e0        0x0 ../Final_Project_Code_bsp/\libhal_bsp.a(alt_load.o)
 .bss           0x00000000000052e0        0x0 ../Final_Project_Code_bsp/\libhal_bsp.a(alt_main.o)
 .bss           0x00000000000052e0        0x0 ../Final_Project_Code_bsp/\libhal_bsp.a(alt_sys_init.o)
 .bss           0x00000000000052e0        0x0 ../Final_Project_Code_bsp/\libhal_bsp.a(altera_avalon_jtag_uart_fd.o)
 .bss           0x00000000000052e0        0x0 ../Final_Project_Code_bsp/\libhal_bsp.a(altera_avalon_jtag_uart_init.o)
 .bss           0x00000000000052e0        0x0 ../Final_Project_Code_bsp/\libhal_bsp.a(altera_avalon_jtag_uart_ioctl.o)
 .bss           0x00000000000052e0        0x0 ../Final_Project_Code_bsp/\libhal_bsp.a(altera_avalon_jtag_uart_read.o)
 .bss           0x00000000000052e0        0x0 ../Final_Project_Code_bsp/\libhal_bsp.a(altera_avalon_jtag_uart_write.o)
 .bss           0x00000000000052e0        0x0 ../Final_Project_Code_bsp/\libhal_bsp.a(alt_alarm_start.o)
 .bss           0x00000000000052e0        0x0 ../Final_Project_Code_bsp/\libhal_bsp.a(alt_close.o)
 .bss           0x00000000000052e0        0x0 ../Final_Project_Code_bsp/\libhal_bsp.a(alt_dcache_flush_all.o)
 .bss           0x00000000000052e0        0x0 ../Final_Project_Code_bsp/\libhal_bsp.a(alt_dev.o)
 .bss           0x00000000000052e0        0x0 ../Final_Project_Code_bsp/\libhal_bsp.a(alt_dev_llist_insert.o)
 .bss           0x00000000000052e0        0x0 ../Final_Project_Code_bsp/\libhal_bsp.a(alt_do_ctors.o)
 .bss           0x00000000000052e0        0x0 ../Final_Project_Code_bsp/\libhal_bsp.a(alt_do_dtors.o)
 .bss           0x00000000000052e0        0x0 ../Final_Project_Code_bsp/\libhal_bsp.a(alt_errno.o)
 .bss           0x00000000000052e0        0x0 ../Final_Project_Code_bsp/\libhal_bsp.a(alt_icache_flush_all.o)
 .bss           0x00000000000052e0        0x0 ../Final_Project_Code_bsp/\libhal_bsp.a(alt_iic.o)
 .bss           0x00000000000052e0        0x0 ../Final_Project_Code_bsp/\libhal_bsp.a(alt_iic_isr_register.o)
 .bss           0x00000000000052e0        0x0 ../Final_Project_Code_bsp/\libhal_bsp.a(alt_io_redirect.o)
 .bss           0x00000000000052e0        0x0 ../Final_Project_Code_bsp/\libhal_bsp.a(alt_irq_entry.o)
 .bss           0x00000000000052e0        0x0 ../Final_Project_Code_bsp/\libhal_bsp.a(alt_irq_handler.o)
 .bss           0x00000000000052e0        0x0 ../Final_Project_Code_bsp/\libhal_bsp.a(alt_irq_vars.o)
 .bss           0x00000000000052e0        0x0 ../Final_Project_Code_bsp/\libhal_bsp.a(alt_open.o)
 .bss           0x00000000000052e0        0x0 ../Final_Project_Code_bsp/\libhal_bsp.a(alt_release_fd.o)
 .bss           0x00000000000052e0        0x0 ../Final_Project_Code_bsp/\libhal_bsp.a(alt_tick.o)
 .bss           0x00000000000052e0        0x0 ../Final_Project_Code_bsp/\libhal_bsp.a(altera_nios2_gen2_irq.o)
 .bss           0x00000000000052e0        0x0 ../Final_Project_Code_bsp/\libhal_bsp.a(alt_exception_entry.o)
 .bss           0x00000000000052e0        0x0 ../Final_Project_Code_bsp/\libhal_bsp.a(alt_find_dev.o)
 .bss           0x00000000000052e0        0x0 ../Final_Project_Code_bsp/\libhal_bsp.a(alt_find_file.o)
 .bss           0x00000000000052e0        0x0 ../Final_Project_Code_bsp/\libhal_bsp.a(alt_get_fd.o)
 .bss           0x00000000000052e0        0x0 ../Final_Project_Code_bsp/\libhal_bsp.a(alt_instruction_exception_entry.o)
 .bss           0x00000000000052e0        0x0 c:/altera/15.0/nios2eds/bin/gnu/h-x86_64-mingw32/bin/../lib/gcc/nios2-elf/4.9.1/../../../../../H-x86_64-mingw32/nios2-elf/lib/mno-hw-mul\libc.a(lib_a-atexit.o)
 .bss           0x00000000000052e0        0x0 c:/altera/15.0/nios2eds/bin/gnu/h-x86_64-mingw32/bin/../lib/gcc/nios2-elf/4.9.1/../../../../../H-x86_64-mingw32/nios2-elf/lib/mno-hw-mul\libc.a(lib_a-exit.o)
 .bss           0x00000000000052e0        0x0 c:/altera/15.0/nios2eds/bin/gnu/h-x86_64-mingw32/bin/../lib/gcc/nios2-elf/4.9.1/../../../../../H-x86_64-mingw32/nios2-elf/lib/mno-hw-mul\libc.a(lib_a-impure.o)
 .bss           0x00000000000052e0        0x0 c:/altera/15.0/nios2eds/bin/gnu/h-x86_64-mingw32/bin/../lib/gcc/nios2-elf/4.9.1/../../../../../H-x86_64-mingw32/nios2-elf/lib/mno-hw-mul\libc.a(lib_a-int_errno.o)
 .bss           0x00000000000052e0        0x0 c:/altera/15.0/nios2eds/bin/gnu/h-x86_64-mingw32/bin/../lib/gcc/nios2-elf/4.9.1/../../../../../H-x86_64-mingw32/nios2-elf/lib/mno-hw-mul\libc.a(lib_a-memcmp.o)
 .bss           0x00000000000052e0        0x0 c:/altera/15.0/nios2eds/bin/gnu/h-x86_64-mingw32/bin/../lib/gcc/nios2-elf/4.9.1/../../../../../H-x86_64-mingw32/nios2-elf/lib/mno-hw-mul\libc.a(lib_a-memcpy.o)
 .bss           0x00000000000052e0        0x0 c:/altera/15.0/nios2eds/bin/gnu/h-x86_64-mingw32/bin/../lib/gcc/nios2-elf/4.9.1/../../../../../H-x86_64-mingw32/nios2-elf/lib/mno-hw-mul\libc.a(lib_a-strlen.o)
 .bss           0x00000000000052e0        0x0 c:/altera/15.0/nios2eds/bin/gnu/h-x86_64-mingw32/bin/../lib/gcc/nios2-elf/4.9.1/../../../../../H-x86_64-mingw32/nios2-elf/lib/mno-hw-mul\libc.a(lib_a-__atexit.o)
 .bss           0x00000000000052e0        0x0 c:/altera/15.0/nios2eds/bin/gnu/h-x86_64-mingw32/bin/../lib/gcc/nios2-elf/4.9.1/../../../../../H-x86_64-mingw32/nios2-elf/lib/mno-hw-mul\libc.a(lib_a-__call_atexit.o)
 .bss           0x00000000000052e0        0x0 c:/altera/15.0/nios2eds/bin/gnu/h-x86_64-mingw32/bin/../lib/gcc/nios2-elf/4.9.1/mno-hw-mul\libgcc.a(lib2-mul.o)
 .bss           0x00000000000052e0        0x0 ../Final_Project_Code_bsp/\libhal_bsp.a(alt_exit.o)
 *(COMMON)
 COMMON         0x00000000000052e0      0x100 ../Final_Project_Code_bsp/\libhal_bsp.a(alt_irq_handler.o)
                0x00000000000052e0                alt_irq
                0x00000000000053e0                . = ALIGN (0x4)
                0x00000000000053e0                __bss_end = ABSOLUTE (.)

.onchip_memory2_0
                0x00000000000053e0        0x0
                0x00000000000053e0                PROVIDE (_alt_partition_onchip_memory2_0_start, ABSOLUTE (.))
 *(.onchip_memory2_0 .onchip_memory2_0. onchip_memory2_0.*)
                0x00000000000053e0                . = ALIGN (0x4)
                0x00000000000053e0                PROVIDE (_alt_partition_onchip_memory2_0_end, ABSOLUTE (.))
                0x00000000000053e0                _end = ABSOLUTE (.)
                0x00000000000053e0                end = ABSOLUTE (.)
                0x00000000000053e0                __alt_stack_base = ABSOLUTE (.)
                0x00000000000053e0                PROVIDE (_alt_partition_onchip_memory2_0_load_addr, LOADADDR (.onchip_memory2_0))

.stab
 *(.stab)

.stabstr
 *(.stabstr)

.stab.excl
 *(.stab.excl)

.stab.exclstr
 *(.stab.exclstr)

.stab.index
 *(.stab.index)

.stab.indexstr
 *(.stab.indexstr)

.comment        0x0000000000000000       0x23
 *(.comment)
 .comment       0x0000000000000000       0x23 obj/default/main.o
                                         0x24 (size before relaxing)
 .comment       0x0000000000000000       0x24 ../Final_Project_Code_bsp/\libhal_bsp.a(alt_load.o)
 .comment       0x0000000000000000       0x24 ../Final_Project_Code_bsp/\libhal_bsp.a(alt_main.o)
 .comment       0x0000000000000000       0x24 ../Final_Project_Code_bsp/\libhal_bsp.a(alt_sys_init.o)
 .comment       0x0000000000000000       0x24 ../Final_Project_Code_bsp/\libhal_bsp.a(altera_avalon_jtag_uart_fd.o)
 .comment       0x0000000000000000       0x24 ../Final_Project_Code_bsp/\libhal_bsp.a(altera_avalon_jtag_uart_init.o)
 .comment       0x0000000000000000       0x24 ../Final_Project_Code_bsp/\libhal_bsp.a(altera_avalon_jtag_uart_ioctl.o)
 .comment       0x0000000000000000       0x24 ../Final_Project_Code_bsp/\libhal_bsp.a(altera_avalon_jtag_uart_read.o)
 .comment       0x0000000000000000       0x24 ../Final_Project_Code_bsp/\libhal_bsp.a(altera_avalon_jtag_uart_write.o)
 .comment       0x0000000000000000       0x24 ../Final_Project_Code_bsp/\libhal_bsp.a(alt_alarm_start.o)
 .comment       0x0000000000000000       0x24 ../Final_Project_Code_bsp/\libhal_bsp.a(alt_close.o)
 .comment       0x0000000000000000       0x24 ../Final_Project_Code_bsp/\libhal_bsp.a(alt_dcache_flush_all.o)
 .comment       0x0000000000000000       0x24 ../Final_Project_Code_bsp/\libhal_bsp.a(alt_dev.o)
 .comment       0x0000000000000000       0x24 ../Final_Project_Code_bsp/\libhal_bsp.a(alt_dev_llist_insert.o)
 .comment       0x0000000000000000       0x24 ../Final_Project_Code_bsp/\libhal_bsp.a(alt_do_ctors.o)
 .comment       0x0000000000000000       0x24 ../Final_Project_Code_bsp/\libhal_bsp.a(alt_do_dtors.o)
 .comment       0x0000000000000000       0x24 ../Final_Project_Code_bsp/\libhal_bsp.a(alt_errno.o)
 .comment       0x0000000000000000       0x24 ../Final_Project_Code_bsp/\libhal_bsp.a(alt_icache_flush_all.o)
 .comment       0x0000000000000000       0x24 ../Final_Project_Code_bsp/\libhal_bsp.a(alt_iic.o)
 .comment       0x0000000000000000       0x24 ../Final_Project_Code_bsp/\libhal_bsp.a(alt_iic_isr_register.o)
 .comment       0x0000000000000000       0x24 ../Final_Project_Code_bsp/\libhal_bsp.a(alt_io_redirect.o)
 .comment       0x0000000000000000       0x24 ../Final_Project_Code_bsp/\libhal_bsp.a(alt_irq_handler.o)
 .comment       0x0000000000000000       0x24 ../Final_Project_Code_bsp/\libhal_bsp.a(alt_irq_vars.o)
 .comment       0x0000000000000000       0x24 ../Final_Project_Code_bsp/\libhal_bsp.a(alt_open.o)
 .comment       0x0000000000000000       0x24 ../Final_Project_Code_bsp/\libhal_bsp.a(alt_release_fd.o)
 .comment       0x0000000000000000       0x24 ../Final_Project_Code_bsp/\libhal_bsp.a(alt_tick.o)
 .comment       0x0000000000000000       0x24 ../Final_Project_Code_bsp/\libhal_bsp.a(altera_nios2_gen2_irq.o)
 .comment       0x0000000000000000       0x24 ../Final_Project_Code_bsp/\libhal_bsp.a(alt_find_dev.o)
 .comment       0x0000000000000000       0x24 ../Final_Project_Code_bsp/\libhal_bsp.a(alt_find_file.o)
 .comment       0x0000000000000000       0x24 ../Final_Project_Code_bsp/\libhal_bsp.a(alt_get_fd.o)
 .comment       0x0000000000000000       0x24 ../Final_Project_Code_bsp/\libhal_bsp.a(alt_instruction_exception_entry.o)
 .comment       0x0000000000000000       0x24 c:/altera/15.0/nios2eds/bin/gnu/h-x86_64-mingw32/bin/../lib/gcc/nios2-elf/4.9.1/../../../../../H-x86_64-mingw32/nios2-elf/lib/mno-hw-mul\libc.a(lib_a-atexit.o)
 .comment       0x0000000000000000       0x24 c:/altera/15.0/nios2eds/bin/gnu/h-x86_64-mingw32/bin/../lib/gcc/nios2-elf/4.9.1/../../../../../H-x86_64-mingw32/nios2-elf/lib/mno-hw-mul\libc.a(lib_a-exit.o)
 .comment       0x0000000000000000       0x24 c:/altera/15.0/nios2eds/bin/gnu/h-x86_64-mingw32/bin/../lib/gcc/nios2-elf/4.9.1/../../../../../H-x86_64-mingw32/nios2-elf/lib/mno-hw-mul\libc.a(lib_a-impure.o)
 .comment       0x0000000000000000       0x24 c:/altera/15.0/nios2eds/bin/gnu/h-x86_64-mingw32/bin/../lib/gcc/nios2-elf/4.9.1/../../../../../H-x86_64-mingw32/nios2-elf/lib/mno-hw-mul\libc.a(lib_a-int_errno.o)
 .comment       0x0000000000000000       0x24 c:/altera/15.0/nios2eds/bin/gnu/h-x86_64-mingw32/bin/../lib/gcc/nios2-elf/4.9.1/../../../../../H-x86_64-mingw32/nios2-elf/lib/mno-hw-mul\libc.a(lib_a-memcmp.o)
 .comment       0x0000000000000000       0x24 c:/altera/15.0/nios2eds/bin/gnu/h-x86_64-mingw32/bin/../lib/gcc/nios2-elf/4.9.1/../../../../../H-x86_64-mingw32/nios2-elf/lib/mno-hw-mul\libc.a(lib_a-memcpy.o)
 .comment       0x0000000000000000       0x24 c:/altera/15.0/nios2eds/bin/gnu/h-x86_64-mingw32/bin/../lib/gcc/nios2-elf/4.9.1/../../../../../H-x86_64-mingw32/nios2-elf/lib/mno-hw-mul\libc.a(lib_a-strlen.o)
 .comment       0x0000000000000000       0x24 c:/altera/15.0/nios2eds/bin/gnu/h-x86_64-mingw32/bin/../lib/gcc/nios2-elf/4.9.1/../../../../../H-x86_64-mingw32/nios2-elf/lib/mno-hw-mul\libc.a(lib_a-__atexit.o)
 .comment       0x0000000000000000       0x24 c:/altera/15.0/nios2eds/bin/gnu/h-x86_64-mingw32/bin/../lib/gcc/nios2-elf/4.9.1/../../../../../H-x86_64-mingw32/nios2-elf/lib/mno-hw-mul\libc.a(lib_a-__call_atexit.o)
 .comment       0x0000000000000000       0x24 c:/altera/15.0/nios2eds/bin/gnu/h-x86_64-mingw32/bin/../lib/gcc/nios2-elf/4.9.1/mno-hw-mul\libgcc.a(lib2-mul.o)
 .comment       0x0000000000000000       0x24 ../Final_Project_Code_bsp/\libhal_bsp.a(alt_exit.o)

.debug
 *(.debug)

.line
 *(.line)

.debug_srcinfo
 *(.debug_srcinfo)

.debug_sfnames
 *(.debug_sfnames)

.debug_aranges  0x0000000000000000      0x5b8
 *(.debug_aranges)
 .debug_aranges
                0x0000000000000000       0x28 ../Final_Project_Code_bsp//obj/HAL/src/crt0.o
 .debug_aranges
                0x0000000000000028       0x20 obj/default/main.o
 .debug_aranges
                0x0000000000000048       0x20 ../Final_Project_Code_bsp/\libhal_bsp.a(alt_load.o)
 .debug_aranges
                0x0000000000000068       0x20 ../Final_Project_Code_bsp/\libhal_bsp.a(alt_main.o)
 .debug_aranges
                0x0000000000000088       0x20 ../Final_Project_Code_bsp/\libhal_bsp.a(alt_sys_init.o)
 .debug_aranges
                0x00000000000000a8       0x20 ../Final_Project_Code_bsp/\libhal_bsp.a(altera_avalon_jtag_uart_fd.o)
 .debug_aranges
                0x00000000000000c8       0x20 ../Final_Project_Code_bsp/\libhal_bsp.a(altera_avalon_jtag_uart_init.o)
 .debug_aranges
                0x00000000000000e8       0x20 ../Final_Project_Code_bsp/\libhal_bsp.a(altera_avalon_jtag_uart_ioctl.o)
 .debug_aranges
                0x0000000000000108       0x20 ../Final_Project_Code_bsp/\libhal_bsp.a(altera_avalon_jtag_uart_read.o)
 .debug_aranges
                0x0000000000000128       0x20 ../Final_Project_Code_bsp/\libhal_bsp.a(altera_avalon_jtag_uart_write.o)
 .debug_aranges
                0x0000000000000148       0x20 ../Final_Project_Code_bsp/\libhal_bsp.a(alt_alarm_start.o)
 .debug_aranges
                0x0000000000000168       0x20 ../Final_Project_Code_bsp/\libhal_bsp.a(alt_close.o)
 .debug_aranges
                0x0000000000000188       0x20 ../Final_Project_Code_bsp/\libhal_bsp.a(alt_dcache_flush_all.o)
 .debug_aranges
                0x00000000000001a8       0x20 ../Final_Project_Code_bsp/\libhal_bsp.a(alt_dev.o)
 .debug_aranges
                0x00000000000001c8       0x20 ../Final_Project_Code_bsp/\libhal_bsp.a(alt_dev_llist_insert.o)
 .debug_aranges
                0x00000000000001e8       0x20 ../Final_Project_Code_bsp/\libhal_bsp.a(alt_do_ctors.o)
 .debug_aranges
                0x0000000000000208       0x20 ../Final_Project_Code_bsp/\libhal_bsp.a(alt_do_dtors.o)
 .debug_aranges
                0x0000000000000228       0x18 ../Final_Project_Code_bsp/\libhal_bsp.a(alt_errno.o)
 .debug_aranges
                0x0000000000000240       0x20 ../Final_Project_Code_bsp/\libhal_bsp.a(alt_icache_flush_all.o)
 .debug_aranges
                0x0000000000000260       0x20 ../Final_Project_Code_bsp/\libhal_bsp.a(alt_iic.o)
 .debug_aranges
                0x0000000000000280       0x20 ../Final_Project_Code_bsp/\libhal_bsp.a(alt_iic_isr_register.o)
 .debug_aranges
                0x00000000000002a0       0x20 ../Final_Project_Code_bsp/\libhal_bsp.a(alt_io_redirect.o)
 .debug_aranges
                0x00000000000002c0       0x30 ../Final_Project_Code_bsp/\libhal_bsp.a(alt_irq_entry.o)
 .debug_aranges
                0x00000000000002f0       0x20 ../Final_Project_Code_bsp/\libhal_bsp.a(alt_irq_handler.o)
 .debug_aranges
                0x0000000000000310       0x18 ../Final_Project_Code_bsp/\libhal_bsp.a(alt_irq_vars.o)
 .debug_aranges
                0x0000000000000328       0x20 ../Final_Project_Code_bsp/\libhal_bsp.a(alt_open.o)
 .debug_aranges
                0x0000000000000348       0x20 ../Final_Project_Code_bsp/\libhal_bsp.a(alt_release_fd.o)
 .debug_aranges
                0x0000000000000368       0x20 ../Final_Project_Code_bsp/\libhal_bsp.a(alt_tick.o)
 .debug_aranges
                0x0000000000000388       0x20 ../Final_Project_Code_bsp/\libhal_bsp.a(altera_nios2_gen2_irq.o)
 .debug_aranges
                0x00000000000003a8       0x38 ../Final_Project_Code_bsp/\libhal_bsp.a(alt_exception_entry.o)
 .debug_aranges
                0x00000000000003e0       0x20 ../Final_Project_Code_bsp/\libhal_bsp.a(alt_find_dev.o)
 .debug_aranges
                0x0000000000000400       0x20 ../Final_Project_Code_bsp/\libhal_bsp.a(alt_find_file.o)
 .debug_aranges
                0x0000000000000420       0x20 ../Final_Project_Code_bsp/\libhal_bsp.a(alt_get_fd.o)
 .debug_aranges
                0x0000000000000440       0x28 ../Final_Project_Code_bsp/\libhal_bsp.a(alt_instruction_exception_entry.o)
 .debug_aranges
                0x0000000000000468       0x20 c:/altera/15.0/nios2eds/bin/gnu/h-x86_64-mingw32/bin/../lib/gcc/nios2-elf/4.9.1/../../../../../H-x86_64-mingw32/nios2-elf/lib/mno-hw-mul\libc.a(lib_a-atexit.o)
 .debug_aranges
                0x0000000000000488       0x20 c:/altera/15.0/nios2eds/bin/gnu/h-x86_64-mingw32/bin/../lib/gcc/nios2-elf/4.9.1/../../../../../H-x86_64-mingw32/nios2-elf/lib/mno-hw-mul\libc.a(lib_a-exit.o)
 .debug_aranges
                0x00000000000004a8       0x18 c:/altera/15.0/nios2eds/bin/gnu/h-x86_64-mingw32/bin/../lib/gcc/nios2-elf/4.9.1/../../../../../H-x86_64-mingw32/nios2-elf/lib/mno-hw-mul\libc.a(lib_a-impure.o)
 .debug_aranges
                0x00000000000004c0       0x18 c:/altera/15.0/nios2eds/bin/gnu/h-x86_64-mingw32/bin/../lib/gcc/nios2-elf/4.9.1/../../../../../H-x86_64-mingw32/nios2-elf/lib/mno-hw-mul\libc.a(lib_a-int_errno.o)
 .debug_aranges
                0x00000000000004d8       0x20 c:/altera/15.0/nios2eds/bin/gnu/h-x86_64-mingw32/bin/../lib/gcc/nios2-elf/4.9.1/../../../../../H-x86_64-mingw32/nios2-elf/lib/mno-hw-mul\libc.a(lib_a-memcmp.o)
 .debug_aranges
                0x00000000000004f8       0x20 c:/altera/15.0/nios2eds/bin/gnu/h-x86_64-mingw32/bin/../lib/gcc/nios2-elf/4.9.1/../../../../../H-x86_64-mingw32/nios2-elf/lib/mno-hw-mul\libc.a(lib_a-memcpy.o)
 .debug_aranges
                0x0000000000000518       0x20 c:/altera/15.0/nios2eds/bin/gnu/h-x86_64-mingw32/bin/../lib/gcc/nios2-elf/4.9.1/../../../../../H-x86_64-mingw32/nios2-elf/lib/mno-hw-mul\libc.a(lib_a-strlen.o)
 .debug_aranges
                0x0000000000000538       0x20 c:/altera/15.0/nios2eds/bin/gnu/h-x86_64-mingw32/bin/../lib/gcc/nios2-elf/4.9.1/../../../../../H-x86_64-mingw32/nios2-elf/lib/mno-hw-mul\libc.a(lib_a-__atexit.o)
 .debug_aranges
                0x0000000000000558       0x20 c:/altera/15.0/nios2eds/bin/gnu/h-x86_64-mingw32/bin/../lib/gcc/nios2-elf/4.9.1/../../../../../H-x86_64-mingw32/nios2-elf/lib/mno-hw-mul\libc.a(lib_a-__call_atexit.o)
 .debug_aranges
                0x0000000000000578       0x20 c:/altera/15.0/nios2eds/bin/gnu/h-x86_64-mingw32/bin/../lib/gcc/nios2-elf/4.9.1/mno-hw-mul\libgcc.a(lib2-mul.o)
 .debug_aranges
                0x0000000000000598       0x20 ../Final_Project_Code_bsp/\libhal_bsp.a(alt_exit.o)

.debug_pubnames
 *(.debug_pubnames)

.debug_info     0x0000000000000000     0x7497
 *(.debug_info .gnu.linkonce.wi.*)
 .debug_info    0x0000000000000000       0x90 ../Final_Project_Code_bsp//obj/HAL/src/crt0.o
 .debug_info    0x0000000000000090       0xec obj/default/main.o
 .debug_info    0x000000000000017c      0x13e ../Final_Project_Code_bsp/\libhal_bsp.a(alt_load.o)
 .debug_info    0x00000000000002ba      0x12a ../Final_Project_Code_bsp/\libhal_bsp.a(alt_main.o)
 .debug_info    0x00000000000003e4      0x4bc ../Final_Project_Code_bsp/\libhal_bsp.a(alt_sys_init.o)
 .debug_info    0x00000000000008a0      0x527 ../Final_Project_Code_bsp/\libhal_bsp.a(altera_avalon_jtag_uart_fd.o)
 .debug_info    0x0000000000000dc7      0x3a1 ../Final_Project_Code_bsp/\libhal_bsp.a(altera_avalon_jtag_uart_init.o)
 .debug_info    0x0000000000001168      0x279 ../Final_Project_Code_bsp/\libhal_bsp.a(altera_avalon_jtag_uart_ioctl.o)
 .debug_info    0x00000000000013e1      0x342 ../Final_Project_Code_bsp/\libhal_bsp.a(altera_avalon_jtag_uart_read.o)
 .debug_info    0x0000000000001723      0x339 ../Final_Project_Code_bsp/\libhal_bsp.a(altera_avalon_jtag_uart_write.o)
 .debug_info    0x0000000000001a5c      0x2c5 ../Final_Project_Code_bsp/\libhal_bsp.a(alt_alarm_start.o)
 .debug_info    0x0000000000001d21      0x31a ../Final_Project_Code_bsp/\libhal_bsp.a(alt_close.o)
 .debug_info    0x000000000000203b       0x8b ../Final_Project_Code_bsp/\libhal_bsp.a(alt_dcache_flush_all.o)
 .debug_info    0x00000000000020c6      0x495 ../Final_Project_Code_bsp/\libhal_bsp.a(alt_dev.o)
 .debug_info    0x000000000000255b      0x1a2 ../Final_Project_Code_bsp/\libhal_bsp.a(alt_dev_llist_insert.o)
 .debug_info    0x00000000000026fd       0x83 ../Final_Project_Code_bsp/\libhal_bsp.a(alt_do_ctors.o)
 .debug_info    0x0000000000002780       0x83 ../Final_Project_Code_bsp/\libhal_bsp.a(alt_do_dtors.o)
 .debug_info    0x0000000000002803       0x9f ../Final_Project_Code_bsp/\libhal_bsp.a(alt_errno.o)
 .debug_info    0x00000000000028a2       0x8b ../Final_Project_Code_bsp/\libhal_bsp.a(alt_icache_flush_all.o)
 .debug_info    0x000000000000292d      0x349 ../Final_Project_Code_bsp/\libhal_bsp.a(alt_iic.o)
 .debug_info    0x0000000000002c76      0x1e8 ../Final_Project_Code_bsp/\libhal_bsp.a(alt_iic_isr_register.o)
 .debug_info    0x0000000000002e5e      0x49e ../Final_Project_Code_bsp/\libhal_bsp.a(alt_io_redirect.o)
 .debug_info    0x00000000000032fc       0x99 ../Final_Project_Code_bsp/\libhal_bsp.a(alt_irq_entry.o)
 .debug_info    0x0000000000003395      0x180 ../Final_Project_Code_bsp/\libhal_bsp.a(alt_irq_handler.o)
 .debug_info    0x0000000000003515       0x88 ../Final_Project_Code_bsp/\libhal_bsp.a(alt_irq_vars.o)
 .debug_info    0x000000000000359d      0x3b4 ../Final_Project_Code_bsp/\libhal_bsp.a(alt_open.o)
 .debug_info    0x0000000000003951      0x2b0 ../Final_Project_Code_bsp/\libhal_bsp.a(alt_release_fd.o)
 .debug_info    0x0000000000003c01      0x292 ../Final_Project_Code_bsp/\libhal_bsp.a(alt_tick.o)
 .debug_info    0x0000000000003e93       0x8b ../Final_Project_Code_bsp/\libhal_bsp.a(altera_nios2_gen2_irq.o)
 .debug_info    0x0000000000003f1e       0x9f ../Final_Project_Code_bsp/\libhal_bsp.a(alt_exception_entry.o)
 .debug_info    0x0000000000003fbd      0x2e2 ../Final_Project_Code_bsp/\libhal_bsp.a(alt_find_dev.o)
 .debug_info    0x000000000000429f      0x2df ../Final_Project_Code_bsp/\libhal_bsp.a(alt_find_file.o)
 .debug_info    0x000000000000457e      0x309 ../Final_Project_Code_bsp/\libhal_bsp.a(alt_get_fd.o)
 .debug_info    0x0000000000004887      0x1d8 ../Final_Project_Code_bsp/\libhal_bsp.a(alt_instruction_exception_entry.o)
 .debug_info    0x0000000000004a5f      0x10a c:/altera/15.0/nios2eds/bin/gnu/h-x86_64-mingw32/bin/../lib/gcc/nios2-elf/4.9.1/../../../../../H-x86_64-mingw32/nios2-elf/lib/mno-hw-mul\libc.a(lib_a-atexit.o)
 .debug_info    0x0000000000004b69      0x8df c:/altera/15.0/nios2eds/bin/gnu/h-x86_64-mingw32/bin/../lib/gcc/nios2-elf/4.9.1/../../../../../H-x86_64-mingw32/nios2-elf/lib/mno-hw-mul\libc.a(lib_a-exit.o)
 .debug_info    0x0000000000005448      0x88f c:/altera/15.0/nios2eds/bin/gnu/h-x86_64-mingw32/bin/../lib/gcc/nios2-elf/4.9.1/../../../../../H-x86_64-mingw32/nios2-elf/lib/mno-hw-mul\libc.a(lib_a-impure.o)
 .debug_info    0x0000000000005cd7       0x83 c:/altera/15.0/nios2eds/bin/gnu/h-x86_64-mingw32/bin/../lib/gcc/nios2-elf/4.9.1/../../../../../H-x86_64-mingw32/nios2-elf/lib/mno-hw-mul\libc.a(lib_a-int_errno.o)
 .debug_info    0x0000000000005d5a      0x113 c:/altera/15.0/nios2eds/bin/gnu/h-x86_64-mingw32/bin/../lib/gcc/nios2-elf/4.9.1/../../../../../H-x86_64-mingw32/nios2-elf/lib/mno-hw-mul\libc.a(lib_a-memcmp.o)
 .debug_info    0x0000000000005e6d      0x133 c:/altera/15.0/nios2eds/bin/gnu/h-x86_64-mingw32/bin/../lib/gcc/nios2-elf/4.9.1/../../../../../H-x86_64-mingw32/nios2-elf/lib/mno-hw-mul\libc.a(lib_a-memcpy.o)
 .debug_info    0x0000000000005fa0       0xdb c:/altera/15.0/nios2eds/bin/gnu/h-x86_64-mingw32/bin/../lib/gcc/nios2-elf/4.9.1/../../../../../H-x86_64-mingw32/nios2-elf/lib/mno-hw-mul\libc.a(lib_a-strlen.o)
 .debug_info    0x000000000000607b      0x93b c:/altera/15.0/nios2eds/bin/gnu/h-x86_64-mingw32/bin/../lib/gcc/nios2-elf/4.9.1/../../../../../H-x86_64-mingw32/nios2-elf/lib/mno-hw-mul\libc.a(lib_a-__atexit.o)
 .debug_info    0x00000000000069b6      0x948 c:/altera/15.0/nios2eds/bin/gnu/h-x86_64-mingw32/bin/../lib/gcc/nios2-elf/4.9.1/../../../../../H-x86_64-mingw32/nios2-elf/lib/mno-hw-mul\libc.a(lib_a-__call_atexit.o)
 .debug_info    0x00000000000072fe       0xb4 c:/altera/15.0/nios2eds/bin/gnu/h-x86_64-mingw32/bin/../lib/gcc/nios2-elf/4.9.1/mno-hw-mul\libgcc.a(lib2-mul.o)
 .debug_info    0x00000000000073b2       0xe5 ../Final_Project_Code_bsp/\libhal_bsp.a(alt_exit.o)

.debug_abbrev   0x0000000000000000     0x28ec
 *(.debug_abbrev)
 .debug_abbrev  0x0000000000000000       0x12 ../Final_Project_Code_bsp//obj/HAL/src/crt0.o
 .debug_abbrev  0x0000000000000012       0x70 obj/default/main.o
 .debug_abbrev  0x0000000000000082       0x9f ../Final_Project_Code_bsp/\libhal_bsp.a(alt_load.o)
 .debug_abbrev  0x0000000000000121       0xba ../Final_Project_Code_bsp/\libhal_bsp.a(alt_main.o)
 .debug_abbrev  0x00000000000001db      0x187 ../Final_Project_Code_bsp/\libhal_bsp.a(alt_sys_init.o)
 .debug_abbrev  0x0000000000000362      0x127 ../Final_Project_Code_bsp/\libhal_bsp.a(altera_avalon_jtag_uart_fd.o)
 .debug_abbrev  0x0000000000000489      0x197 ../Final_Project_Code_bsp/\libhal_bsp.a(altera_avalon_jtag_uart_init.o)
 .debug_abbrev  0x0000000000000620      0x111 ../Final_Project_Code_bsp/\libhal_bsp.a(altera_avalon_jtag_uart_ioctl.o)
 .debug_abbrev  0x0000000000000731      0x1ac ../Final_Project_Code_bsp/\libhal_bsp.a(altera_avalon_jtag_uart_read.o)
 .debug_abbrev  0x00000000000008dd      0x1a8 ../Final_Project_Code_bsp/\libhal_bsp.a(altera_avalon_jtag_uart_write.o)
 .debug_abbrev  0x0000000000000a85      0x162 ../Final_Project_Code_bsp/\libhal_bsp.a(alt_alarm_start.o)
 .debug_abbrev  0x0000000000000be7      0x11f ../Final_Project_Code_bsp/\libhal_bsp.a(alt_close.o)
 .debug_abbrev  0x0000000000000d06       0x42 ../Final_Project_Code_bsp/\libhal_bsp.a(alt_dcache_flush_all.o)
 .debug_abbrev  0x0000000000000d48       0xd9 ../Final_Project_Code_bsp/\libhal_bsp.a(alt_dev.o)
 .debug_abbrev  0x0000000000000e21      0x114 ../Final_Project_Code_bsp/\libhal_bsp.a(alt_dev_llist_insert.o)
 .debug_abbrev  0x0000000000000f35       0x79 ../Final_Project_Code_bsp/\libhal_bsp.a(alt_do_ctors.o)
 .debug_abbrev  0x0000000000000fae       0x79 ../Final_Project_Code_bsp/\libhal_bsp.a(alt_do_dtors.o)
 .debug_abbrev  0x0000000000001027       0x5a ../Final_Project_Code_bsp/\libhal_bsp.a(alt_errno.o)
 .debug_abbrev  0x0000000000001081       0x42 ../Final_Project_Code_bsp/\libhal_bsp.a(alt_icache_flush_all.o)
 .debug_abbrev  0x00000000000010c3      0x163 ../Final_Project_Code_bsp/\libhal_bsp.a(alt_iic.o)
 .debug_abbrev  0x0000000000001226      0x169 ../Final_Project_Code_bsp/\libhal_bsp.a(alt_iic_isr_register.o)
 .debug_abbrev  0x000000000000138f      0x114 ../Final_Project_Code_bsp/\libhal_bsp.a(alt_io_redirect.o)
 .debug_abbrev  0x00000000000014a3       0x12 ../Final_Project_Code_bsp/\libhal_bsp.a(alt_irq_entry.o)
 .debug_abbrev  0x00000000000014b5      0x122 ../Final_Project_Code_bsp/\libhal_bsp.a(alt_irq_handler.o)
 .debug_abbrev  0x00000000000015d7       0x40 ../Final_Project_Code_bsp/\libhal_bsp.a(alt_irq_vars.o)
 .debug_abbrev  0x0000000000001617      0x148 ../Final_Project_Code_bsp/\libhal_bsp.a(alt_open.o)
 .debug_abbrev  0x000000000000175f       0xde ../Final_Project_Code_bsp/\libhal_bsp.a(alt_release_fd.o)
 .debug_abbrev  0x000000000000183d      0x15a ../Final_Project_Code_bsp/\libhal_bsp.a(alt_tick.o)
 .debug_abbrev  0x0000000000001997       0x42 ../Final_Project_Code_bsp/\libhal_bsp.a(altera_nios2_gen2_irq.o)
 .debug_abbrev  0x00000000000019d9       0x12 ../Final_Project_Code_bsp/\libhal_bsp.a(alt_exception_entry.o)
 .debug_abbrev  0x00000000000019eb       0xf0 ../Final_Project_Code_bsp/\libhal_bsp.a(alt_find_dev.o)
 .debug_abbrev  0x0000000000001adb       0xf0 ../Final_Project_Code_bsp/\libhal_bsp.a(alt_find_file.o)
 .debug_abbrev  0x0000000000001bcb      0x10d ../Final_Project_Code_bsp/\libhal_bsp.a(alt_get_fd.o)
 .debug_abbrev  0x0000000000001cd8       0xd1 ../Final_Project_Code_bsp/\libhal_bsp.a(alt_instruction_exception_entry.o)
 .debug_abbrev  0x0000000000001da9       0xb8 c:/altera/15.0/nios2eds/bin/gnu/h-x86_64-mingw32/bin/../lib/gcc/nios2-elf/4.9.1/../../../../../H-x86_64-mingw32/nios2-elf/lib/mno-hw-mul\libc.a(lib_a-atexit.o)
 .debug_abbrev  0x0000000000001e61      0x1e6 c:/altera/15.0/nios2eds/bin/gnu/h-x86_64-mingw32/bin/../lib/gcc/nios2-elf/4.9.1/../../../../../H-x86_64-mingw32/nios2-elf/lib/mno-hw-mul\libc.a(lib_a-exit.o)
 .debug_abbrev  0x0000000000002047      0x180 c:/altera/15.0/nios2eds/bin/gnu/h-x86_64-mingw32/bin/../lib/gcc/nios2-elf/4.9.1/../../../../../H-x86_64-mingw32/nios2-elf/lib/mno-hw-mul\libc.a(lib_a-impure.o)
 .debug_abbrev  0x00000000000021c7       0x37 c:/altera/15.0/nios2eds/bin/gnu/h-x86_64-mingw32/bin/../lib/gcc/nios2-elf/4.9.1/../../../../../H-x86_64-mingw32/nios2-elf/lib/mno-hw-mul\libc.a(lib_a-int_errno.o)
 .debug_abbrev  0x00000000000021fe       0x7f c:/altera/15.0/nios2eds/bin/gnu/h-x86_64-mingw32/bin/../lib/gcc/nios2-elf/4.9.1/../../../../../H-x86_64-mingw32/nios2-elf/lib/mno-hw-mul\libc.a(lib_a-memcmp.o)
 .debug_abbrev  0x000000000000227d       0x9c c:/altera/15.0/nios2eds/bin/gnu/h-x86_64-mingw32/bin/../lib/gcc/nios2-elf/4.9.1/../../../../../H-x86_64-mingw32/nios2-elf/lib/mno-hw-mul\libc.a(lib_a-memcpy.o)
 .debug_abbrev  0x0000000000002319       0x90 c:/altera/15.0/nios2eds/bin/gnu/h-x86_64-mingw32/bin/../lib/gcc/nios2-elf/4.9.1/../../../../../H-x86_64-mingw32/nios2-elf/lib/mno-hw-mul\libc.a(lib_a-strlen.o)
 .debug_abbrev  0x00000000000023a9      0x21e c:/altera/15.0/nios2eds/bin/gnu/h-x86_64-mingw32/bin/../lib/gcc/nios2-elf/4.9.1/../../../../../H-x86_64-mingw32/nios2-elf/lib/mno-hw-mul\libc.a(lib_a-__atexit.o)
 .debug_abbrev  0x00000000000025c7      0x210 c:/altera/15.0/nios2eds/bin/gnu/h-x86_64-mingw32/bin/../lib/gcc/nios2-elf/4.9.1/../../../../../H-x86_64-mingw32/nios2-elf/lib/mno-hw-mul\libc.a(lib_a-__call_atexit.o)
 .debug_abbrev  0x00000000000027d7       0x6f c:/altera/15.0/nios2eds/bin/gnu/h-x86_64-mingw32/bin/../lib/gcc/nios2-elf/4.9.1/mno-hw-mul\libgcc.a(lib2-mul.o)
 .debug_abbrev  0x0000000000002846       0xa6 ../Final_Project_Code_bsp/\libhal_bsp.a(alt_exit.o)

.debug_line     0x0000000000000000     0x2961
 *(.debug_line)
 .debug_line    0x0000000000000000       0x66 ../Final_Project_Code_bsp//obj/HAL/src/crt0.o
 .debug_line    0x0000000000000066       0x61 obj/default/main.o
 .debug_line    0x00000000000000c7       0x8d ../Final_Project_Code_bsp/\libhal_bsp.a(alt_load.o)
 .debug_line    0x0000000000000154       0xa4 ../Final_Project_Code_bsp/\libhal_bsp.a(alt_main.o)
 .debug_line    0x00000000000001f8      0x137 ../Final_Project_Code_bsp/\libhal_bsp.a(alt_sys_init.o)
 .debug_line    0x000000000000032f      0x12f ../Final_Project_Code_bsp/\libhal_bsp.a(altera_avalon_jtag_uart_fd.o)
 .debug_line    0x000000000000045e      0x180 ../Final_Project_Code_bsp/\libhal_bsp.a(altera_avalon_jtag_uart_init.o)
 .debug_line    0x00000000000005de      0x12e ../Final_Project_Code_bsp/\libhal_bsp.a(altera_avalon_jtag_uart_ioctl.o)
 .debug_line    0x000000000000070c      0x16a ../Final_Project_Code_bsp/\libhal_bsp.a(altera_avalon_jtag_uart_read.o)
 .debug_line    0x0000000000000876      0x16a ../Final_Project_Code_bsp/\libhal_bsp.a(altera_avalon_jtag_uart_write.o)
 .debug_line    0x00000000000009e0       0xfa ../Final_Project_Code_bsp/\libhal_bsp.a(alt_alarm_start.o)
 .debug_line    0x0000000000000ada      0x15e ../Final_Project_Code_bsp/\libhal_bsp.a(alt_close.o)
 .debug_line    0x0000000000000c38       0x51 ../Final_Project_Code_bsp/\libhal_bsp.a(alt_dcache_flush_all.o)
 .debug_line    0x0000000000000c89       0xf0 ../Final_Project_Code_bsp/\libhal_bsp.a(alt_dev.o)
 .debug_line    0x0000000000000d79       0xd0 ../Final_Project_Code_bsp/\libhal_bsp.a(alt_dev_llist_insert.o)
 .debug_line    0x0000000000000e49       0x59 ../Final_Project_Code_bsp/\libhal_bsp.a(alt_do_ctors.o)
 .debug_line    0x0000000000000ea2       0x59 ../Final_Project_Code_bsp/\libhal_bsp.a(alt_do_dtors.o)
 .debug_line    0x0000000000000efb       0x51 ../Final_Project_Code_bsp/\libhal_bsp.a(alt_errno.o)
 .debug_line    0x0000000000000f4c       0x4f ../Final_Project_Code_bsp/\libhal_bsp.a(alt_icache_flush_all.o)
 .debug_line    0x0000000000000f9b       0xef ../Final_Project_Code_bsp/\libhal_bsp.a(alt_iic.o)
 .debug_line    0x000000000000108a       0xdb ../Final_Project_Code_bsp/\libhal_bsp.a(alt_iic_isr_register.o)
 .debug_line    0x0000000000001165      0x12d ../Final_Project_Code_bsp/\libhal_bsp.a(alt_io_redirect.o)
 .debug_line    0x0000000000001292       0x6b ../Final_Project_Code_bsp/\libhal_bsp.a(alt_irq_entry.o)
 .debug_line    0x00000000000012fd       0xaa ../Final_Project_Code_bsp/\libhal_bsp.a(alt_irq_handler.o)
 .debug_line    0x00000000000013a7       0x50 ../Final_Project_Code_bsp/\libhal_bsp.a(alt_irq_vars.o)
 .debug_line    0x00000000000013f7      0x12d ../Final_Project_Code_bsp/\libhal_bsp.a(alt_open.o)
 .debug_line    0x0000000000001524       0xb0 ../Final_Project_Code_bsp/\libhal_bsp.a(alt_release_fd.o)
 .debug_line    0x00000000000015d4       0xfe ../Final_Project_Code_bsp/\libhal_bsp.a(alt_tick.o)
 .debug_line    0x00000000000016d2       0x51 ../Final_Project_Code_bsp/\libhal_bsp.a(altera_nios2_gen2_irq.o)
 .debug_line    0x0000000000001723       0xb3 ../Final_Project_Code_bsp/\libhal_bsp.a(alt_exception_entry.o)
 .debug_line    0x00000000000017d6       0xb5 ../Final_Project_Code_bsp/\libhal_bsp.a(alt_find_dev.o)
 .debug_line    0x000000000000188b       0xd1 ../Final_Project_Code_bsp/\libhal_bsp.a(alt_find_file.o)
 .debug_line    0x000000000000195c       0xd8 ../Final_Project_Code_bsp/\libhal_bsp.a(alt_get_fd.o)
 .debug_line    0x0000000000001a34       0xb9 ../Final_Project_Code_bsp/\libhal_bsp.a(alt_instruction_exception_entry.o)
 .debug_line    0x0000000000001aed       0xe9 c:/altera/15.0/nios2eds/bin/gnu/h-x86_64-mingw32/bin/../lib/gcc/nios2-elf/4.9.1/../../../../../H-x86_64-mingw32/nios2-elf/lib/mno-hw-mul\libc.a(lib_a-atexit.o)
 .debug_line    0x0000000000001bd6      0x1fd c:/altera/15.0/nios2eds/bin/gnu/h-x86_64-mingw32/bin/../lib/gcc/nios2-elf/4.9.1/../../../../../H-x86_64-mingw32/nios2-elf/lib/mno-hw-mul\libc.a(lib_a-exit.o)
 .debug_line    0x0000000000001dd3      0x162 c:/altera/15.0/nios2eds/bin/gnu/h-x86_64-mingw32/bin/../lib/gcc/nios2-elf/4.9.1/../../../../../H-x86_64-mingw32/nios2-elf/lib/mno-hw-mul\libc.a(lib_a-impure.o)
 .debug_line    0x0000000000001f35       0x60 c:/altera/15.0/nios2eds/bin/gnu/h-x86_64-mingw32/bin/../lib/gcc/nios2-elf/4.9.1/../../../../../H-x86_64-mingw32/nios2-elf/lib/mno-hw-mul\libc.a(lib_a-int_errno.o)
 .debug_line    0x0000000000001f95      0x178 c:/altera/15.0/nios2eds/bin/gnu/h-x86_64-mingw32/bin/../lib/gcc/nios2-elf/4.9.1/../../../../../H-x86_64-mingw32/nios2-elf/lib/mno-hw-mul\libc.a(lib_a-memcmp.o)
 .debug_line    0x000000000000210d      0x187 c:/altera/15.0/nios2eds/bin/gnu/h-x86_64-mingw32/bin/../lib/gcc/nios2-elf/4.9.1/../../../../../H-x86_64-mingw32/nios2-elf/lib/mno-hw-mul\libc.a(lib_a-memcpy.o)
 .debug_line    0x0000000000002294      0x171 c:/altera/15.0/nios2eds/bin/gnu/h-x86_64-mingw32/bin/../lib/gcc/nios2-elf/4.9.1/../../../../../H-x86_64-mingw32/nios2-elf/lib/mno-hw-mul\libc.a(lib_a-strlen.o)
 .debug_line    0x0000000000002405      0x227 c:/altera/15.0/nios2eds/bin/gnu/h-x86_64-mingw32/bin/../lib/gcc/nios2-elf/4.9.1/../../../../../H-x86_64-mingw32/nios2-elf/lib/mno-hw-mul\libc.a(lib_a-__atexit.o)
 .debug_line    0x000000000000262c      0x244 c:/altera/15.0/nios2eds/bin/gnu/h-x86_64-mingw32/bin/../lib/gcc/nios2-elf/4.9.1/../../../../../H-x86_64-mingw32/nios2-elf/lib/mno-hw-mul\libc.a(lib_a-__call_atexit.o)
 .debug_line    0x0000000000002870       0x80 c:/altera/15.0/nios2eds/bin/gnu/h-x86_64-mingw32/bin/../lib/gcc/nios2-elf/4.9.1/mno-hw-mul\libgcc.a(lib2-mul.o)
 .debug_line    0x00000000000028f0       0x71 ../Final_Project_Code_bsp/\libhal_bsp.a(alt_exit.o)

.debug_frame    0x0000000000000000      0xa9c
 *(.debug_frame)
 .debug_frame   0x0000000000000000       0x2c obj/default/main.o
 .debug_frame   0x000000000000002c       0x5c ../Final_Project_Code_bsp/\libhal_bsp.a(alt_load.o)
 .debug_frame   0x0000000000000088       0x2c ../Final_Project_Code_bsp/\libhal_bsp.a(alt_main.o)
 .debug_frame   0x00000000000000b4       0x88 ../Final_Project_Code_bsp/\libhal_bsp.a(alt_sys_init.o)
 .debug_frame   0x000000000000013c       0xb0 ../Final_Project_Code_bsp/\libhal_bsp.a(altera_avalon_jtag_uart_fd.o)
 .debug_frame   0x00000000000001ec       0xa4 ../Final_Project_Code_bsp/\libhal_bsp.a(altera_avalon_jtag_uart_init.o)
 .debug_frame   0x0000000000000290       0x34 ../Final_Project_Code_bsp/\libhal_bsp.a(altera_avalon_jtag_uart_ioctl.o)
 .debug_frame   0x00000000000002c4       0x38 ../Final_Project_Code_bsp/\libhal_bsp.a(altera_avalon_jtag_uart_read.o)
 .debug_frame   0x00000000000002fc       0x38 ../Final_Project_Code_bsp/\libhal_bsp.a(altera_avalon_jtag_uart_write.o)
 .debug_frame   0x0000000000000334       0x34 ../Final_Project_Code_bsp/\libhal_bsp.a(alt_alarm_start.o)
 .debug_frame   0x0000000000000368       0x60 ../Final_Project_Code_bsp/\libhal_bsp.a(alt_close.o)
 .debug_frame   0x00000000000003c8       0x34 ../Final_Project_Code_bsp/\libhal_bsp.a(alt_dcache_flush_all.o)
 .debug_frame   0x00000000000003fc       0x34 ../Final_Project_Code_bsp/\libhal_bsp.a(alt_dev.o)
 .debug_frame   0x0000000000000430       0x60 ../Final_Project_Code_bsp/\libhal_bsp.a(alt_dev_llist_insert.o)
 .debug_frame   0x0000000000000490       0x38 ../Final_Project_Code_bsp/\libhal_bsp.a(alt_do_ctors.o)
 .debug_frame   0x00000000000004c8       0x38 ../Final_Project_Code_bsp/\libhal_bsp.a(alt_do_dtors.o)
 .debug_frame   0x0000000000000500       0x34 ../Final_Project_Code_bsp/\libhal_bsp.a(alt_icache_flush_all.o)
 .debug_frame   0x0000000000000534       0xa4 ../Final_Project_Code_bsp/\libhal_bsp.a(alt_iic.o)
 .debug_frame   0x00000000000005d8       0x38 ../Final_Project_Code_bsp/\libhal_bsp.a(alt_iic_isr_register.o)
 .debug_frame   0x0000000000000610       0x64 ../Final_Project_Code_bsp/\libhal_bsp.a(alt_io_redirect.o)
 .debug_frame   0x0000000000000674       0x38 ../Final_Project_Code_bsp/\libhal_bsp.a(alt_irq_handler.o)
 .debug_frame   0x00000000000006ac       0x8c ../Final_Project_Code_bsp/\libhal_bsp.a(alt_open.o)
 .debug_frame   0x0000000000000738       0x3c ../Final_Project_Code_bsp/\libhal_bsp.a(alt_release_fd.o)
 .debug_frame   0x0000000000000774       0x5c ../Final_Project_Code_bsp/\libhal_bsp.a(alt_tick.o)
 .debug_frame   0x00000000000007d0       0x34 ../Final_Project_Code_bsp/\libhal_bsp.a(altera_nios2_gen2_irq.o)
 .debug_frame   0x0000000000000804       0x38 ../Final_Project_Code_bsp/\libhal_bsp.a(alt_find_dev.o)
 .debug_frame   0x000000000000083c       0x38 ../Final_Project_Code_bsp/\libhal_bsp.a(alt_find_file.o)
 .debug_frame   0x0000000000000874       0x3c ../Final_Project_Code_bsp/\libhal_bsp.a(alt_get_fd.o)
 .debug_frame   0x00000000000008b0       0x5c ../Final_Project_Code_bsp/\libhal_bsp.a(alt_instruction_exception_entry.o)
 .debug_frame   0x000000000000090c       0x20 c:/altera/15.0/nios2eds/bin/gnu/h-x86_64-mingw32/bin/../lib/gcc/nios2-elf/4.9.1/../../../../../H-x86_64-mingw32/nios2-elf/lib/mno-hw-mul\libc.a(lib_a-atexit.o)
 .debug_frame   0x000000000000092c       0x28 c:/altera/15.0/nios2eds/bin/gnu/h-x86_64-mingw32/bin/../lib/gcc/nios2-elf/4.9.1/../../../../../H-x86_64-mingw32/nios2-elf/lib/mno-hw-mul\libc.a(lib_a-exit.o)
 .debug_frame   0x0000000000000954       0x20 c:/altera/15.0/nios2eds/bin/gnu/h-x86_64-mingw32/bin/../lib/gcc/nios2-elf/4.9.1/../../../../../H-x86_64-mingw32/nios2-elf/lib/mno-hw-mul\libc.a(lib_a-memcmp.o)
 .debug_frame   0x0000000000000974       0x30 c:/altera/15.0/nios2eds/bin/gnu/h-x86_64-mingw32/bin/../lib/gcc/nios2-elf/4.9.1/../../../../../H-x86_64-mingw32/nios2-elf/lib/mno-hw-mul\libc.a(lib_a-memcpy.o)
 .debug_frame   0x00000000000009a4       0x20 c:/altera/15.0/nios2eds/bin/gnu/h-x86_64-mingw32/bin/../lib/gcc/nios2-elf/4.9.1/../../../../../H-x86_64-mingw32/nios2-elf/lib/mno-hw-mul\libc.a(lib_a-strlen.o)
 .debug_frame   0x00000000000009c4       0x38 c:/altera/15.0/nios2eds/bin/gnu/h-x86_64-mingw32/bin/../lib/gcc/nios2-elf/4.9.1/../../../../../H-x86_64-mingw32/nios2-elf/lib/mno-hw-mul\libc.a(lib_a-__atexit.o)
 .debug_frame   0x00000000000009fc       0x54 c:/altera/15.0/nios2eds/bin/gnu/h-x86_64-mingw32/bin/../lib/gcc/nios2-elf/4.9.1/../../../../../H-x86_64-mingw32/nios2-elf/lib/mno-hw-mul\libc.a(lib_a-__call_atexit.o)
 .debug_frame   0x0000000000000a50       0x20 c:/altera/15.0/nios2eds/bin/gnu/h-x86_64-mingw32/bin/../lib/gcc/nios2-elf/4.9.1/mno-hw-mul\libgcc.a(lib2-mul.o)
 .debug_frame   0x0000000000000a70       0x2c ../Final_Project_Code_bsp/\libhal_bsp.a(alt_exit.o)

.debug_str      0x0000000000000000     0x1b70
 *(.debug_str)
 .debug_str     0x0000000000000000      0x113 obj/default/main.o
                                        0x158 (size before relaxing)
 .debug_str     0x0000000000000113      0x14d ../Final_Project_Code_bsp/\libhal_bsp.a(alt_load.o)
                                        0x217 (size before relaxing)
 .debug_str     0x0000000000000260       0x70 ../Final_Project_Code_bsp/\libhal_bsp.a(alt_main.o)
                                        0x1a2 (size before relaxing)
 .debug_str     0x00000000000002d0      0x1a2 ../Final_Project_Code_bsp/\libhal_bsp.a(alt_sys_init.o)
                                        0x35d (size before relaxing)
 .debug_str     0x0000000000000472       0xb9 ../Final_Project_Code_bsp/\libhal_bsp.a(altera_avalon_jtag_uart_fd.o)
                                        0x3a9 (size before relaxing)
 .debug_str     0x000000000000052b       0xd1 ../Final_Project_Code_bsp/\libhal_bsp.a(altera_avalon_jtag_uart_init.o)
                                        0x33d (size before relaxing)
 .debug_str     0x00000000000005fc       0x4a ../Final_Project_Code_bsp/\libhal_bsp.a(altera_avalon_jtag_uart_ioctl.o)
                                        0x298 (size before relaxing)
 .debug_str     0x0000000000000646       0x7f ../Final_Project_Code_bsp/\libhal_bsp.a(altera_avalon_jtag_uart_read.o)
                                        0x2ed (size before relaxing)
 .debug_str     0x00000000000006c5       0x4a ../Final_Project_Code_bsp/\libhal_bsp.a(altera_avalon_jtag_uart_write.o)
                                        0x2ee (size before relaxing)
 .debug_str     0x000000000000070f       0x59 ../Final_Project_Code_bsp/\libhal_bsp.a(alt_alarm_start.o)
                                        0x283 (size before relaxing)
 .debug_str     0x0000000000000768       0x44 ../Final_Project_Code_bsp/\libhal_bsp.a(alt_close.o)
                                        0x210 (size before relaxing)
 .debug_str     0x00000000000007ac       0x34 ../Final_Project_Code_bsp/\libhal_bsp.a(alt_dcache_flush_all.o)
                                        0x15a (size before relaxing)
 .debug_str     0x00000000000007e0      0x120 ../Final_Project_Code_bsp/\libhal_bsp.a(alt_dev.o)
                                        0x30a (size before relaxing)
 .debug_str     0x0000000000000900       0x34 ../Final_Project_Code_bsp/\libhal_bsp.a(alt_dev_llist_insert.o)
                                        0x1d1 (size before relaxing)
 .debug_str     0x0000000000000934       0x48 ../Final_Project_Code_bsp/\libhal_bsp.a(alt_do_ctors.o)
                                         0xe1 (size before relaxing)
 .debug_str     0x000000000000097c       0x4c ../Final_Project_Code_bsp/\libhal_bsp.a(alt_do_dtors.o)
                                         0xe0 (size before relaxing)
 .debug_str     0x00000000000009c8       0x14 ../Final_Project_Code_bsp/\libhal_bsp.a(alt_errno.o)
                                        0x14a (size before relaxing)
 .debug_str     0x00000000000009dc       0x34 ../Final_Project_Code_bsp/\libhal_bsp.a(alt_icache_flush_all.o)
                                        0x15a (size before relaxing)
 .debug_str     0x0000000000000a10       0xc4 ../Final_Project_Code_bsp/\libhal_bsp.a(alt_iic.o)
                                        0x243 (size before relaxing)
 .debug_str     0x0000000000000ad4       0x4c ../Final_Project_Code_bsp/\libhal_bsp.a(alt_iic_isr_register.o)
                                        0x1ed (size before relaxing)
 .debug_str     0x0000000000000b20       0x56 ../Final_Project_Code_bsp/\libhal_bsp.a(alt_io_redirect.o)
                                        0x31b (size before relaxing)
 .debug_str     0x0000000000000b76       0x3a ../Final_Project_Code_bsp/\libhal_bsp.a(alt_irq_handler.o)
                                        0x19c (size before relaxing)
 .debug_str     0x0000000000000bb0       0x17 ../Final_Project_Code_bsp/\libhal_bsp.a(alt_irq_vars.o)
                                        0x14b (size before relaxing)
 .debug_str     0x0000000000000bc7       0x2f ../Final_Project_Code_bsp/\libhal_bsp.a(alt_open.o)
                                        0x250 (size before relaxing)
 .debug_str     0x0000000000000bf6       0x28 ../Final_Project_Code_bsp/\libhal_bsp.a(alt_release_fd.o)
                                        0x1e4 (size before relaxing)
 .debug_str     0x0000000000000c1e       0x4a ../Final_Project_Code_bsp/\libhal_bsp.a(alt_tick.o)
                                        0x257 (size before relaxing)
 .debug_str     0x0000000000000c68       0x3b ../Final_Project_Code_bsp/\libhal_bsp.a(altera_nios2_gen2_irq.o)
                                        0x161 (size before relaxing)
 .debug_str     0x0000000000000ca3       0x24 ../Final_Project_Code_bsp/\libhal_bsp.a(alt_find_dev.o)
                                        0x1f1 (size before relaxing)
 .debug_str     0x0000000000000cc7       0x26 ../Final_Project_Code_bsp/\libhal_bsp.a(alt_find_file.o)
                                        0x1ff (size before relaxing)
 .debug_str     0x0000000000000ced       0x30 ../Final_Project_Code_bsp/\libhal_bsp.a(alt_get_fd.o)
                                        0x221 (size before relaxing)
 .debug_str     0x0000000000000d1d      0x48b ../Final_Project_Code_bsp/\libhal_bsp.a(alt_instruction_exception_entry.o)
                                        0x5a4 (size before relaxing)
 .debug_str     0x00000000000011a8      0x14c c:/altera/15.0/nios2eds/bin/gnu/h-x86_64-mingw32/bin/../lib/gcc/nios2-elf/4.9.1/../../../../../H-x86_64-mingw32/nios2-elf/lib/mno-hw-mul\libc.a(lib_a-atexit.o)
                                        0x1e5 (size before relaxing)
 .debug_str     0x00000000000012f4      0x3b6 c:/altera/15.0/nios2eds/bin/gnu/h-x86_64-mingw32/bin/../lib/gcc/nios2-elf/4.9.1/../../../../../H-x86_64-mingw32/nios2-elf/lib/mno-hw-mul\libc.a(lib_a-exit.o)
                                        0x57b (size before relaxing)
 .debug_str     0x00000000000016aa       0xd7 c:/altera/15.0/nios2eds/bin/gnu/h-x86_64-mingw32/bin/../lib/gcc/nios2-elf/4.9.1/../../../../../H-x86_64-mingw32/nios2-elf/lib/mno-hw-mul\libc.a(lib_a-impure.o)
                                        0x572 (size before relaxing)
 .debug_str     0x0000000000001781       0x40 c:/altera/15.0/nios2eds/bin/gnu/h-x86_64-mingw32/bin/../lib/gcc/nios2-elf/4.9.1/../../../../../H-x86_64-mingw32/nios2-elf/lib/mno-hw-mul\libc.a(lib_a-int_errno.o)
                                        0x1a1 (size before relaxing)
 .debug_str     0x00000000000017c1       0xdb c:/altera/15.0/nios2eds/bin/gnu/h-x86_64-mingw32/bin/../lib/gcc/nios2-elf/4.9.1/../../../../../H-x86_64-mingw32/nios2-elf/lib/mno-hw-mul\libc.a(lib_a-memcmp.o)
                                        0x1a8 (size before relaxing)
 .debug_str     0x000000000000189c       0x6c c:/altera/15.0/nios2eds/bin/gnu/h-x86_64-mingw32/bin/../lib/gcc/nios2-elf/4.9.1/../../../../../H-x86_64-mingw32/nios2-elf/lib/mno-hw-mul\libc.a(lib_a-memcpy.o)
                                        0x1cf (size before relaxing)
 .debug_str     0x0000000000001908       0x52 c:/altera/15.0/nios2eds/bin/gnu/h-x86_64-mingw32/bin/../lib/gcc/nios2-elf/4.9.1/../../../../../H-x86_64-mingw32/nios2-elf/lib/mno-hw-mul\libc.a(lib_a-strlen.o)
                                        0x1bb (size before relaxing)
 .debug_str     0x000000000000195a       0x4e c:/altera/15.0/nios2eds/bin/gnu/h-x86_64-mingw32/bin/../lib/gcc/nios2-elf/4.9.1/../../../../../H-x86_64-mingw32/nios2-elf/lib/mno-hw-mul\libc.a(lib_a-__atexit.o)
                                        0x5c8 (size before relaxing)
 .debug_str     0x00000000000019a8       0x58 c:/altera/15.0/nios2eds/bin/gnu/h-x86_64-mingw32/bin/../lib/gcc/nios2-elf/4.9.1/../../../../../H-x86_64-mingw32/nios2-elf/lib/mno-hw-mul\libc.a(lib_a-__call_atexit.o)
                                        0x591 (size before relaxing)
 .debug_str     0x0000000000001a00      0x146 c:/altera/15.0/nios2eds/bin/gnu/h-x86_64-mingw32/bin/../lib/gcc/nios2-elf/4.9.1/mno-hw-mul\libgcc.a(lib2-mul.o)
                                        0x191 (size before relaxing)
 .debug_str     0x0000000000001b46       0x2a ../Final_Project_Code_bsp/\libhal_bsp.a(alt_exit.o)
                                        0x156 (size before relaxing)

.debug_loc      0x0000000000000000      0x817
 *(.debug_loc)
 .debug_loc     0x0000000000000000       0x2c c:/altera/15.0/nios2eds/bin/gnu/h-x86_64-mingw32/bin/../lib/gcc/nios2-elf/4.9.1/../../../../../H-x86_64-mingw32/nios2-elf/lib/mno-hw-mul\libc.a(lib_a-atexit.o)
 .debug_loc     0x000000000000002c       0x1e c:/altera/15.0/nios2eds/bin/gnu/h-x86_64-mingw32/bin/../lib/gcc/nios2-elf/4.9.1/../../../../../H-x86_64-mingw32/nios2-elf/lib/mno-hw-mul\libc.a(lib_a-exit.o)
 .debug_loc     0x000000000000004a      0x126 c:/altera/15.0/nios2eds/bin/gnu/h-x86_64-mingw32/bin/../lib/gcc/nios2-elf/4.9.1/../../../../../H-x86_64-mingw32/nios2-elf/lib/mno-hw-mul\libc.a(lib_a-memcmp.o)
 .debug_loc     0x0000000000000170      0x2a2 c:/altera/15.0/nios2eds/bin/gnu/h-x86_64-mingw32/bin/../lib/gcc/nios2-elf/4.9.1/../../../../../H-x86_64-mingw32/nios2-elf/lib/mno-hw-mul\libc.a(lib_a-memcpy.o)
 .debug_loc     0x0000000000000412       0x47 c:/altera/15.0/nios2eds/bin/gnu/h-x86_64-mingw32/bin/../lib/gcc/nios2-elf/4.9.1/../../../../../H-x86_64-mingw32/nios2-elf/lib/mno-hw-mul\libc.a(lib_a-strlen.o)
 .debug_loc     0x0000000000000459      0x185 c:/altera/15.0/nios2eds/bin/gnu/h-x86_64-mingw32/bin/../lib/gcc/nios2-elf/4.9.1/../../../../../H-x86_64-mingw32/nios2-elf/lib/mno-hw-mul\libc.a(lib_a-__atexit.o)
 .debug_loc     0x00000000000005de      0x1a6 c:/altera/15.0/nios2eds/bin/gnu/h-x86_64-mingw32/bin/../lib/gcc/nios2-elf/4.9.1/../../../../../H-x86_64-mingw32/nios2-elf/lib/mno-hw-mul\libc.a(lib_a-__call_atexit.o)
 .debug_loc     0x0000000000000784       0x93 c:/altera/15.0/nios2eds/bin/gnu/h-x86_64-mingw32/bin/../lib/gcc/nios2-elf/4.9.1/mno-hw-mul\libgcc.a(lib2-mul.o)

.debug_macinfo
 *(.debug_macinfo)

.debug_weaknames
 *(.debug_weaknames)

.debug_funcnames
 *(.debug_funcnames)

.debug_typenames
 *(.debug_typenames)

.debug_varnames
 *(.debug_varnames)

.debug_alt_sim_info
                0x0000000000000000       0x10
 *(.debug_alt_sim_info)
 .debug_alt_sim_info
                0x0000000000000000       0x10 ../Final_Project_Code_bsp//obj/HAL/src/crt0.o
                0x000000000000fa00                __alt_data_end = 0xfa00
                0x000000000000fa00                PROVIDE (__alt_stack_pointer, __alt_data_end)
                0x00000000000053e0                PROVIDE (__alt_stack_limit, __alt_stack_base)
                0x00000000000053e0                PROVIDE (__alt_heap_start, end)
                0x000000000000fa00                PROVIDE (__alt_heap_limit, 0xfa00)
OUTPUT(Final_Project_Code.elf elf32-littlenios2)

.debug_ranges   0x0000000000000000       0xb8
 .debug_ranges  0x0000000000000000       0x20 ../Final_Project_Code_bsp//obj/HAL/src/crt0.o
 .debug_ranges  0x0000000000000020       0x28 ../Final_Project_Code_bsp/\libhal_bsp.a(alt_irq_entry.o)
 .debug_ranges  0x0000000000000048       0x10 ../Final_Project_Code_bsp/\libhal_bsp.a(alt_irq_handler.o)
 .debug_ranges  0x0000000000000058       0x30 ../Final_Project_Code_bsp/\libhal_bsp.a(alt_exception_entry.o)
 .debug_ranges  0x0000000000000088       0x18 ../Final_Project_Code_bsp/\libhal_bsp.a(alt_instruction_exception_entry.o)
 .debug_ranges  0x00000000000000a0       0x18 c:/altera/15.0/nios2eds/bin/gnu/h-x86_64-mingw32/bin/../lib/gcc/nios2-elf/4.9.1/../../../../../H-x86_64-mingw32/nios2-elf/lib/mno-hw-mul\libc.a(lib_a-__call_atexit.o)
